Archive member included to satisfy reference by file (symbol)

f:/st/stm32cubeide_1.4.0/stm32cubeide/plugins/com.st.stm32cube.ide.mcu.externaltools.gnu-tools-for-stm32.7-2018-q2-update.win32_1.4.0.202007081208/tools/bin/../lib/gcc/arm-none-eabi/7.3.1/../../../../arm-none-eabi/lib/thumb/v7-m\libc_nano.a(lib_a-errno.o)
                              Src/syscalls.o (__errno)
f:/st/stm32cubeide_1.4.0/stm32cubeide/plugins/com.st.stm32cube.ide.mcu.externaltools.gnu-tools-for-stm32.7-2018-q2-update.win32_1.4.0.202007081208/tools/bin/../lib/gcc/arm-none-eabi/7.3.1/../../../../arm-none-eabi/lib/thumb/v7-m\libc_nano.a(lib_a-exit.o)
                              f:/st/stm32cubeide_1.4.0/stm32cubeide/plugins/com.st.stm32cube.ide.mcu.externaltools.gnu-tools-for-stm32.7-2018-q2-update.win32_1.4.0.202007081208/tools/bin/../lib/gcc/arm-none-eabi/7.3.1/../../../../arm-none-eabi/lib/thumb/v7-m/crt0.o (exit)
f:/st/stm32cubeide_1.4.0/stm32cubeide/plugins/com.st.stm32cube.ide.mcu.externaltools.gnu-tools-for-stm32.7-2018-q2-update.win32_1.4.0.202007081208/tools/bin/../lib/gcc/arm-none-eabi/7.3.1/../../../../arm-none-eabi/lib/thumb/v7-m\libc_nano.a(lib_a-impure.o)
                              f:/st/stm32cubeide_1.4.0/stm32cubeide/plugins/com.st.stm32cube.ide.mcu.externaltools.gnu-tools-for-stm32.7-2018-q2-update.win32_1.4.0.202007081208/tools/bin/../lib/gcc/arm-none-eabi/7.3.1/../../../../arm-none-eabi/lib/thumb/v7-m\libc_nano.a(lib_a-exit.o) (_global_impure_ptr)
f:/st/stm32cubeide_1.4.0/stm32cubeide/plugins/com.st.stm32cube.ide.mcu.externaltools.gnu-tools-for-stm32.7-2018-q2-update.win32_1.4.0.202007081208/tools/bin/../lib/gcc/arm-none-eabi/7.3.1/../../../../arm-none-eabi/lib/thumb/v7-m\libc_nano.a(lib_a-init.o)
                              f:/st/stm32cubeide_1.4.0/stm32cubeide/plugins/com.st.stm32cube.ide.mcu.externaltools.gnu-tools-for-stm32.7-2018-q2-update.win32_1.4.0.202007081208/tools/bin/../lib/gcc/arm-none-eabi/7.3.1/../../../../arm-none-eabi/lib/thumb/v7-m/crt0.o (__libc_init_array)
f:/st/stm32cubeide_1.4.0/stm32cubeide/plugins/com.st.stm32cube.ide.mcu.externaltools.gnu-tools-for-stm32.7-2018-q2-update.win32_1.4.0.202007081208/tools/bin/../lib/gcc/arm-none-eabi/7.3.1/../../../../arm-none-eabi/lib/thumb/v7-m\libc_nano.a(lib_a-memset.o)
                              f:/st/stm32cubeide_1.4.0/stm32cubeide/plugins/com.st.stm32cube.ide.mcu.externaltools.gnu-tools-for-stm32.7-2018-q2-update.win32_1.4.0.202007081208/tools/bin/../lib/gcc/arm-none-eabi/7.3.1/../../../../arm-none-eabi/lib/thumb/v7-m/crt0.o (memset)
f:/st/stm32cubeide_1.4.0/stm32cubeide/plugins/com.st.stm32cube.ide.mcu.externaltools.gnu-tools-for-stm32.7-2018-q2-update.win32_1.4.0.202007081208/tools/bin/../lib/gcc/arm-none-eabi/7.3.1/../../../../arm-none-eabi/lib/thumb/v7-m\libc_nano.a(lib_a-strcmp.o)
                              AOES_RTOS/scheduler.o (strcmp)

Allocating common symbols
Common symbol       size              file

Task4_led           0x1               Src/main.o
Task4               0x44              Src/main.o
Ready_Queue         0x14              AOES_RTOS/scheduler.o
idleTaskLED         0x1               AOES_RTOS/scheduler.o
AOES_idleTask       0x44              AOES_RTOS/scheduler.o
OS_Control          0x1ac             AOES_RTOS/scheduler.o
Systick_led         0x1               AOES_RTOS/CortexMX_OS_porting.o
Task1               0x44              Src/main.o
Task3_led           0x1               Src/main.o
Task3               0x44              Src/main.o
Task2               0x44              Src/main.o
Task1_led           0x1               Src/main.o
mutex1              0x30              Src/main.o
Task2_led           0x1               Src/main.o
Ready_Queue_FIFO    0x190             AOES_RTOS/scheduler.o

Discarded input sections

 .text          0x0000000000000000        0x0 f:/st/stm32cubeide_1.4.0/stm32cubeide/plugins/com.st.stm32cube.ide.mcu.externaltools.gnu-tools-for-stm32.7-2018-q2-update.win32_1.4.0.202007081208/tools/bin/../lib/gcc/arm-none-eabi/7.3.1/thumb/v7-m/crti.o
 .data          0x0000000000000000        0x0 f:/st/stm32cubeide_1.4.0/stm32cubeide/plugins/com.st.stm32cube.ide.mcu.externaltools.gnu-tools-for-stm32.7-2018-q2-update.win32_1.4.0.202007081208/tools/bin/../lib/gcc/arm-none-eabi/7.3.1/thumb/v7-m/crti.o
 .bss           0x0000000000000000        0x0 f:/st/stm32cubeide_1.4.0/stm32cubeide/plugins/com.st.stm32cube.ide.mcu.externaltools.gnu-tools-for-stm32.7-2018-q2-update.win32_1.4.0.202007081208/tools/bin/../lib/gcc/arm-none-eabi/7.3.1/thumb/v7-m/crti.o
 .data          0x0000000000000000        0x4 f:/st/stm32cubeide_1.4.0/stm32cubeide/plugins/com.st.stm32cube.ide.mcu.externaltools.gnu-tools-for-stm32.7-2018-q2-update.win32_1.4.0.202007081208/tools/bin/../lib/gcc/arm-none-eabi/7.3.1/thumb/v7-m/crtbegin.o
 .text          0x0000000000000000       0x74 f:/st/stm32cubeide_1.4.0/stm32cubeide/plugins/com.st.stm32cube.ide.mcu.externaltools.gnu-tools-for-stm32.7-2018-q2-update.win32_1.4.0.202007081208/tools/bin/../lib/gcc/arm-none-eabi/7.3.1/../../../../arm-none-eabi/lib/thumb/v7-m/crt0.o
 .data          0x0000000000000000        0x0 f:/st/stm32cubeide_1.4.0/stm32cubeide/plugins/com.st.stm32cube.ide.mcu.externaltools.gnu-tools-for-stm32.7-2018-q2-update.win32_1.4.0.202007081208/tools/bin/../lib/gcc/arm-none-eabi/7.3.1/../../../../arm-none-eabi/lib/thumb/v7-m/crt0.o
 .bss           0x0000000000000000        0x0 f:/st/stm32cubeide_1.4.0/stm32cubeide/plugins/com.st.stm32cube.ide.mcu.externaltools.gnu-tools-for-stm32.7-2018-q2-update.win32_1.4.0.202007081208/tools/bin/../lib/gcc/arm-none-eabi/7.3.1/../../../../arm-none-eabi/lib/thumb/v7-m/crt0.o
 .ARM.extab     0x0000000000000000        0x0 f:/st/stm32cubeide_1.4.0/stm32cubeide/plugins/com.st.stm32cube.ide.mcu.externaltools.gnu-tools-for-stm32.7-2018-q2-update.win32_1.4.0.202007081208/tools/bin/../lib/gcc/arm-none-eabi/7.3.1/../../../../arm-none-eabi/lib/thumb/v7-m/crt0.o
 .ARM.exidx     0x0000000000000000        0x8 f:/st/stm32cubeide_1.4.0/stm32cubeide/plugins/com.st.stm32cube.ide.mcu.externaltools.gnu-tools-for-stm32.7-2018-q2-update.win32_1.4.0.202007081208/tools/bin/../lib/gcc/arm-none-eabi/7.3.1/../../../../arm-none-eabi/lib/thumb/v7-m/crt0.o
 .ARM.attributes
                0x0000000000000000       0x1b f:/st/stm32cubeide_1.4.0/stm32cubeide/plugins/com.st.stm32cube.ide.mcu.externaltools.gnu-tools-for-stm32.7-2018-q2-update.win32_1.4.0.202007081208/tools/bin/../lib/gcc/arm-none-eabi/7.3.1/../../../../arm-none-eabi/lib/thumb/v7-m/crt0.o
 .group         0x0000000000000000        0xc AOES_RTOS/AOES_FIFO.o
 .group         0x0000000000000000        0xc AOES_RTOS/AOES_FIFO.o
 .group         0x0000000000000000        0xc AOES_RTOS/AOES_FIFO.o
 .group         0x0000000000000000        0xc AOES_RTOS/AOES_FIFO.o
 .group         0x0000000000000000        0xc AOES_RTOS/AOES_FIFO.o
 .group         0x0000000000000000        0xc AOES_RTOS/AOES_FIFO.o
 .group         0x0000000000000000        0xc AOES_RTOS/AOES_FIFO.o
 .group         0x0000000000000000        0xc AOES_RTOS/AOES_FIFO.o
 .group         0x0000000000000000        0xc AOES_RTOS/AOES_FIFO.o
 .group         0x0000000000000000        0xc AOES_RTOS/AOES_FIFO.o
 .group         0x0000000000000000        0xc AOES_RTOS/AOES_FIFO.o
 .group         0x0000000000000000        0xc AOES_RTOS/AOES_FIFO.o
 .group         0x0000000000000000        0xc AOES_RTOS/AOES_FIFO.o
 .group         0x0000000000000000        0xc AOES_RTOS/AOES_FIFO.o
 .group         0x0000000000000000        0xc AOES_RTOS/AOES_FIFO.o
 .group         0x0000000000000000        0xc AOES_RTOS/AOES_FIFO.o
 .group         0x0000000000000000        0xc AOES_RTOS/AOES_FIFO.o
 .group         0x0000000000000000        0xc AOES_RTOS/AOES_FIFO.o
 .group         0x0000000000000000        0xc AOES_RTOS/AOES_FIFO.o
 .group         0x0000000000000000        0xc AOES_RTOS/AOES_FIFO.o
 .group         0x0000000000000000        0xc AOES_RTOS/AOES_FIFO.o
 .group         0x0000000000000000        0xc AOES_RTOS/AOES_FIFO.o
 .group         0x0000000000000000        0xc AOES_RTOS/AOES_FIFO.o
 .group         0x0000000000000000        0xc AOES_RTOS/AOES_FIFO.o
 .group         0x0000000000000000        0xc AOES_RTOS/AOES_FIFO.o
 .group         0x0000000000000000        0xc AOES_RTOS/AOES_FIFO.o
 .group         0x0000000000000000        0xc AOES_RTOS/AOES_FIFO.o
 .group         0x0000000000000000        0xc AOES_RTOS/AOES_FIFO.o
 .group         0x0000000000000000        0xc AOES_RTOS/AOES_FIFO.o
 .group         0x0000000000000000        0xc AOES_RTOS/AOES_FIFO.o
 .group         0x0000000000000000        0xc AOES_RTOS/AOES_FIFO.o
 .group         0x0000000000000000        0xc AOES_RTOS/AOES_FIFO.o
 .group         0x0000000000000000        0xc AOES_RTOS/AOES_FIFO.o
 .group         0x0000000000000000        0xc AOES_RTOS/AOES_FIFO.o
 .group         0x0000000000000000        0xc AOES_RTOS/AOES_FIFO.o
 .group         0x0000000000000000        0xc AOES_RTOS/AOES_FIFO.o
 .group         0x0000000000000000        0xc AOES_RTOS/AOES_FIFO.o
 .group         0x0000000000000000        0xc AOES_RTOS/AOES_FIFO.o
 .group         0x0000000000000000        0xc AOES_RTOS/AOES_FIFO.o
 .text          0x0000000000000000        0x0 AOES_RTOS/AOES_FIFO.o
 .data          0x0000000000000000        0x0 AOES_RTOS/AOES_FIFO.o
 .bss           0x0000000000000000        0x0 AOES_RTOS/AOES_FIFO.o
 .text.FIFO_is_full
                0x0000000000000000       0x40 AOES_RTOS/AOES_FIFO.o
 .text.FIFO_print
                0x0000000000000000       0x12 AOES_RTOS/AOES_FIFO.o
 .group         0x0000000000000000        0xc AOES_RTOS/CortexMX_OS_porting.o
 .group         0x0000000000000000        0xc AOES_RTOS/CortexMX_OS_porting.o
 .group         0x0000000000000000        0xc AOES_RTOS/CortexMX_OS_porting.o
 .group         0x0000000000000000        0xc AOES_RTOS/CortexMX_OS_porting.o
 .group         0x0000000000000000        0xc AOES_RTOS/CortexMX_OS_porting.o
 .group         0x0000000000000000        0xc AOES_RTOS/CortexMX_OS_porting.o
 .group         0x0000000000000000        0xc AOES_RTOS/CortexMX_OS_porting.o
 .group         0x0000000000000000        0xc AOES_RTOS/CortexMX_OS_porting.o
 .group         0x0000000000000000        0xc AOES_RTOS/CortexMX_OS_porting.o
 .group         0x0000000000000000        0xc AOES_RTOS/CortexMX_OS_porting.o
 .group         0x0000000000000000        0xc AOES_RTOS/CortexMX_OS_porting.o
 .group         0x0000000000000000        0xc AOES_RTOS/CortexMX_OS_porting.o
 .group         0x0000000000000000        0xc AOES_RTOS/CortexMX_OS_porting.o
 .group         0x0000000000000000        0xc AOES_RTOS/CortexMX_OS_porting.o
 .text          0x0000000000000000        0x0 AOES_RTOS/CortexMX_OS_porting.o
 .data          0x0000000000000000        0x0 AOES_RTOS/CortexMX_OS_porting.o
 .bss           0x0000000000000000        0x0 AOES_RTOS/CortexMX_OS_porting.o
 .debug_macro   0x0000000000000000      0xa60 AOES_RTOS/CortexMX_OS_porting.o
 .debug_macro   0x0000000000000000       0x28 AOES_RTOS/CortexMX_OS_porting.o
 .debug_macro   0x0000000000000000       0x22 AOES_RTOS/CortexMX_OS_porting.o
 .debug_macro   0x0000000000000000       0xef AOES_RTOS/CortexMX_OS_porting.o
 .debug_macro   0x0000000000000000       0x6a AOES_RTOS/CortexMX_OS_porting.o
 .debug_macro   0x0000000000000000      0x1df AOES_RTOS/CortexMX_OS_porting.o
 .debug_macro   0x0000000000000000       0x1c AOES_RTOS/CortexMX_OS_porting.o
 .debug_macro   0x0000000000000000       0x22 AOES_RTOS/CortexMX_OS_porting.o
 .debug_macro   0x0000000000000000      0xe2e AOES_RTOS/CortexMX_OS_porting.o
 .debug_macro   0x0000000000000000      0x11f AOES_RTOS/CortexMX_OS_porting.o
 .debug_macro   0x0000000000000000       0x2e AOES_RTOS/CortexMX_OS_porting.o
 .group         0x0000000000000000        0xc AOES_RTOS/scheduler.o
 .group         0x0000000000000000        0xc AOES_RTOS/scheduler.o
 .group         0x0000000000000000        0xc AOES_RTOS/scheduler.o
 .group         0x0000000000000000        0xc AOES_RTOS/scheduler.o
 .group         0x0000000000000000        0xc AOES_RTOS/scheduler.o
 .group         0x0000000000000000        0xc AOES_RTOS/scheduler.o
 .group         0x0000000000000000        0xc AOES_RTOS/scheduler.o
 .group         0x0000000000000000        0xc AOES_RTOS/scheduler.o
 .group         0x0000000000000000        0xc AOES_RTOS/scheduler.o
 .group         0x0000000000000000        0xc AOES_RTOS/scheduler.o
 .group         0x0000000000000000        0xc AOES_RTOS/scheduler.o
 .group         0x0000000000000000        0xc AOES_RTOS/scheduler.o
 .group         0x0000000000000000        0xc AOES_RTOS/scheduler.o
 .group         0x0000000000000000        0xc AOES_RTOS/scheduler.o
 .group         0x0000000000000000        0xc AOES_RTOS/scheduler.o
 .group         0x0000000000000000        0xc AOES_RTOS/scheduler.o
 .group         0x0000000000000000        0xc AOES_RTOS/scheduler.o
 .group         0x0000000000000000        0xc AOES_RTOS/scheduler.o
 .group         0x0000000000000000        0xc AOES_RTOS/scheduler.o
 .group         0x0000000000000000        0xc AOES_RTOS/scheduler.o
 .group         0x0000000000000000        0xc AOES_RTOS/scheduler.o
 .group         0x0000000000000000        0xc AOES_RTOS/scheduler.o
 .group         0x0000000000000000        0xc AOES_RTOS/scheduler.o
 .group         0x0000000000000000        0xc AOES_RTOS/scheduler.o
 .group         0x0000000000000000        0xc AOES_RTOS/scheduler.o
 .group         0x0000000000000000        0xc AOES_RTOS/scheduler.o
 .group         0x0000000000000000        0xc AOES_RTOS/scheduler.o
 .group         0x0000000000000000        0xc AOES_RTOS/scheduler.o
 .group         0x0000000000000000        0xc AOES_RTOS/scheduler.o
 .group         0x0000000000000000        0xc AOES_RTOS/scheduler.o
 .group         0x0000000000000000        0xc AOES_RTOS/scheduler.o
 .group         0x0000000000000000        0xc AOES_RTOS/scheduler.o
 .group         0x0000000000000000        0xc AOES_RTOS/scheduler.o
 .group         0x0000000000000000        0xc AOES_RTOS/scheduler.o
 .group         0x0000000000000000        0xc AOES_RTOS/scheduler.o
 .group         0x0000000000000000        0xc AOES_RTOS/scheduler.o
 .group         0x0000000000000000        0xc AOES_RTOS/scheduler.o
 .group         0x0000000000000000        0xc AOES_RTOS/scheduler.o
 .group         0x0000000000000000        0xc AOES_RTOS/scheduler.o
 .text          0x0000000000000000        0x0 AOES_RTOS/scheduler.o
 .data          0x0000000000000000        0x0 AOES_RTOS/scheduler.o
 .bss           0x0000000000000000        0x0 AOES_RTOS/scheduler.o
 .text.AOES_TaskWait
                0x0000000000000000       0x2e AOES_RTOS/scheduler.o
 .debug_macro   0x0000000000000000      0xa60 AOES_RTOS/scheduler.o
 .debug_macro   0x0000000000000000       0x28 AOES_RTOS/scheduler.o
 .debug_macro   0x0000000000000000       0x22 AOES_RTOS/scheduler.o
 .debug_macro   0x0000000000000000       0x8e AOES_RTOS/scheduler.o
 .debug_macro   0x0000000000000000       0x51 AOES_RTOS/scheduler.o
 .debug_macro   0x0000000000000000       0xef AOES_RTOS/scheduler.o
 .debug_macro   0x0000000000000000       0x6a AOES_RTOS/scheduler.o
 .debug_macro   0x0000000000000000      0x1df AOES_RTOS/scheduler.o
 .debug_macro   0x0000000000000000       0x1c AOES_RTOS/scheduler.o
 .debug_macro   0x0000000000000000       0x22 AOES_RTOS/scheduler.o
 .debug_macro   0x0000000000000000       0xe5 AOES_RTOS/scheduler.o
 .debug_macro   0x0000000000000000      0xe2e AOES_RTOS/scheduler.o
 .debug_macro   0x0000000000000000      0x11f AOES_RTOS/scheduler.o
 .debug_macro   0x0000000000000000       0x2e AOES_RTOS/scheduler.o
 .debug_macro   0x0000000000000000       0x18 AOES_RTOS/scheduler.o
 .debug_macro   0x0000000000000000       0x3c AOES_RTOS/scheduler.o
 .debug_macro   0x0000000000000000       0x34 AOES_RTOS/scheduler.o
 .debug_macro   0x0000000000000000       0x16 AOES_RTOS/scheduler.o
 .debug_macro   0x0000000000000000       0x97 AOES_RTOS/scheduler.o
 .debug_macro   0x0000000000000000       0xfd AOES_RTOS/scheduler.o
 .debug_macro   0x0000000000000000       0x10 AOES_RTOS/scheduler.o
 .debug_macro   0x0000000000000000       0x52 AOES_RTOS/scheduler.o
 .debug_macro   0x0000000000000000       0x1f AOES_RTOS/scheduler.o
 .debug_macro   0x0000000000000000       0x43 AOES_RTOS/scheduler.o
 .debug_macro   0x0000000000000000       0x20 AOES_RTOS/scheduler.o
 .debug_macro   0x0000000000000000      0x1a3 AOES_RTOS/scheduler.o
 .debug_macro   0x0000000000000000       0x10 AOES_RTOS/scheduler.o
 .debug_macro   0x0000000000000000       0x1c AOES_RTOS/scheduler.o
 .debug_macro   0x0000000000000000       0x52 AOES_RTOS/scheduler.o
 .debug_macro   0x0000000000000000       0x40 AOES_RTOS/scheduler.o
 .debug_macro   0x0000000000000000       0x10 AOES_RTOS/scheduler.o
 .debug_macro   0x0000000000000000       0x40 AOES_RTOS/scheduler.o
 .debug_macro   0x0000000000000000       0xd7 AOES_RTOS/scheduler.o
 .debug_macro   0x0000000000000000       0x1c AOES_RTOS/scheduler.o
 .debug_macro   0x0000000000000000       0x3d AOES_RTOS/scheduler.o
 .debug_macro   0x0000000000000000       0x16 AOES_RTOS/scheduler.o
 .debug_macro   0x0000000000000000      0x145 AOES_RTOS/scheduler.o
 .group         0x0000000000000000        0xc Src/main.o
 .group         0x0000000000000000        0xc Src/main.o
 .group         0x0000000000000000        0xc Src/main.o
 .group         0x0000000000000000        0xc Src/main.o
 .group         0x0000000000000000        0xc Src/main.o
 .group         0x0000000000000000        0xc Src/main.o
 .group         0x0000000000000000        0xc Src/main.o
 .group         0x0000000000000000        0xc Src/main.o
 .group         0x0000000000000000        0xc Src/main.o
 .group         0x0000000000000000        0xc Src/main.o
 .group         0x0000000000000000        0xc Src/main.o
 .group         0x0000000000000000        0xc Src/main.o
 .group         0x0000000000000000        0xc Src/main.o
 .group         0x0000000000000000        0xc Src/main.o
 .group         0x0000000000000000        0xc Src/main.o
 .group         0x0000000000000000        0xc Src/main.o
 .group         0x0000000000000000        0xc Src/main.o
 .group         0x0000000000000000        0xc Src/main.o
 .group         0x0000000000000000        0xc Src/main.o
 .group         0x0000000000000000        0xc Src/main.o
 .group         0x0000000000000000        0xc Src/main.o
 .group         0x0000000000000000        0xc Src/main.o
 .group         0x0000000000000000        0xc Src/main.o
 .group         0x0000000000000000        0xc Src/main.o
 .group         0x0000000000000000        0xc Src/main.o
 .group         0x0000000000000000        0xc Src/main.o
 .group         0x0000000000000000        0xc Src/main.o
 .group         0x0000000000000000        0xc Src/main.o
 .group         0x0000000000000000        0xc Src/main.o
 .group         0x0000000000000000        0xc Src/main.o
 .group         0x0000000000000000        0xc Src/main.o
 .group         0x0000000000000000        0xc Src/main.o
 .group         0x0000000000000000        0xc Src/main.o
 .group         0x0000000000000000        0xc Src/main.o
 .group         0x0000000000000000        0xc Src/main.o
 .group         0x0000000000000000        0xc Src/main.o
 .group         0x0000000000000000        0xc Src/main.o
 .group         0x0000000000000000        0xc Src/main.o
 .group         0x0000000000000000        0xc Src/main.o
 .text          0x0000000000000000        0x0 Src/main.o
 .data          0x0000000000000000        0x0 Src/main.o
 .bss           0x0000000000000000        0x0 Src/main.o
 .text.task3    0x0000000000000000       0x28 Src/main.o
 .debug_macro   0x0000000000000000      0xa60 Src/main.o
 .debug_macro   0x0000000000000000       0x28 Src/main.o
 .debug_macro   0x0000000000000000       0x22 Src/main.o
 .debug_macro   0x0000000000000000       0x8e Src/main.o
 .debug_macro   0x0000000000000000       0x51 Src/main.o
 .debug_macro   0x0000000000000000       0xef Src/main.o
 .debug_macro   0x0000000000000000       0x6a Src/main.o
 .debug_macro   0x0000000000000000      0x1df Src/main.o
 .debug_macro   0x0000000000000000       0x1c Src/main.o
 .debug_macro   0x0000000000000000       0x22 Src/main.o
 .debug_macro   0x0000000000000000       0xe5 Src/main.o
 .debug_macro   0x0000000000000000      0xe2e Src/main.o
 .debug_macro   0x0000000000000000      0x11f Src/main.o
 .debug_macro   0x0000000000000000       0x2e Src/main.o
 .debug_macro   0x0000000000000000       0x46 Src/main.o
 .debug_macro   0x0000000000000000       0x18 Src/main.o
 .debug_macro   0x0000000000000000       0x3c Src/main.o
 .debug_macro   0x0000000000000000       0x34 Src/main.o
 .debug_macro   0x0000000000000000       0x16 Src/main.o
 .debug_macro   0x0000000000000000       0x97 Src/main.o
 .debug_macro   0x0000000000000000      0x32a Src/main.o
 .debug_macro   0x0000000000000000       0xfd Src/main.o
 .debug_macro   0x0000000000000000       0x10 Src/main.o
 .debug_macro   0x0000000000000000       0x52 Src/main.o
 .debug_macro   0x0000000000000000       0x1f Src/main.o
 .debug_macro   0x0000000000000000       0x43 Src/main.o
 .debug_macro   0x0000000000000000       0x20 Src/main.o
 .debug_macro   0x0000000000000000      0x1a3 Src/main.o
 .debug_macro   0x0000000000000000       0x10 Src/main.o
 .debug_macro   0x0000000000000000       0x1c Src/main.o
 .debug_macro   0x0000000000000000       0x52 Src/main.o
 .debug_macro   0x0000000000000000       0x40 Src/main.o
 .debug_macro   0x0000000000000000       0x10 Src/main.o
 .debug_macro   0x0000000000000000       0x40 Src/main.o
 .debug_macro   0x0000000000000000       0xd7 Src/main.o
 .debug_macro   0x0000000000000000       0x1c Src/main.o
 .debug_macro   0x0000000000000000       0x3d Src/main.o
 .debug_macro   0x0000000000000000       0x16 Src/main.o
 .debug_macro   0x0000000000000000      0x145 Src/main.o
 .group         0x0000000000000000        0xc Src/syscalls.o
 .group         0x0000000000000000        0xc Src/syscalls.o
 .group         0x0000000000000000        0xc Src/syscalls.o
 .group         0x0000000000000000        0xc Src/syscalls.o
 .group         0x0000000000000000        0xc Src/syscalls.o
 .group         0x0000000000000000        0xc Src/syscalls.o
 .group         0x0000000000000000        0xc Src/syscalls.o
 .group         0x0000000000000000        0xc Src/syscalls.o
 .group         0x0000000000000000        0xc Src/syscalls.o
 .group         0x0000000000000000        0xc Src/syscalls.o
 .group         0x0000000000000000        0xc Src/syscalls.o
 .group         0x0000000000000000        0xc Src/syscalls.o
 .group         0x0000000000000000        0xc Src/syscalls.o
 .group         0x0000000000000000        0xc Src/syscalls.o
 .group         0x0000000000000000        0xc Src/syscalls.o
 .group         0x0000000000000000        0xc Src/syscalls.o
 .group         0x0000000000000000        0xc Src/syscalls.o
 .group         0x0000000000000000        0xc Src/syscalls.o
 .group         0x0000000000000000        0xc Src/syscalls.o
 .group         0x0000000000000000        0xc Src/syscalls.o
 .group         0x0000000000000000        0xc Src/syscalls.o
 .group         0x0000000000000000        0xc Src/syscalls.o
 .group         0x0000000000000000        0xc Src/syscalls.o
 .group         0x0000000000000000        0xc Src/syscalls.o
 .group         0x0000000000000000        0xc Src/syscalls.o
 .group         0x0000000000000000        0xc Src/syscalls.o
 .group         0x0000000000000000        0xc Src/syscalls.o
 .group         0x0000000000000000        0xc Src/syscalls.o
 .group         0x0000000000000000        0xc Src/syscalls.o
 .group         0x0000000000000000        0xc Src/syscalls.o
 .group         0x0000000000000000        0xc Src/syscalls.o
 .group         0x0000000000000000        0xc Src/syscalls.o
 .group         0x0000000000000000        0xc Src/syscalls.o
 .group         0x0000000000000000        0xc Src/syscalls.o
 .group         0x0000000000000000        0xc Src/syscalls.o
 .group         0x0000000000000000        0xc Src/syscalls.o
 .group         0x0000000000000000        0xc Src/syscalls.o
 .group         0x0000000000000000        0xc Src/syscalls.o
 .group         0x0000000000000000        0xc Src/syscalls.o
 .group         0x0000000000000000        0xc Src/syscalls.o
 .group         0x0000000000000000        0xc Src/syscalls.o
 .group         0x0000000000000000        0xc Src/syscalls.o
 .group         0x0000000000000000        0xc Src/syscalls.o
 .group         0x0000000000000000        0xc Src/syscalls.o
 .text          0x0000000000000000        0x0 Src/syscalls.o
 .data          0x0000000000000000        0x0 Src/syscalls.o
 .bss           0x0000000000000000        0x0 Src/syscalls.o
 .bss.__env     0x0000000000000000        0x4 Src/syscalls.o
 .data.environ  0x0000000000000000        0x4 Src/syscalls.o
 .text.initialise_monitor_handles
                0x0000000000000000        0xc Src/syscalls.o
 .text._getpid  0x0000000000000000        0xe Src/syscalls.o
 .text._kill    0x0000000000000000       0x20 Src/syscalls.o
 .text._exit    0x0000000000000000       0x14 Src/syscalls.o
 .text._read    0x0000000000000000       0x3a Src/syscalls.o
 .text._write   0x0000000000000000       0x38 Src/syscalls.o
 .text._close   0x0000000000000000       0x16 Src/syscalls.o
 .text._fstat   0x0000000000000000       0x1e Src/syscalls.o
 .text._isatty  0x0000000000000000       0x14 Src/syscalls.o
 .text._lseek   0x0000000000000000       0x18 Src/syscalls.o
 .text._open    0x0000000000000000       0x1a Src/syscalls.o
 .text._wait    0x0000000000000000       0x1e Src/syscalls.o
 .text._unlink  0x0000000000000000       0x1e Src/syscalls.o
 .text._times   0x0000000000000000       0x16 Src/syscalls.o
 .text._stat    0x0000000000000000       0x1e Src/syscalls.o
 .text._link    0x0000000000000000       0x20 Src/syscalls.o
 .text._fork    0x0000000000000000       0x16 Src/syscalls.o
 .text._execve  0x0000000000000000       0x22 Src/syscalls.o
 .debug_info    0x0000000000000000      0xebd Src/syscalls.o
 .debug_abbrev  0x0000000000000000      0x261 Src/syscalls.o
 .debug_aranges
                0x0000000000000000       0xa8 Src/syscalls.o
 .debug_ranges  0x0000000000000000       0x98 Src/syscalls.o
 .debug_macro   0x0000000000000000      0x243 Src/syscalls.o
 .debug_macro   0x0000000000000000      0xa60 Src/syscalls.o
 .debug_macro   0x0000000000000000       0x22 Src/syscalls.o
 .debug_macro   0x0000000000000000       0x40 Src/syscalls.o
 .debug_macro   0x0000000000000000       0x18 Src/syscalls.o
 .debug_macro   0x0000000000000000       0x94 Src/syscalls.o
 .debug_macro   0x0000000000000000       0x3c Src/syscalls.o
 .debug_macro   0x0000000000000000       0x34 Src/syscalls.o
 .debug_macro   0x0000000000000000       0x57 Src/syscalls.o
 .debug_macro   0x0000000000000000      0x174 Src/syscalls.o
 .debug_macro   0x0000000000000000      0x330 Src/syscalls.o
 .debug_macro   0x0000000000000000       0x52 Src/syscalls.o
 .debug_macro   0x0000000000000000       0x1f Src/syscalls.o
 .debug_macro   0x0000000000000000       0x43 Src/syscalls.o
 .debug_macro   0x0000000000000000       0x20 Src/syscalls.o
 .debug_macro   0x0000000000000000      0x1a3 Src/syscalls.o
 .debug_macro   0x0000000000000000       0x10 Src/syscalls.o
 .debug_macro   0x0000000000000000       0x35 Src/syscalls.o
 .debug_macro   0x0000000000000000       0x10 Src/syscalls.o
 .debug_macro   0x0000000000000000       0x10 Src/syscalls.o
 .debug_macro   0x0000000000000000       0x10 Src/syscalls.o
 .debug_macro   0x0000000000000000       0x6a Src/syscalls.o
 .debug_macro   0x0000000000000000       0x1c Src/syscalls.o
 .debug_macro   0x0000000000000000       0x52 Src/syscalls.o
 .debug_macro   0x0000000000000000       0x40 Src/syscalls.o
 .debug_macro   0x0000000000000000       0x10 Src/syscalls.o
 .debug_macro   0x0000000000000000       0x40 Src/syscalls.o
 .debug_macro   0x0000000000000000       0xd7 Src/syscalls.o
 .debug_macro   0x0000000000000000       0x1c Src/syscalls.o
 .debug_macro   0x0000000000000000       0x3d Src/syscalls.o
 .debug_macro   0x0000000000000000       0x35 Src/syscalls.o
 .debug_macro   0x0000000000000000      0x122 Src/syscalls.o
 .debug_macro   0x0000000000000000       0x16 Src/syscalls.o
 .debug_macro   0x0000000000000000       0x16 Src/syscalls.o
 .debug_macro   0x0000000000000000       0x29 Src/syscalls.o
 .debug_macro   0x0000000000000000       0x10 Src/syscalls.o
 .debug_macro   0x0000000000000000      0x241 Src/syscalls.o
 .debug_macro   0x0000000000000000       0x1c Src/syscalls.o
 .debug_macro   0x0000000000000000       0x10 Src/syscalls.o
 .debug_macro   0x0000000000000000       0x10 Src/syscalls.o
 .debug_macro   0x0000000000000000       0x16 Src/syscalls.o
 .debug_macro   0x0000000000000000      0x145 Src/syscalls.o
 .debug_macro   0x0000000000000000      0x189 Src/syscalls.o
 .debug_macro   0x0000000000000000       0x16 Src/syscalls.o
 .debug_macro   0x0000000000000000       0x88 Src/syscalls.o
 .debug_line    0x0000000000000000      0x739 Src/syscalls.o
 .debug_str     0x0000000000000000     0x888f Src/syscalls.o
 .comment       0x0000000000000000       0x7c Src/syscalls.o
 .debug_frame   0x0000000000000000      0x2ac Src/syscalls.o
 .ARM.attributes
                0x0000000000000000       0x33 Src/syscalls.o
 .group         0x0000000000000000        0xc Src/sysmem.o
 .group         0x0000000000000000        0xc Src/sysmem.o
 .group         0x0000000000000000        0xc Src/sysmem.o
 .group         0x0000000000000000        0xc Src/sysmem.o
 .group         0x0000000000000000        0xc Src/sysmem.o
 .group         0x0000000000000000        0xc Src/sysmem.o
 .group         0x0000000000000000        0xc Src/sysmem.o
 .group         0x0000000000000000        0xc Src/sysmem.o
 .group         0x0000000000000000        0xc Src/sysmem.o
 .group         0x0000000000000000        0xc Src/sysmem.o
 .group         0x0000000000000000        0xc Src/sysmem.o
 .group         0x0000000000000000        0xc Src/sysmem.o
 .group         0x0000000000000000        0xc Src/sysmem.o
 .group         0x0000000000000000        0xc Src/sysmem.o
 .group         0x0000000000000000        0xc Src/sysmem.o
 .group         0x0000000000000000        0xc Src/sysmem.o
 .group         0x0000000000000000        0xc Src/sysmem.o
 .group         0x0000000000000000        0xc Src/sysmem.o
 .group         0x0000000000000000        0xc Src/sysmem.o
 .text          0x0000000000000000        0x0 Src/sysmem.o
 .data          0x0000000000000000        0x0 Src/sysmem.o
 .bss           0x0000000000000000        0x0 Src/sysmem.o
 .bss.__sbrk_heap_end
                0x0000000000000000        0x4 Src/sysmem.o
 .text._sbrk    0x0000000000000000       0x6c Src/sysmem.o
 .debug_info    0x0000000000000000      0x985 Src/sysmem.o
 .debug_abbrev  0x0000000000000000      0x19b Src/sysmem.o
 .debug_aranges
                0x0000000000000000       0x20 Src/sysmem.o
 .debug_ranges  0x0000000000000000       0x10 Src/sysmem.o
 .debug_macro   0x0000000000000000       0xee Src/sysmem.o
 .debug_macro   0x0000000000000000      0xa60 Src/sysmem.o
 .debug_macro   0x0000000000000000       0x10 Src/sysmem.o
 .debug_macro   0x0000000000000000       0x22 Src/sysmem.o
 .debug_macro   0x0000000000000000       0x40 Src/sysmem.o
 .debug_macro   0x0000000000000000       0x18 Src/sysmem.o
 .debug_macro   0x0000000000000000       0x94 Src/sysmem.o
 .debug_macro   0x0000000000000000       0x3c Src/sysmem.o
 .debug_macro   0x0000000000000000       0x34 Src/sysmem.o
 .debug_macro   0x0000000000000000      0x174 Src/sysmem.o
 .debug_macro   0x0000000000000000       0x57 Src/sysmem.o
 .debug_macro   0x0000000000000000       0x52 Src/sysmem.o
 .debug_macro   0x0000000000000000       0x1f Src/sysmem.o
 .debug_macro   0x0000000000000000       0x43 Src/sysmem.o
 .debug_macro   0x0000000000000000       0x20 Src/sysmem.o
 .debug_macro   0x0000000000000000      0x1a3 Src/sysmem.o
 .debug_macro   0x0000000000000000      0x23b Src/sysmem.o
 .debug_macro   0x0000000000000000       0xef Src/sysmem.o
 .debug_macro   0x0000000000000000       0x6a Src/sysmem.o
 .debug_macro   0x0000000000000000      0x1df Src/sysmem.o
 .debug_line    0x0000000000000000      0x4c2 Src/sysmem.o
 .debug_str     0x0000000000000000     0x5f5d Src/sysmem.o
 .comment       0x0000000000000000       0x7c Src/sysmem.o
 .debug_frame   0x0000000000000000       0x34 Src/sysmem.o
 .ARM.attributes
                0x0000000000000000       0x33 Src/sysmem.o
 .text          0x0000000000000000       0x14 Startup/startup_stm32f103c6tx.o
 .data          0x0000000000000000        0x0 Startup/startup_stm32f103c6tx.o
 .bss           0x0000000000000000        0x0 Startup/startup_stm32f103c6tx.o
 .text          0x0000000000000000        0x0 f:/st/stm32cubeide_1.4.0/stm32cubeide/plugins/com.st.stm32cube.ide.mcu.externaltools.gnu-tools-for-stm32.7-2018-q2-update.win32_1.4.0.202007081208/tools/bin/../lib/gcc/arm-none-eabi/7.3.1/../../../../arm-none-eabi/lib/thumb/v7-m\libc_nano.a(lib_a-errno.o)
 .data          0x0000000000000000        0x0 f:/st/stm32cubeide_1.4.0/stm32cubeide/plugins/com.st.stm32cube.ide.mcu.externaltools.gnu-tools-for-stm32.7-2018-q2-update.win32_1.4.0.202007081208/tools/bin/../lib/gcc/arm-none-eabi/7.3.1/../../../../arm-none-eabi/lib/thumb/v7-m\libc_nano.a(lib_a-errno.o)
 .bss           0x0000000000000000        0x0 f:/st/stm32cubeide_1.4.0/stm32cubeide/plugins/com.st.stm32cube.ide.mcu.externaltools.gnu-tools-for-stm32.7-2018-q2-update.win32_1.4.0.202007081208/tools/bin/../lib/gcc/arm-none-eabi/7.3.1/../../../../arm-none-eabi/lib/thumb/v7-m\libc_nano.a(lib_a-errno.o)
 .text.__errno  0x0000000000000000        0xc f:/st/stm32cubeide_1.4.0/stm32cubeide/plugins/com.st.stm32cube.ide.mcu.externaltools.gnu-tools-for-stm32.7-2018-q2-update.win32_1.4.0.202007081208/tools/bin/../lib/gcc/arm-none-eabi/7.3.1/../../../../arm-none-eabi/lib/thumb/v7-m\libc_nano.a(lib_a-errno.o)
 .debug_frame   0x0000000000000000       0x20 f:/st/stm32cubeide_1.4.0/stm32cubeide/plugins/com.st.stm32cube.ide.mcu.externaltools.gnu-tools-for-stm32.7-2018-q2-update.win32_1.4.0.202007081208/tools/bin/../lib/gcc/arm-none-eabi/7.3.1/../../../../arm-none-eabi/lib/thumb/v7-m\libc_nano.a(lib_a-errno.o)
 .ARM.attributes
                0x0000000000000000       0x2d f:/st/stm32cubeide_1.4.0/stm32cubeide/plugins/com.st.stm32cube.ide.mcu.externaltools.gnu-tools-for-stm32.7-2018-q2-update.win32_1.4.0.202007081208/tools/bin/../lib/gcc/arm-none-eabi/7.3.1/../../../../arm-none-eabi/lib/thumb/v7-m\libc_nano.a(lib_a-errno.o)
 .text          0x0000000000000000        0x0 f:/st/stm32cubeide_1.4.0/stm32cubeide/plugins/com.st.stm32cube.ide.mcu.externaltools.gnu-tools-for-stm32.7-2018-q2-update.win32_1.4.0.202007081208/tools/bin/../lib/gcc/arm-none-eabi/7.3.1/../../../../arm-none-eabi/lib/thumb/v7-m\libc_nano.a(lib_a-exit.o)
 .data          0x0000000000000000        0x0 f:/st/stm32cubeide_1.4.0/stm32cubeide/plugins/com.st.stm32cube.ide.mcu.externaltools.gnu-tools-for-stm32.7-2018-q2-update.win32_1.4.0.202007081208/tools/bin/../lib/gcc/arm-none-eabi/7.3.1/../../../../arm-none-eabi/lib/thumb/v7-m\libc_nano.a(lib_a-exit.o)
 .bss           0x0000000000000000        0x0 f:/st/stm32cubeide_1.4.0/stm32cubeide/plugins/com.st.stm32cube.ide.mcu.externaltools.gnu-tools-for-stm32.7-2018-q2-update.win32_1.4.0.202007081208/tools/bin/../lib/gcc/arm-none-eabi/7.3.1/../../../../arm-none-eabi/lib/thumb/v7-m\libc_nano.a(lib_a-exit.o)
 .text.exit     0x0000000000000000       0x28 f:/st/stm32cubeide_1.4.0/stm32cubeide/plugins/com.st.stm32cube.ide.mcu.externaltools.gnu-tools-for-stm32.7-2018-q2-update.win32_1.4.0.202007081208/tools/bin/../lib/gcc/arm-none-eabi/7.3.1/../../../../arm-none-eabi/lib/thumb/v7-m\libc_nano.a(lib_a-exit.o)
 .debug_frame   0x0000000000000000       0x28 f:/st/stm32cubeide_1.4.0/stm32cubeide/plugins/com.st.stm32cube.ide.mcu.externaltools.gnu-tools-for-stm32.7-2018-q2-update.win32_1.4.0.202007081208/tools/bin/../lib/gcc/arm-none-eabi/7.3.1/../../../../arm-none-eabi/lib/thumb/v7-m\libc_nano.a(lib_a-exit.o)
 .ARM.attributes
                0x0000000000000000       0x2d f:/st/stm32cubeide_1.4.0/stm32cubeide/plugins/com.st.stm32cube.ide.mcu.externaltools.gnu-tools-for-stm32.7-2018-q2-update.win32_1.4.0.202007081208/tools/bin/../lib/gcc/arm-none-eabi/7.3.1/../../../../arm-none-eabi/lib/thumb/v7-m\libc_nano.a(lib_a-exit.o)
 .text          0x0000000000000000        0x0 f:/st/stm32cubeide_1.4.0/stm32cubeide/plugins/com.st.stm32cube.ide.mcu.externaltools.gnu-tools-for-stm32.7-2018-q2-update.win32_1.4.0.202007081208/tools/bin/../lib/gcc/arm-none-eabi/7.3.1/../../../../arm-none-eabi/lib/thumb/v7-m\libc_nano.a(lib_a-impure.o)
 .data          0x0000000000000000        0x0 f:/st/stm32cubeide_1.4.0/stm32cubeide/plugins/com.st.stm32cube.ide.mcu.externaltools.gnu-tools-for-stm32.7-2018-q2-update.win32_1.4.0.202007081208/tools/bin/../lib/gcc/arm-none-eabi/7.3.1/../../../../arm-none-eabi/lib/thumb/v7-m\libc_nano.a(lib_a-impure.o)
 .bss           0x0000000000000000        0x0 f:/st/stm32cubeide_1.4.0/stm32cubeide/plugins/com.st.stm32cube.ide.mcu.externaltools.gnu-tools-for-stm32.7-2018-q2-update.win32_1.4.0.202007081208/tools/bin/../lib/gcc/arm-none-eabi/7.3.1/../../../../arm-none-eabi/lib/thumb/v7-m\libc_nano.a(lib_a-impure.o)
 .data._impure_ptr
                0x0000000000000000        0x4 f:/st/stm32cubeide_1.4.0/stm32cubeide/plugins/com.st.stm32cube.ide.mcu.externaltools.gnu-tools-for-stm32.7-2018-q2-update.win32_1.4.0.202007081208/tools/bin/../lib/gcc/arm-none-eabi/7.3.1/../../../../arm-none-eabi/lib/thumb/v7-m\libc_nano.a(lib_a-impure.o)
 .data.impure_data
                0x0000000000000000       0x60 f:/st/stm32cubeide_1.4.0/stm32cubeide/plugins/com.st.stm32cube.ide.mcu.externaltools.gnu-tools-for-stm32.7-2018-q2-update.win32_1.4.0.202007081208/tools/bin/../lib/gcc/arm-none-eabi/7.3.1/../../../../arm-none-eabi/lib/thumb/v7-m\libc_nano.a(lib_a-impure.o)
 .rodata._global_impure_ptr
                0x0000000000000000        0x4 f:/st/stm32cubeide_1.4.0/stm32cubeide/plugins/com.st.stm32cube.ide.mcu.externaltools.gnu-tools-for-stm32.7-2018-q2-update.win32_1.4.0.202007081208/tools/bin/../lib/gcc/arm-none-eabi/7.3.1/../../../../arm-none-eabi/lib/thumb/v7-m\libc_nano.a(lib_a-impure.o)
 .ARM.attributes
                0x0000000000000000       0x2d f:/st/stm32cubeide_1.4.0/stm32cubeide/plugins/com.st.stm32cube.ide.mcu.externaltools.gnu-tools-for-stm32.7-2018-q2-update.win32_1.4.0.202007081208/tools/bin/../lib/gcc/arm-none-eabi/7.3.1/../../../../arm-none-eabi/lib/thumb/v7-m\libc_nano.a(lib_a-impure.o)
 .text          0x0000000000000000        0x0 f:/st/stm32cubeide_1.4.0/stm32cubeide/plugins/com.st.stm32cube.ide.mcu.externaltools.gnu-tools-for-stm32.7-2018-q2-update.win32_1.4.0.202007081208/tools/bin/../lib/gcc/arm-none-eabi/7.3.1/../../../../arm-none-eabi/lib/thumb/v7-m\libc_nano.a(lib_a-init.o)
 .data          0x0000000000000000        0x0 f:/st/stm32cubeide_1.4.0/stm32cubeide/plugins/com.st.stm32cube.ide.mcu.externaltools.gnu-tools-for-stm32.7-2018-q2-update.win32_1.4.0.202007081208/tools/bin/../lib/gcc/arm-none-eabi/7.3.1/../../../../arm-none-eabi/lib/thumb/v7-m\libc_nano.a(lib_a-init.o)
 .bss           0x0000000000000000        0x0 f:/st/stm32cubeide_1.4.0/stm32cubeide/plugins/com.st.stm32cube.ide.mcu.externaltools.gnu-tools-for-stm32.7-2018-q2-update.win32_1.4.0.202007081208/tools/bin/../lib/gcc/arm-none-eabi/7.3.1/../../../../arm-none-eabi/lib/thumb/v7-m\libc_nano.a(lib_a-init.o)
 .text          0x0000000000000000        0x0 f:/st/stm32cubeide_1.4.0/stm32cubeide/plugins/com.st.stm32cube.ide.mcu.externaltools.gnu-tools-for-stm32.7-2018-q2-update.win32_1.4.0.202007081208/tools/bin/../lib/gcc/arm-none-eabi/7.3.1/../../../../arm-none-eabi/lib/thumb/v7-m\libc_nano.a(lib_a-memset.o)
 .data          0x0000000000000000        0x0 f:/st/stm32cubeide_1.4.0/stm32cubeide/plugins/com.st.stm32cube.ide.mcu.externaltools.gnu-tools-for-stm32.7-2018-q2-update.win32_1.4.0.202007081208/tools/bin/../lib/gcc/arm-none-eabi/7.3.1/../../../../arm-none-eabi/lib/thumb/v7-m\libc_nano.a(lib_a-memset.o)
 .bss           0x0000000000000000        0x0 f:/st/stm32cubeide_1.4.0/stm32cubeide/plugins/com.st.stm32cube.ide.mcu.externaltools.gnu-tools-for-stm32.7-2018-q2-update.win32_1.4.0.202007081208/tools/bin/../lib/gcc/arm-none-eabi/7.3.1/../../../../arm-none-eabi/lib/thumb/v7-m\libc_nano.a(lib_a-memset.o)
 .text.memset   0x0000000000000000       0x10 f:/st/stm32cubeide_1.4.0/stm32cubeide/plugins/com.st.stm32cube.ide.mcu.externaltools.gnu-tools-for-stm32.7-2018-q2-update.win32_1.4.0.202007081208/tools/bin/../lib/gcc/arm-none-eabi/7.3.1/../../../../arm-none-eabi/lib/thumb/v7-m\libc_nano.a(lib_a-memset.o)
 .debug_frame   0x0000000000000000       0x20 f:/st/stm32cubeide_1.4.0/stm32cubeide/plugins/com.st.stm32cube.ide.mcu.externaltools.gnu-tools-for-stm32.7-2018-q2-update.win32_1.4.0.202007081208/tools/bin/../lib/gcc/arm-none-eabi/7.3.1/../../../../arm-none-eabi/lib/thumb/v7-m\libc_nano.a(lib_a-memset.o)
 .ARM.attributes
                0x0000000000000000       0x2d f:/st/stm32cubeide_1.4.0/stm32cubeide/plugins/com.st.stm32cube.ide.mcu.externaltools.gnu-tools-for-stm32.7-2018-q2-update.win32_1.4.0.202007081208/tools/bin/../lib/gcc/arm-none-eabi/7.3.1/../../../../arm-none-eabi/lib/thumb/v7-m\libc_nano.a(lib_a-memset.o)
 .data          0x0000000000000000        0x0 f:/st/stm32cubeide_1.4.0/stm32cubeide/plugins/com.st.stm32cube.ide.mcu.externaltools.gnu-tools-for-stm32.7-2018-q2-update.win32_1.4.0.202007081208/tools/bin/../lib/gcc/arm-none-eabi/7.3.1/../../../../arm-none-eabi/lib/thumb/v7-m\libc_nano.a(lib_a-strcmp.o)
 .bss           0x0000000000000000        0x0 f:/st/stm32cubeide_1.4.0/stm32cubeide/plugins/com.st.stm32cube.ide.mcu.externaltools.gnu-tools-for-stm32.7-2018-q2-update.win32_1.4.0.202007081208/tools/bin/../lib/gcc/arm-none-eabi/7.3.1/../../../../arm-none-eabi/lib/thumb/v7-m\libc_nano.a(lib_a-strcmp.o)
 .text          0x0000000000000000        0x0 f:/st/stm32cubeide_1.4.0/stm32cubeide/plugins/com.st.stm32cube.ide.mcu.externaltools.gnu-tools-for-stm32.7-2018-q2-update.win32_1.4.0.202007081208/tools/bin/../lib/gcc/arm-none-eabi/7.3.1/thumb/v7-m/crtend.o
 .data          0x0000000000000000        0x0 f:/st/stm32cubeide_1.4.0/stm32cubeide/plugins/com.st.stm32cube.ide.mcu.externaltools.gnu-tools-for-stm32.7-2018-q2-update.win32_1.4.0.202007081208/tools/bin/../lib/gcc/arm-none-eabi/7.3.1/thumb/v7-m/crtend.o
 .bss           0x0000000000000000        0x0 f:/st/stm32cubeide_1.4.0/stm32cubeide/plugins/com.st.stm32cube.ide.mcu.externaltools.gnu-tools-for-stm32.7-2018-q2-update.win32_1.4.0.202007081208/tools/bin/../lib/gcc/arm-none-eabi/7.3.1/thumb/v7-m/crtend.o
 .eh_frame      0x0000000000000000        0x4 f:/st/stm32cubeide_1.4.0/stm32cubeide/plugins/com.st.stm32cube.ide.mcu.externaltools.gnu-tools-for-stm32.7-2018-q2-update.win32_1.4.0.202007081208/tools/bin/../lib/gcc/arm-none-eabi/7.3.1/thumb/v7-m/crtend.o
 .ARM.attributes
                0x0000000000000000       0x2d f:/st/stm32cubeide_1.4.0/stm32cubeide/plugins/com.st.stm32cube.ide.mcu.externaltools.gnu-tools-for-stm32.7-2018-q2-update.win32_1.4.0.202007081208/tools/bin/../lib/gcc/arm-none-eabi/7.3.1/thumb/v7-m/crtend.o
 .text          0x0000000000000000        0x0 f:/st/stm32cubeide_1.4.0/stm32cubeide/plugins/com.st.stm32cube.ide.mcu.externaltools.gnu-tools-for-stm32.7-2018-q2-update.win32_1.4.0.202007081208/tools/bin/../lib/gcc/arm-none-eabi/7.3.1/thumb/v7-m/crtn.o
 .data          0x0000000000000000        0x0 f:/st/stm32cubeide_1.4.0/stm32cubeide/plugins/com.st.stm32cube.ide.mcu.externaltools.gnu-tools-for-stm32.7-2018-q2-update.win32_1.4.0.202007081208/tools/bin/../lib/gcc/arm-none-eabi/7.3.1/thumb/v7-m/crtn.o
 .bss           0x0000000000000000        0x0 f:/st/stm32cubeide_1.4.0/stm32cubeide/plugins/com.st.stm32cube.ide.mcu.externaltools.gnu-tools-for-stm32.7-2018-q2-update.win32_1.4.0.202007081208/tools/bin/../lib/gcc/arm-none-eabi/7.3.1/thumb/v7-m/crtn.o

Memory Configuration

Name             Origin             Length             Attributes
RAM              0x0000000020000000 0x0000000000002800 xrw
ROM              0x0000000008000000 0x0000000000008000 xr
*default*        0x0000000000000000 0xffffffffffffffff

Linker script and memory map

LOAD f:/st/stm32cubeide_1.4.0/stm32cubeide/plugins/com.st.stm32cube.ide.mcu.externaltools.gnu-tools-for-stm32.7-2018-q2-update.win32_1.4.0.202007081208/tools/bin/../lib/gcc/arm-none-eabi/7.3.1/thumb/v7-m/crti.o
LOAD f:/st/stm32cubeide_1.4.0/stm32cubeide/plugins/com.st.stm32cube.ide.mcu.externaltools.gnu-tools-for-stm32.7-2018-q2-update.win32_1.4.0.202007081208/tools/bin/../lib/gcc/arm-none-eabi/7.3.1/thumb/v7-m/crtbegin.o
LOAD f:/st/stm32cubeide_1.4.0/stm32cubeide/plugins/com.st.stm32cube.ide.mcu.externaltools.gnu-tools-for-stm32.7-2018-q2-update.win32_1.4.0.202007081208/tools/bin/../lib/gcc/arm-none-eabi/7.3.1/../../../../arm-none-eabi/lib/thumb/v7-m/crt0.o
LOAD AOES_RTOS/AOES_FIFO.o
LOAD AOES_RTOS/CortexMX_OS_porting.o
LOAD AOES_RTOS/scheduler.o
LOAD Src/main.o
LOAD Src/syscalls.o
LOAD Src/sysmem.o
LOAD Startup/startup_stm32f103c6tx.o
START GROUP
LOAD f:/st/stm32cubeide_1.4.0/stm32cubeide/plugins/com.st.stm32cube.ide.mcu.externaltools.gnu-tools-for-stm32.7-2018-q2-update.win32_1.4.0.202007081208/tools/bin/../lib/gcc/arm-none-eabi/7.3.1/../../../../arm-none-eabi/lib/thumb/v7-m\libc_nano.a
LOAD f:/st/stm32cubeide_1.4.0/stm32cubeide/plugins/com.st.stm32cube.ide.mcu.externaltools.gnu-tools-for-stm32.7-2018-q2-update.win32_1.4.0.202007081208/tools/bin/../lib/gcc/arm-none-eabi/7.3.1/../../../../arm-none-eabi/lib/thumb/v7-m\libm.a
END GROUP
START GROUP
LOAD f:/st/stm32cubeide_1.4.0/stm32cubeide/plugins/com.st.stm32cube.ide.mcu.externaltools.gnu-tools-for-stm32.7-2018-q2-update.win32_1.4.0.202007081208/tools/bin/../lib/gcc/arm-none-eabi/7.3.1/thumb/v7-m\libgcc.a
LOAD f:/st/stm32cubeide_1.4.0/stm32cubeide/plugins/com.st.stm32cube.ide.mcu.externaltools.gnu-tools-for-stm32.7-2018-q2-update.win32_1.4.0.202007081208/tools/bin/../lib/gcc/arm-none-eabi/7.3.1/../../../../arm-none-eabi/lib/thumb/v7-m\libc_nano.a
END GROUP
START GROUP
LOAD f:/st/stm32cubeide_1.4.0/stm32cubeide/plugins/com.st.stm32cube.ide.mcu.externaltools.gnu-tools-for-stm32.7-2018-q2-update.win32_1.4.0.202007081208/tools/bin/../lib/gcc/arm-none-eabi/7.3.1/thumb/v7-m\libgcc.a
LOAD f:/st/stm32cubeide_1.4.0/stm32cubeide/plugins/com.st.stm32cube.ide.mcu.externaltools.gnu-tools-for-stm32.7-2018-q2-update.win32_1.4.0.202007081208/tools/bin/../lib/gcc/arm-none-eabi/7.3.1/../../../../arm-none-eabi/lib/thumb/v7-m\libc_nano.a
LOAD f:/st/stm32cubeide_1.4.0/stm32cubeide/plugins/com.st.stm32cube.ide.mcu.externaltools.gnu-tools-for-stm32.7-2018-q2-update.win32_1.4.0.202007081208/tools/bin/../lib/gcc/arm-none-eabi/7.3.1/../../../../arm-none-eabi/lib/thumb/v7-m\libnosys.a
END GROUP
START GROUP
LOAD f:/st/stm32cubeide_1.4.0/stm32cubeide/plugins/com.st.stm32cube.ide.mcu.externaltools.gnu-tools-for-stm32.7-2018-q2-update.win32_1.4.0.202007081208/tools/bin/../lib/gcc/arm-none-eabi/7.3.1/thumb/v7-m\libgcc.a
LOAD f:/st/stm32cubeide_1.4.0/stm32cubeide/plugins/com.st.stm32cube.ide.mcu.externaltools.gnu-tools-for-stm32.7-2018-q2-update.win32_1.4.0.202007081208/tools/bin/../lib/gcc/arm-none-eabi/7.3.1/../../../../arm-none-eabi/lib/thumb/v7-m\libc_nano.a
LOAD f:/st/stm32cubeide_1.4.0/stm32cubeide/plugins/com.st.stm32cube.ide.mcu.externaltools.gnu-tools-for-stm32.7-2018-q2-update.win32_1.4.0.202007081208/tools/bin/../lib/gcc/arm-none-eabi/7.3.1/../../../../arm-none-eabi/lib/thumb/v7-m\libnosys.a
END GROUP
LOAD f:/st/stm32cubeide_1.4.0/stm32cubeide/plugins/com.st.stm32cube.ide.mcu.externaltools.gnu-tools-for-stm32.7-2018-q2-update.win32_1.4.0.202007081208/tools/bin/../lib/gcc/arm-none-eabi/7.3.1/thumb/v7-m/crtend.o
LOAD f:/st/stm32cubeide_1.4.0/stm32cubeide/plugins/com.st.stm32cube.ide.mcu.externaltools.gnu-tools-for-stm32.7-2018-q2-update.win32_1.4.0.202007081208/tools/bin/../lib/gcc/arm-none-eabi/7.3.1/thumb/v7-m/crtn.o
                0x0000000020002800                _estack = (ORIGIN (RAM) + LENGTH (RAM))
                0x0000000000000200                _Min_Heap_Size = 0x200
                0x0000000000000400                _Min_Stack_Size = 0x400

.isr_vector     0x0000000008000000      0x130
                0x0000000008000000                . = ALIGN (0x4)
 *(.isr_vector)
 .isr_vector    0x0000000008000000      0x130 Startup/startup_stm32f103c6tx.o
                0x0000000008000000                g_pfnVectors
                0x0000000008000130                . = ALIGN (0x4)

.text           0x0000000008000130      0xd64
                0x0000000008000130                . = ALIGN (0x4)
 *(.text)
 .text          0x0000000008000130       0x40 f:/st/stm32cubeide_1.4.0/stm32cubeide/plugins/com.st.stm32cube.ide.mcu.externaltools.gnu-tools-for-stm32.7-2018-q2-update.win32_1.4.0.202007081208/tools/bin/../lib/gcc/arm-none-eabi/7.3.1/thumb/v7-m/crtbegin.o
 .text          0x0000000008000170       0x14 f:/st/stm32cubeide_1.4.0/stm32cubeide/plugins/com.st.stm32cube.ide.mcu.externaltools.gnu-tools-for-stm32.7-2018-q2-update.win32_1.4.0.202007081208/tools/bin/../lib/gcc/arm-none-eabi/7.3.1/../../../../arm-none-eabi/lib/thumb/v7-m\libc_nano.a(lib_a-strcmp.o)
                0x0000000008000170                strcmp
 *(.text*)
 .text.FIFO_init
                0x0000000008000184       0x44 AOES_RTOS/AOES_FIFO.o
                0x0000000008000184                FIFO_init
 .text.FIFO_enqueue
                0x00000000080001c8       0x84 AOES_RTOS/AOES_FIFO.o
                0x00000000080001c8                FIFO_enqueue
 .text.FIFO_dequeue
                0x000000000800024c       0x7a AOES_RTOS/AOES_FIFO.o
                0x000000000800024c                FIFO_dequeue
 *fill*         0x00000000080002c6        0x2 
 .text.__NVIC_SetPriority
                0x00000000080002c8       0x54 AOES_RTOS/CortexMX_OS_porting.o
 .text.SysTick_Config
                0x000000000800031c       0x44 AOES_RTOS/CortexMX_OS_porting.o
 .text.HardFault_Handler
                0x0000000008000360        0x6 AOES_RTOS/CortexMX_OS_porting.o
                0x0000000008000360                HardFault_Handler
 .text.MemManage_Handler
                0x0000000008000366        0x6 AOES_RTOS/CortexMX_OS_porting.o
                0x0000000008000366                MemManage_Handler
 .text.BusFault_Handler
                0x000000000800036c        0x6 AOES_RTOS/CortexMX_OS_porting.o
                0x000000000800036c                BusFault_Handler
 .text.UsageFault_Handler
                0x0000000008000372        0x6 AOES_RTOS/CortexMX_OS_porting.o
                0x0000000008000372                UsageFault_Handler
 .text.SVC_Handler
                0x0000000008000378       0x14 AOES_RTOS/CortexMX_OS_porting.o
                0x0000000008000378                SVC_Handler
 .text.HW_init  0x000000000800038c       0x12 AOES_RTOS/CortexMX_OS_porting.o
                0x000000000800038c                HW_init
 *fill*         0x000000000800039e        0x2 
 .text.trigger_OS_PendSV
                0x00000000080003a0       0x1c AOES_RTOS/CortexMX_OS_porting.o
                0x00000000080003a0                trigger_OS_PendSV
 .text.Start_Ticker
                0x00000000080003bc       0x10 AOES_RTOS/CortexMX_OS_porting.o
                0x00000000080003bc                Start_Ticker
 .text.SysTick_Handler
                0x00000000080003cc       0x28 AOES_RTOS/CortexMX_OS_porting.o
                0x00000000080003cc                SysTick_Handler
 .text.AOES_CreatTaskStack
                0x00000000080003f4       0x86 AOES_RTOS/scheduler.o
                0x00000000080003f4                AOES_CreatTaskStack
 *fill*         0x000000000800047a        0x2 
 .text.bubbleSort
                0x000000000800047c       0x90 AOES_RTOS/scheduler.o
                0x000000000800047c                bubbleSort
 .text.AOES_Update_SchedulerTable
                0x000000000800050c       0xc4 AOES_RTOS/scheduler.o
                0x000000000800050c                AOES_Update_SchedulerTable
 .text.Decide_whatNext
                0x00000000080005d0       0x7c AOES_RTOS/scheduler.o
                0x00000000080005d0                Decide_whatNext
 .text.OS_SVC   0x000000000800064c       0xa4 AOES_RTOS/scheduler.o
                0x000000000800064c                OS_SVC
 .text.PendSV_Handler
                0x00000000080006f0      0x1d0 AOES_RTOS/scheduler.o
                0x00000000080006f0                PendSV_Handler
 .text.AOES_Creat_MainStack
                0x00000000080008c0       0x3c AOES_RTOS/scheduler.o
                0x00000000080008c0                AOES_Creat_MainStack
 .text.AOES_IdleTask
                0x00000000080008fc       0x1c AOES_RTOS/scheduler.o
                0x00000000080008fc                AOES_IdleTask
 .text.AOES_init
                0x0000000008000918       0x84 AOES_RTOS/scheduler.o
                0x0000000008000918                AOES_init
 .text.AOES_CreatTask
                0x000000000800099c       0x6c AOES_RTOS/scheduler.o
                0x000000000800099c                AOES_CreatTask
 .text.AOES_SVC_Set
                0x0000000008000a08       0x30 AOES_RTOS/scheduler.o
                0x0000000008000a08                AOES_SVC_Set
 .text.AOES_ActivateTask
                0x0000000008000a38       0x24 AOES_RTOS/scheduler.o
                0x0000000008000a38                AOES_ActivateTask
 .text.AOES_TerminateTask
                0x0000000008000a5c       0x24 AOES_RTOS/scheduler.o
                0x0000000008000a5c                AOES_TerminateTask
 .text.AOES_StartOS
                0x0000000008000a80       0x58 AOES_RTOS/scheduler.o
                0x0000000008000a80                AOES_StartOS
 .text.AOES_Update_TaskWitingTime
                0x0000000008000ad8       0x8c AOES_RTOS/scheduler.o
                0x0000000008000ad8                AOES_Update_TaskWitingTime
 .text.AOES_AcquireMutex
                0x0000000008000b64       0x3e AOES_RTOS/scheduler.o
                0x0000000008000b64                AOES_AcquireMutex
 .text.AOES_ReleaseMutex
                0x0000000008000ba2       0x36 AOES_RTOS/scheduler.o
                0x0000000008000ba2                AOES_ReleaseMutex
 .text.task1    0x0000000008000bd8       0x5c Src/main.o
                0x0000000008000bd8                task1
 .text.task2    0x0000000008000c34       0x50 Src/main.o
                0x0000000008000c34                task2
 .text.task4    0x0000000008000c84       0x58 Src/main.o
                0x0000000008000c84                task4
 .text.main     0x0000000008000cdc      0x104 Src/main.o
                0x0000000008000cdc                main
 .text.Reset_Handler
                0x0000000008000de0       0x50 Startup/startup_stm32f103c6tx.o
                0x0000000008000de0                Reset_Handler
 .text.Default_Handler
                0x0000000008000e30        0x2 Startup/startup_stm32f103c6tx.o
                0x0000000008000e30                EXTI2_IRQHandler
                0x0000000008000e30                TIM8_TRG_COM_IRQHandler
                0x0000000008000e30                TIM8_CC_IRQHandler
                0x0000000008000e30                DebugMon_Handler
                0x0000000008000e30                TIM1_CC_IRQHandler
                0x0000000008000e30                TIM6_IRQHandler
                0x0000000008000e30                PVD_IRQHandler
                0x0000000008000e30                SDIO_IRQHandler
                0x0000000008000e30                NMI_Handler
                0x0000000008000e30                EXTI3_IRQHandler
                0x0000000008000e30                USB_HP_CAN_TX_IRQHandler
                0x0000000008000e30                EXTI0_IRQHandler
                0x0000000008000e30                I2C2_EV_IRQHandler
                0x0000000008000e30                ADC1_2_IRQHandler
                0x0000000008000e30                SPI1_IRQHandler
                0x0000000008000e30                CAN_SCE_IRQHandler
                0x0000000008000e30                TAMPER_IRQHandler
                0x0000000008000e30                TIM8_UP_IRQHandler
                0x0000000008000e30                DMA2_Channel2_IRQHandler
                0x0000000008000e30                DMA1_Channel4_IRQHandler
                0x0000000008000e30                USART3_IRQHandler
                0x0000000008000e30                RTC_IRQHandler
                0x0000000008000e30                DMA1_Channel7_IRQHandler
                0x0000000008000e30                UART5_IRQHandler
                0x0000000008000e30                ADC3_IRQHandler
                0x0000000008000e30                TIM4_IRQHandler
                0x0000000008000e30                CAN_RX1_IRQHandler
                0x0000000008000e30                DMA2_Channel1_IRQHandler
                0x0000000008000e30                I2C1_EV_IRQHandler
                0x0000000008000e30                DMA1_Channel6_IRQHandler
                0x0000000008000e30                UART4_IRQHandler
                0x0000000008000e30                TIM3_IRQHandler
                0x0000000008000e30                RCC_IRQHandler
                0x0000000008000e30                TIM1_TRG_COM_IRQHandler
                0x0000000008000e30                DMA1_Channel1_IRQHandler
                0x0000000008000e30                Default_Handler
                0x0000000008000e30                EXTI15_10_IRQHandler
                0x0000000008000e30                TIM7_IRQHandler
                0x0000000008000e30                TIM5_IRQHandler
                0x0000000008000e30                EXTI9_5_IRQHandler
                0x0000000008000e30                SPI2_IRQHandler
                0x0000000008000e30                USB_LP_CAN_RX0_IRQHandler
                0x0000000008000e30                DMA1_Channel5_IRQHandler
                0x0000000008000e30                EXTI4_IRQHandler
                0x0000000008000e30                DMA1_Channel3_IRQHandler
                0x0000000008000e30                FSMC_IRQHandler
                0x0000000008000e30                TIM1_UP_IRQHandler
                0x0000000008000e30                WWDG_IRQHandler
                0x0000000008000e30                TIM2_IRQHandler
                0x0000000008000e30                TIM1_BRK_IRQHandler
                0x0000000008000e30                EXTI1_IRQHandler
                0x0000000008000e30                RTCAlarm_IRQHandler
                0x0000000008000e30                DMA2_Channel4_5_IRQHandler
                0x0000000008000e30                USART2_IRQHandler
                0x0000000008000e30                I2C2_ER_IRQHandler
                0x0000000008000e30                DMA1_Channel2_IRQHandler
                0x0000000008000e30                TIM8_BRK_IRQHandler
                0x0000000008000e30                FLASH_IRQHandler
                0x0000000008000e30                USART1_IRQHandler
                0x0000000008000e30                SPI3_IRQHandler
                0x0000000008000e30                I2C1_ER_IRQHandler
                0x0000000008000e30                DMA2_Channel3_IRQHandler
 *fill*         0x0000000008000e32        0x2 
 .text.__libc_init_array
                0x0000000008000e34       0x48 f:/st/stm32cubeide_1.4.0/stm32cubeide/plugins/com.st.stm32cube.ide.mcu.externaltools.gnu-tools-for-stm32.7-2018-q2-update.win32_1.4.0.202007081208/tools/bin/../lib/gcc/arm-none-eabi/7.3.1/../../../../arm-none-eabi/lib/thumb/v7-m\libc_nano.a(lib_a-init.o)
                0x0000000008000e34                __libc_init_array
 *(.glue_7)
 .glue_7        0x0000000008000e7c        0x0 linker stubs
 *(.glue_7t)
 .glue_7t       0x0000000008000e7c        0x0 linker stubs
 *(.eh_frame)
 .eh_frame      0x0000000008000e7c        0x0 f:/st/stm32cubeide_1.4.0/stm32cubeide/plugins/com.st.stm32cube.ide.mcu.externaltools.gnu-tools-for-stm32.7-2018-q2-update.win32_1.4.0.202007081208/tools/bin/../lib/gcc/arm-none-eabi/7.3.1/thumb/v7-m/crtbegin.o
 *(.init)
 .init          0x0000000008000e7c        0x4 f:/st/stm32cubeide_1.4.0/stm32cubeide/plugins/com.st.stm32cube.ide.mcu.externaltools.gnu-tools-for-stm32.7-2018-q2-update.win32_1.4.0.202007081208/tools/bin/../lib/gcc/arm-none-eabi/7.3.1/thumb/v7-m/crti.o
                0x0000000008000e7c                _init
 .init          0x0000000008000e80        0x8 f:/st/stm32cubeide_1.4.0/stm32cubeide/plugins/com.st.stm32cube.ide.mcu.externaltools.gnu-tools-for-stm32.7-2018-q2-update.win32_1.4.0.202007081208/tools/bin/../lib/gcc/arm-none-eabi/7.3.1/thumb/v7-m/crtn.o
 *(.fini)
 .fini          0x0000000008000e88        0x4 f:/st/stm32cubeide_1.4.0/stm32cubeide/plugins/com.st.stm32cube.ide.mcu.externaltools.gnu-tools-for-stm32.7-2018-q2-update.win32_1.4.0.202007081208/tools/bin/../lib/gcc/arm-none-eabi/7.3.1/thumb/v7-m/crti.o
                0x0000000008000e88                _fini
 .fini          0x0000000008000e8c        0x8 f:/st/stm32cubeide_1.4.0/stm32cubeide/plugins/com.st.stm32cube.ide.mcu.externaltools.gnu-tools-for-stm32.7-2018-q2-update.win32_1.4.0.202007081208/tools/bin/../lib/gcc/arm-none-eabi/7.3.1/thumb/v7-m/crtn.o
                0x0000000008000e94                . = ALIGN (0x4)
                0x0000000008000e94                _etext = .

.vfp11_veneer   0x0000000008000e94        0x0
 .vfp11_veneer  0x0000000008000e94        0x0 linker stubs

.v4_bx          0x0000000008000e94        0x0
 .v4_bx         0x0000000008000e94        0x0 linker stubs

.iplt           0x0000000008000e94        0x0
 .iplt          0x0000000008000e94        0x0 f:/st/stm32cubeide_1.4.0/stm32cubeide/plugins/com.st.stm32cube.ide.mcu.externaltools.gnu-tools-for-stm32.7-2018-q2-update.win32_1.4.0.202007081208/tools/bin/../lib/gcc/arm-none-eabi/7.3.1/thumb/v7-m/crtbegin.o

.rodata         0x0000000008000e94       0x2c
                0x0000000008000e94                . = ALIGN (0x4)
 *(.rodata)
 .rodata        0x0000000008000e94        0x9 AOES_RTOS/scheduler.o
 *fill*         0x0000000008000e9d        0x3 
 .rodata        0x0000000008000ea0       0x1f Src/main.o
 *(.rodata*)
                0x0000000008000ec0                . = ALIGN (0x4)
 *fill*         0x0000000008000ebf        0x1 

.rel.dyn        0x0000000008000ec0        0x0
 .rel.iplt      0x0000000008000ec0        0x0 f:/st/stm32cubeide_1.4.0/stm32cubeide/plugins/com.st.stm32cube.ide.mcu.externaltools.gnu-tools-for-stm32.7-2018-q2-update.win32_1.4.0.202007081208/tools/bin/../lib/gcc/arm-none-eabi/7.3.1/thumb/v7-m/crtbegin.o

.ARM.extab      0x0000000008000ec0        0x0
                0x0000000008000ec0                . = ALIGN (0x4)
 *(.ARM.extab* .gnu.linkonce.armextab.*)
                0x0000000008000ec0                . = ALIGN (0x4)

.ARM            0x0000000008000ec0        0x0
                0x0000000008000ec0                . = ALIGN (0x4)
                0x0000000008000ec0                __exidx_start = .
 *(.ARM.exidx*)
                0x0000000008000ec0                __exidx_end = .
                0x0000000008000ec0                . = ALIGN (0x4)

.preinit_array  0x0000000008000ec0        0x0
                0x0000000008000ec0                . = ALIGN (0x4)
                0x0000000008000ec0                PROVIDE (__preinit_array_start = .)
 *(.preinit_array*)
                0x0000000008000ec0                PROVIDE (__preinit_array_end = .)
                0x0000000008000ec0                . = ALIGN (0x4)

.init_array     0x0000000008000ec0        0x4
                0x0000000008000ec0                . = ALIGN (0x4)
                0x0000000008000ec0                PROVIDE (__init_array_start = .)
 *(SORT_BY_NAME(.init_array.*))
 *(.init_array*)
 .init_array    0x0000000008000ec0        0x4 f:/st/stm32cubeide_1.4.0/stm32cubeide/plugins/com.st.stm32cube.ide.mcu.externaltools.gnu-tools-for-stm32.7-2018-q2-update.win32_1.4.0.202007081208/tools/bin/../lib/gcc/arm-none-eabi/7.3.1/thumb/v7-m/crtbegin.o
                0x0000000008000ec4                PROVIDE (__init_array_end = .)
                0x0000000008000ec4                . = ALIGN (0x4)

.fini_array     0x0000000008000ec4        0x4
                0x0000000008000ec4                . = ALIGN (0x4)
                [!provide]                        PROVIDE (__fini_array_start = .)
 *(SORT_BY_NAME(.fini_array.*))
 *(.fini_array*)
 .fini_array    0x0000000008000ec4        0x4 f:/st/stm32cubeide_1.4.0/stm32cubeide/plugins/com.st.stm32cube.ide.mcu.externaltools.gnu-tools-for-stm32.7-2018-q2-update.win32_1.4.0.202007081208/tools/bin/../lib/gcc/arm-none-eabi/7.3.1/thumb/v7-m/crtbegin.o
                [!provide]                        PROVIDE (__fini_array_end = .)
                0x0000000008000ec8                . = ALIGN (0x4)
                0x0000000008000ec8                _sidata = LOADADDR (.data)

.data           0x0000000020000000        0x4 load address 0x0000000008000ec8
                0x0000000020000000                . = ALIGN (0x4)
                0x0000000020000000                _sdata = .
 *(.data)
 *(.data*)
 .data.payload  0x0000000020000000        0x3 Src/main.o
                0x0000000020000000                payload
                0x0000000020000004                . = ALIGN (0x4)
 *fill*         0x0000000020000003        0x1 
                0x0000000020000004                _edata = .

.igot.plt       0x0000000020000004        0x0 load address 0x0000000008000ecc
 .igot.plt      0x0000000020000004        0x0 f:/st/stm32cubeide_1.4.0/stm32cubeide/plugins/com.st.stm32cube.ide.mcu.externaltools.gnu-tools-for-stm32.7-2018-q2-update.win32_1.4.0.202007081208/tools/bin/../lib/gcc/arm-none-eabi/7.3.1/thumb/v7-m/crtbegin.o
                0x0000000020000004                . = ALIGN (0x4)

.bss            0x0000000020000004      0x514 load address 0x0000000008000ecc
                0x0000000020000004                _sbss = .
                0x0000000020000004                __bss_start__ = _sbss
 *(.bss)
 .bss           0x0000000020000004       0x1c f:/st/stm32cubeide_1.4.0/stm32cubeide/plugins/com.st.stm32cube.ide.mcu.externaltools.gnu-tools-for-stm32.7-2018-q2-update.win32_1.4.0.202007081208/tools/bin/../lib/gcc/arm-none-eabi/7.3.1/thumb/v7-m/crtbegin.o
 *(.bss*)
 .bss.count.5810
                0x0000000020000020        0x4 Src/main.o
 .bss.count.5814
                0x0000000020000024        0x4 Src/main.o
 .bss.count.5821
                0x0000000020000028        0x4 Src/main.o
 *(COMMON)
 COMMON         0x000000002000002c        0x1 AOES_RTOS/CortexMX_OS_porting.o
                0x000000002000002c                Systick_led
 *fill*         0x000000002000002d        0x3 
 COMMON         0x0000000020000030      0x398 AOES_RTOS/scheduler.o
                0x0000000020000030                Ready_Queue
                0x0000000020000044                idleTaskLED
                0x0000000020000048                AOES_idleTask
                0x000000002000008c                OS_Control
                0x0000000020000238                Ready_Queue_FIFO
 COMMON         0x00000000200003c8      0x14d Src/main.o
                0x00000000200003c8                Task4_led
                0x00000000200003cc                Task4
                0x0000000020000410                Task1
                0x0000000020000454                Task3_led
                0x0000000020000458                Task3
                0x000000002000049c                Task2
                0x00000000200004e0                Task1_led
                0x00000000200004e4                mutex1
                0x0000000020000514                Task2_led
                0x0000000020000518                . = ALIGN (0x4)
 *fill*         0x0000000020000515        0x3 
                0x0000000020000518                _ebss = .
                0x0000000020000518                __bss_end__ = _ebss

._user_heap_stack
                0x0000000020000518      0x600 load address 0x0000000008000ecc
                0x0000000020000518                . = ALIGN (0x8)
                [!provide]                        PROVIDE (end = .)
                0x0000000020000518                PROVIDE (_end = .)
                0x0000000020000718                . = (. + _Min_Heap_Size)
 *fill*         0x0000000020000518      0x200 
                0x0000000020000b18                . = (. + _Min_Stack_Size)
 *fill*         0x0000000020000718      0x400 
                0x0000000020000b18                . = ALIGN (0x8)
                0x0000000020000b18                _heep = .

/DISCARD/
 libc.a(*)
 libm.a(*)
 libgcc.a(*)

.ARM.attributes
                0x0000000000000000       0x29
 *(.ARM.attributes)
 .ARM.attributes
                0x0000000000000000       0x1d f:/st/stm32cubeide_1.4.0/stm32cubeide/plugins/com.st.stm32cube.ide.mcu.externaltools.gnu-tools-for-stm32.7-2018-q2-update.win32_1.4.0.202007081208/tools/bin/../lib/gcc/arm-none-eabi/7.3.1/thumb/v7-m/crti.o
 .ARM.attributes
                0x000000000000001d       0x2d f:/st/stm32cubeide_1.4.0/stm32cubeide/plugins/com.st.stm32cube.ide.mcu.externaltools.gnu-tools-for-stm32.7-2018-q2-update.win32_1.4.0.202007081208/tools/bin/../lib/gcc/arm-none-eabi/7.3.1/thumb/v7-m/crtbegin.o
 .ARM.attributes
                0x000000000000004a       0x33 AOES_RTOS/AOES_FIFO.o
 .ARM.attributes
                0x000000000000007d       0x33 AOES_RTOS/CortexMX_OS_porting.o
 .ARM.attributes
                0x00000000000000b0       0x33 AOES_RTOS/scheduler.o
 .ARM.attributes
                0x00000000000000e3       0x33 Src/main.o
 .ARM.attributes
                0x0000000000000116       0x21 Startup/startup_stm32f103c6tx.o
 .ARM.attributes
                0x0000000000000137       0x2d f:/st/stm32cubeide_1.4.0/stm32cubeide/plugins/com.st.stm32cube.ide.mcu.externaltools.gnu-tools-for-stm32.7-2018-q2-update.win32_1.4.0.202007081208/tools/bin/../lib/gcc/arm-none-eabi/7.3.1/../../../../arm-none-eabi/lib/thumb/v7-m\libc_nano.a(lib_a-init.o)
 .ARM.attributes
                0x0000000000000164       0x1b f:/st/stm32cubeide_1.4.0/stm32cubeide/plugins/com.st.stm32cube.ide.mcu.externaltools.gnu-tools-for-stm32.7-2018-q2-update.win32_1.4.0.202007081208/tools/bin/../lib/gcc/arm-none-eabi/7.3.1/../../../../arm-none-eabi/lib/thumb/v7-m\libc_nano.a(lib_a-strcmp.o)
 .ARM.attributes
                0x000000000000017f       0x1d f:/st/stm32cubeide_1.4.0/stm32cubeide/plugins/com.st.stm32cube.ide.mcu.externaltools.gnu-tools-for-stm32.7-2018-q2-update.win32_1.4.0.202007081208/tools/bin/../lib/gcc/arm-none-eabi/7.3.1/thumb/v7-m/crtn.o
OUTPUT(AOES_RTOS1.axf elf32-littlearm)

.debug_info     0x0000000000000000     0x2c69
 .debug_info    0x0000000000000000      0xb75 AOES_RTOS/AOES_FIFO.o
 .debug_info    0x0000000000000b75      0x5b1 AOES_RTOS/CortexMX_OS_porting.o
 .debug_info    0x0000000000001126      0xf74 AOES_RTOS/scheduler.o
 .debug_info    0x000000000000209a      0xbad Src/main.o
 .debug_info    0x0000000000002c47       0x22 Startup/startup_stm32f103c6tx.o

.debug_abbrev   0x0000000000000000      0x988
 .debug_abbrev  0x0000000000000000      0x1dc AOES_RTOS/AOES_FIFO.o
 .debug_abbrev  0x00000000000001dc      0x1e2 AOES_RTOS/CortexMX_OS_porting.o
 .debug_abbrev  0x00000000000003be      0x390 AOES_RTOS/scheduler.o
 .debug_abbrev  0x000000000000074e      0x228 Src/main.o
 .debug_abbrev  0x0000000000000976       0x12 Startup/startup_stm32f103c6tx.o

.debug_aranges  0x0000000000000000      0x1c0
 .debug_aranges
                0x0000000000000000       0x40 AOES_RTOS/AOES_FIFO.o
 .debug_aranges
                0x0000000000000040       0x70 AOES_RTOS/CortexMX_OS_porting.o
 .debug_aranges
                0x00000000000000b0       0xa8 AOES_RTOS/scheduler.o
 .debug_aranges
                0x0000000000000158       0x40 Src/main.o
 .debug_aranges
                0x0000000000000198       0x28 Startup/startup_stm32f103c6tx.o

.debug_ranges   0x0000000000000000      0x178
 .debug_ranges  0x0000000000000000       0x30 AOES_RTOS/AOES_FIFO.o
 .debug_ranges  0x0000000000000030       0x60 AOES_RTOS/CortexMX_OS_porting.o
 .debug_ranges  0x0000000000000090       0x98 AOES_RTOS/scheduler.o
 .debug_ranges  0x0000000000000128       0x30 Src/main.o
 .debug_ranges  0x0000000000000158       0x20 Startup/startup_stm32f103c6tx.o

.debug_macro    0x0000000000000000     0x3800
 .debug_macro   0x0000000000000000      0x241 AOES_RTOS/AOES_FIFO.o
 .debug_macro   0x0000000000000241      0xa60 AOES_RTOS/AOES_FIFO.o
 .debug_macro   0x0000000000000ca1       0x22 AOES_RTOS/AOES_FIFO.o
 .debug_macro   0x0000000000000cc3       0x40 AOES_RTOS/AOES_FIFO.o
 .debug_macro   0x0000000000000d03       0x18 AOES_RTOS/AOES_FIFO.o
 .debug_macro   0x0000000000000d1b       0x94 AOES_RTOS/AOES_FIFO.o
 .debug_macro   0x0000000000000daf       0x3c AOES_RTOS/AOES_FIFO.o
 .debug_macro   0x0000000000000deb       0x34 AOES_RTOS/AOES_FIFO.o
 .debug_macro   0x0000000000000e1f       0x16 AOES_RTOS/AOES_FIFO.o
 .debug_macro   0x0000000000000e35       0x57 AOES_RTOS/AOES_FIFO.o
 .debug_macro   0x0000000000000e8c       0x97 AOES_RTOS/AOES_FIFO.o
 .debug_macro   0x0000000000000f23      0x330 AOES_RTOS/AOES_FIFO.o
 .debug_macro   0x0000000000001253       0xfd AOES_RTOS/AOES_FIFO.o
 .debug_macro   0x0000000000001350       0x10 AOES_RTOS/AOES_FIFO.o
 .debug_macro   0x0000000000001360       0x52 AOES_RTOS/AOES_FIFO.o
 .debug_macro   0x00000000000013b2       0x1f AOES_RTOS/AOES_FIFO.o
 .debug_macro   0x00000000000013d1       0x43 AOES_RTOS/AOES_FIFO.o
 .debug_macro   0x0000000000001414       0x20 AOES_RTOS/AOES_FIFO.o
 .debug_macro   0x0000000000001434      0x1a3 AOES_RTOS/AOES_FIFO.o
 .debug_macro   0x00000000000015d7       0x10 AOES_RTOS/AOES_FIFO.o
 .debug_macro   0x00000000000015e7       0x6a AOES_RTOS/AOES_FIFO.o
 .debug_macro   0x0000000000001651       0x1c AOES_RTOS/AOES_FIFO.o
 .debug_macro   0x000000000000166d       0x52 AOES_RTOS/AOES_FIFO.o
 .debug_macro   0x00000000000016bf       0x40 AOES_RTOS/AOES_FIFO.o
 .debug_macro   0x00000000000016ff       0x10 AOES_RTOS/AOES_FIFO.o
 .debug_macro   0x000000000000170f       0x40 AOES_RTOS/AOES_FIFO.o
 .debug_macro   0x000000000000174f       0xd7 AOES_RTOS/AOES_FIFO.o
 .debug_macro   0x0000000000001826       0x1c AOES_RTOS/AOES_FIFO.o
 .debug_macro   0x0000000000001842       0x3d AOES_RTOS/AOES_FIFO.o
 .debug_macro   0x000000000000187f       0x16 AOES_RTOS/AOES_FIFO.o
 .debug_macro   0x0000000000001895      0x145 AOES_RTOS/AOES_FIFO.o
 .debug_macro   0x00000000000019da       0xef AOES_RTOS/AOES_FIFO.o
 .debug_macro   0x0000000000001ac9      0x1df AOES_RTOS/AOES_FIFO.o
 .debug_macro   0x0000000000001ca8       0x28 AOES_RTOS/AOES_FIFO.o
 .debug_macro   0x0000000000001cd0       0x1c AOES_RTOS/AOES_FIFO.o
 .debug_macro   0x0000000000001cec       0x22 AOES_RTOS/AOES_FIFO.o
 .debug_macro   0x0000000000001d0e       0xdf AOES_RTOS/AOES_FIFO.o
 .debug_macro   0x0000000000001ded      0xe2e AOES_RTOS/AOES_FIFO.o
 .debug_macro   0x0000000000002c1b      0x11f AOES_RTOS/AOES_FIFO.o
 .debug_macro   0x0000000000002d3a       0x2e AOES_RTOS/AOES_FIFO.o
 .debug_macro   0x0000000000002d68       0xce AOES_RTOS/CortexMX_OS_porting.o
 .debug_macro   0x0000000000002e36       0x8e AOES_RTOS/CortexMX_OS_porting.o
 .debug_macro   0x0000000000002ec4       0x51 AOES_RTOS/CortexMX_OS_porting.o
 .debug_macro   0x0000000000002f15       0xe5 AOES_RTOS/CortexMX_OS_porting.o
 .debug_macro   0x0000000000002ffa      0x247 AOES_RTOS/scheduler.o
 .debug_macro   0x0000000000003241       0x46 AOES_RTOS/scheduler.o
 .debug_macro   0x0000000000003287      0x32a AOES_RTOS/scheduler.o
 .debug_macro   0x00000000000035b1      0x24f Src/main.o

.debug_line     0x0000000000000000     0x1e0a
 .debug_line    0x0000000000000000      0x754 AOES_RTOS/AOES_FIFO.o
 .debug_line    0x0000000000000754      0x5b0 AOES_RTOS/CortexMX_OS_porting.o
 .debug_line    0x0000000000000d04      0x927 AOES_RTOS/scheduler.o
 .debug_line    0x000000000000162b      0x75b Src/main.o
 .debug_line    0x0000000000001d86       0x84 Startup/startup_stm32f103c6tx.o

.debug_str      0x0000000000000000     0xeba5
 .debug_str     0x0000000000000000     0xe50d AOES_RTOS/AOES_FIFO.o
                                       0xe771 (size before relaxing)
 .debug_str     0x000000000000e50d      0x326 AOES_RTOS/CortexMX_OS_porting.o
                                       0xa4e8 (size before relaxing)
 .debug_str     0x000000000000e833      0x2c7 AOES_RTOS/scheduler.o
                                       0xea0d (size before relaxing)
 .debug_str     0x000000000000eafa       0x7a Src/main.o
                                       0xe779 (size before relaxing)
 .debug_str     0x000000000000eb74       0x31 Startup/startup_stm32f103c6tx.o
                                         0x8a (size before relaxing)

.comment        0x0000000000000000       0x7b
 .comment       0x0000000000000000       0x7b AOES_RTOS/AOES_FIFO.o
                                         0x7c (size before relaxing)
 .comment       0x000000000000007b       0x7c AOES_RTOS/CortexMX_OS_porting.o
 .comment       0x000000000000007b       0x7c AOES_RTOS/scheduler.o
 .comment       0x000000000000007b       0x7c Src/main.o

.debug_frame    0x0000000000000000      0x570
 .debug_frame   0x0000000000000000       0xd8 AOES_RTOS/AOES_FIFO.o
 .debug_frame   0x00000000000000d8      0x140 AOES_RTOS/CortexMX_OS_porting.o
 .debug_frame   0x0000000000000218      0x270 AOES_RTOS/scheduler.o
 .debug_frame   0x0000000000000488       0x9c Src/main.o
 .debug_frame   0x0000000000000524       0x2c f:/st/stm32cubeide_1.4.0/stm32cubeide/plugins/com.st.stm32cube.ide.mcu.externaltools.gnu-tools-for-stm32.7-2018-q2-update.win32_1.4.0.202007081208/tools/bin/../lib/gcc/arm-none-eabi/7.3.1/../../../../arm-none-eabi/lib/thumb/v7-m\libc_nano.a(lib_a-init.o)
 .debug_frame   0x0000000000000550       0x20 f:/st/stm32cubeide_1.4.0/stm32cubeide/plugins/com.st.stm32cube.ide.mcu.externaltools.gnu-tools-for-stm32.7-2018-q2-update.win32_1.4.0.202007081208/tools/bin/../lib/gcc/arm-none-eabi/7.3.1/../../../../arm-none-eabi/lib/thumb/v7-m\libc_nano.a(lib_a-strcmp.o)
