core_cm3.h:1640:22:__NVIC_SetPriority	16	static
core_cm3.h:1838:26:SysTick_Config	16	static
CortexMX_OS_porting.c:13:6:HardFault_Handler	4	static
CortexMX_OS_porting.c:16:6:MemManage_Handler	4	static
CortexMX_OS_porting.c:19:6:BusFault_Handler	4	static
CortexMX_OS_porting.c:22:6:UsageFault_Handler	4	static
CortexMX_OS_porting.c:29:27:SVC_Handler	0	static,ignoring_inline_asm
CortexMX_OS_porting.c:41:6:HW_init	8	static
CortexMX_OS_porting.c:49:6:trigger_OS_PendSV	4	static
CortexMX_OS_porting.c:54:6:Start_Ticker	8	static
CortexMX_OS_porting.c:64:6:SysTick_Handler	8	static
