scheduler.c:41:6:AOES_CreatTaskStack	24	static
scheduler.c:81:6:bubbleSort	24	static
scheduler.c:97:6:AOES_Update_SchedulerTable	24	static
scheduler.c:148:6:Decide_whatNext	8	static
scheduler.c:170:6:OS_SVC	24	static
scheduler.c:221:27:PendSV_Handler	0	static,ignoring_inline_asm
scheduler.c:280:6:AOES_Creat_MainStack	4	static
scheduler.c:288:6:AOES_IdleTask	4	static,ignoring_inline_asm
scheduler.c:296:16:AOES_init	16	static
scheduler.c:324:17:AOES_CreatTask	24	static
scheduler.c:351:6:AOES_SVC_Set	16	static,ignoring_inline_asm
scheduler.c:365:17:AOES_ActivateTask	24	static
scheduler.c:375:17:AOES_TerminateTask	24	static
scheduler.c:382:6:AOES_TaskWait	16	static
scheduler.c:390:17:AOES_StartOS	8	static,ignoring_inline_asm
scheduler.c:410:6:AOES_Update_TaskWitingTime	16	static
scheduler.c:432:6:AOES_AcquireMutex	16	static
scheduler.c:446:6:AOES_ReleaseMutex	16	static
