
Allocating common symbols
Common symbol       size              file

pVal                0x4               Pressur_Sensor_Driver.o
Pressure_Sensor_Driver_state_id
                    0x1               main.o
Pressure_Sensor_Driver_state
                    0x4               Pressur_Sensor_Driver.o
Alarm_Monitor_state_id
                    0x1               AlarmMonitor.o
Alarm_Monitor_state
                    0x4               AlarmMonitor.o

Memory Configuration

Name             Origin             Length             Attributes
flash            0x08000000         0x00020000         xr
sram             0x20000000         0x00005000         xrw
*default*        0x00000000         0xffffffff

Linker script and memory map


.text           0x08000000      0x390
 *(.vectors*)
 .vectors       0x08000000       0x1c startup.o
                0x08000000                Vectors
 *(.text*)
 .text          0x0800001c       0x20 Alarm_Actuator_Driver.o
                0x0800001c                start_Alarm
                0x0800002c                stop_Alarm
 .text          0x0800003c       0x90 AlarmMonitor.o
                0x0800003c                High_Pressure_Detection
                0x0800007c                ST_Alarm_Monitor_AlarmON
                0x080000b4                ST_Alarm_Monitor_AlarmOFF
 .text          0x080000cc      0x10c driver.o
                0x080000cc                Delay
                0x080000f0                getPressureVal
                0x08000108                Set_Alarm_actuator
                0x08000158                GPIO_INITIALIZATION
 .text          0x080001d8       0x54 main.o
                0x080001d8                setup
                0x08000208                main
 .text          0x0800022c       0x28 Main_Alg.o
                0x0800022c                set_pVal
 .text          0x08000254       0x84 Pressur_Sensor_Driver.o
                0x08000254                Pressure_Sensor_Driver_init
                0x08000260                ST_Pressure_Sensor_Driver_reading
                0x080002a8                ST_Pressure_Sensor_Driver_waiting
 .text          0x080002d8       0xb8 startup.o
                0x080002d8                NMI_Handler
                0x080002d8                UsageFault_Handler
                0x080002d8                Default_Handler
                0x080002d8                MemManage_Handler
                0x080002d8                BusFault_Handler
                0x080002d8                HardFault_Handler
                0x080002e4                Rest_Handler
 *(.rodata)
                0x08000390                . = ALIGN (0x4)
                0x08000390                _E_text = .

.glue_7         0x08000390        0x0
 .glue_7        0x00000000        0x0 linker stubs

.glue_7t        0x08000390        0x0
 .glue_7t       0x00000000        0x0 linker stubs

.vfp11_veneer   0x08000390        0x0
 .vfp11_veneer  0x00000000        0x0 linker stubs

.v4_bx          0x08000390        0x0
 .v4_bx         0x00000000        0x0 linker stubs

.iplt           0x08000390        0x0
 .iplt          0x00000000        0x0 Alarm_Actuator_Driver.o

.rel.dyn        0x08000390        0x0
 .rel.iplt      0x00000000        0x0 Alarm_Actuator_Driver.o

.data           0x20000000        0x0 load address 0x08000390
                0x20000000                _s_data = .
 *(.data)
 .data          0x20000000        0x0 Alarm_Actuator_Driver.o
 .data          0x20000000        0x0 AlarmMonitor.o
 .data          0x20000000        0x0 driver.o
 .data          0x20000000        0x0 main.o
 .data          0x20000000        0x0 Main_Alg.o
 .data          0x20000000        0x0 Pressur_Sensor_Driver.o
 .data          0x20000000        0x0 startup.o
                0x20000000                _E_data = .

.igot.plt       0x20000000        0x0 load address 0x08000390
 .igot.plt      0x00000000        0x0 Alarm_Actuator_Driver.o

.bss            0x20000000     0x1014 load address 0x08000390
                0x20000000                _s_bss = .
 *(.bss*)
 .bss           0x20000000        0x0 Alarm_Actuator_Driver.o
 .bss           0x20000000        0x0 AlarmMonitor.o
 .bss           0x20000000        0x0 driver.o
 .bss           0x20000000        0x0 main.o
 .bss           0x20000000        0x0 Main_Alg.o
 .bss           0x20000000        0x0 Pressur_Sensor_Driver.o
 .bss           0x20000000        0x0 startup.o
                0x20000000                _E_bss = .
                0x20000000                . = ALIGN (0x4)
                0x20001000                . = (. + 0x1000)
 *fill*         0x20000000     0x1000 
                0x20001000                stack_top = .
 COMMON         0x20001000        0x8 AlarmMonitor.o
                0x20001000                Alarm_Monitor_state_id
                0x20001004                Alarm_Monitor_state
 COMMON         0x20001008        0x1 main.o
                0x20001008                Pressure_Sensor_Driver_state_id
 *fill*         0x20001009        0x3 
 COMMON         0x2000100c        0x8 Pressur_Sensor_Driver.o
                0x2000100c                pVal
                0x20001010                Pressure_Sensor_Driver_state
LOAD Alarm_Actuator_Driver.o
LOAD AlarmMonitor.o
LOAD driver.o
LOAD main.o
LOAD Main_Alg.o
LOAD Pressur_Sensor_Driver.o
LOAD startup.o
OUTPUT(Pressure_Controller_Alarm.elf elf32-littlearm)

.debug_info     0x00000000      0x74f
 .debug_info    0x00000000       0xc8 Alarm_Actuator_Driver.o
 .debug_info    0x000000c8      0x127 AlarmMonitor.o
 .debug_info    0x000001ef      0x103 driver.o
 .debug_info    0x000002f2      0x11d main.o
 .debug_info    0x0000040f       0x9f Main_Alg.o
 .debug_info    0x000004ae      0x139 Pressur_Sensor_Driver.o
 .debug_info    0x000005e7      0x168 startup.o

.debug_abbrev   0x00000000      0x436
 .debug_abbrev  0x00000000       0x6e Alarm_Actuator_Driver.o
 .debug_abbrev  0x0000006e       0xce AlarmMonitor.o
 .debug_abbrev  0x0000013c       0x9d driver.o
 .debug_abbrev  0x000001d9       0xa5 main.o
 .debug_abbrev  0x0000027e       0x51 Main_Alg.o
 .debug_abbrev  0x000002cf       0xa5 Pressur_Sensor_Driver.o
 .debug_abbrev  0x00000374       0xc2 startup.o

.debug_loc      0x00000000      0x328
 .debug_loc     0x00000000       0x58 Alarm_Actuator_Driver.o
 .debug_loc     0x00000058       0x90 AlarmMonitor.o
 .debug_loc     0x000000e8       0xc8 driver.o
 .debug_loc     0x000001b0       0x58 main.o
 .debug_loc     0x00000208       0x38 Main_Alg.o
 .debug_loc     0x00000240       0x84 Pressur_Sensor_Driver.o
 .debug_loc     0x000002c4       0x64 startup.o

.debug_aranges  0x00000000       0xe0
 .debug_aranges
                0x00000000       0x20 Alarm_Actuator_Driver.o
 .debug_aranges
                0x00000020       0x20 AlarmMonitor.o
 .debug_aranges
                0x00000040       0x20 driver.o
 .debug_aranges
                0x00000060       0x20 main.o
 .debug_aranges
                0x00000080       0x20 Main_Alg.o
 .debug_aranges
                0x000000a0       0x20 Pressur_Sensor_Driver.o
 .debug_aranges
                0x000000c0       0x20 startup.o

.debug_line     0x00000000      0x311
 .debug_line    0x00000000       0x4a Alarm_Actuator_Driver.o
 .debug_line    0x0000004a       0x5f AlarmMonitor.o
 .debug_line    0x000000a9       0x99 driver.o
 .debug_line    0x00000142       0x78 main.o
 .debug_line    0x000001ba       0x3e Main_Alg.o
 .debug_line    0x000001f8       0x6e Pressur_Sensor_Driver.o
 .debug_line    0x00000266       0xab startup.o

.debug_str      0x00000000      0x34f
 .debug_str     0x00000000      0x122 Alarm_Actuator_Driver.o
                                0x15b (size before relaxing)
 .debug_str     0x00000122       0x98 AlarmMonitor.o
                                0x1de (size before relaxing)
 .debug_str     0x000001ba       0x3c driver.o
                                0x16e (size before relaxing)
 .debug_str     0x000001f6       0x4f main.o
                                0x1fe (size before relaxing)
 .debug_str     0x00000245       0x14 Main_Alg.o
                                0x132 (size before relaxing)
 .debug_str     0x00000259       0x78 Pressur_Sensor_Driver.o
                                0x226 (size before relaxing)
 .debug_str     0x000002d1       0x7e startup.o
                                0x19b (size before relaxing)

.comment        0x00000000       0x11
 .comment       0x00000000       0x11 Alarm_Actuator_Driver.o
                                 0x12 (size before relaxing)
 .comment       0x00000000       0x12 AlarmMonitor.o
 .comment       0x00000000       0x12 driver.o
 .comment       0x00000000       0x12 main.o
 .comment       0x00000000       0x12 Main_Alg.o
 .comment       0x00000000       0x12 Pressur_Sensor_Driver.o
 .comment       0x00000000       0x12 startup.o

.ARM.attributes
                0x00000000       0x33
 .ARM.attributes
                0x00000000       0x33 Alarm_Actuator_Driver.o
 .ARM.attributes
                0x00000033       0x33 AlarmMonitor.o
 .ARM.attributes
                0x00000066       0x33 driver.o
 .ARM.attributes
                0x00000099       0x33 main.o
 .ARM.attributes
                0x000000cc       0x33 Main_Alg.o
 .ARM.attributes
                0x000000ff       0x33 Pressur_Sensor_Driver.o
 .ARM.attributes
                0x00000132       0x33 startup.o

.debug_frame    0x00000000      0x248
 .debug_frame   0x00000000       0x48 Alarm_Actuator_Driver.o
 .debug_frame   0x00000048       0x64 AlarmMonitor.o
 .debug_frame   0x000000ac       0x78 driver.o
 .debug_frame   0x00000124       0x48 main.o
 .debug_frame   0x0000016c       0x30 Main_Alg.o
 .debug_frame   0x0000019c       0x60 Pressur_Sensor_Driver.o
 .debug_frame   0x000001fc       0x4c startup.o
