stm32f103c6_EXTI_driver.c:39:6:Enable_NVIC	16	static
stm32f103c6_EXTI_driver.c:76:6:Disable_NVIC	16	static
stm32f103c6_EXTI_driver.c:113:6:Update_EXTI	24	static
stm32f103c6_EXTI_driver.c:195:6:MCAL_EXTI_GPIO_DeInit	4	static
stm32f103c6_EXTI_driver.c:224:6:MCAL_EXTI_GPIO_Init	16	static
stm32f103c6_EXTI_driver.c:237:6:MCAL_EXTI_GPIO_Update	16	static
stm32f103c6_EXTI_driver.c:249:6:EXTI0_IRQHandler	8	static
stm32f103c6_EXTI_driver.c:256:6:EXTI1_IRQHandler	8	static
stm32f103c6_EXTI_driver.c:263:6:EXTI2_IRQHandler	8	static
stm32f103c6_EXTI_driver.c:270:6:EXTI3_IRQHandler	8	static
stm32f103c6_EXTI_driver.c:277:6:EXTI4_IRQHandler	8	static
stm32f103c6_EXTI_driver.c:284:6:EXTI9_5_IRQHandler	8	static
stm32f103c6_EXTI_driver.c:292:6:EXTI0_15_IRQHandler	8	static
