Archive member included to satisfy reference by file (symbol)

f:/st/stm32cubeide_1.4.0/stm32cubeide/plugins/com.st.stm32cube.ide.mcu.externaltools.gnu-tools-for-stm32.7-2018-q2-update.win32_1.4.0.202007081208/tools/bin/../lib/gcc/arm-none-eabi/7.3.1/../../../../arm-none-eabi/lib/thumb/v7-m\libc_nano.a(lib_a-errno.o)
                              Src/syscalls.o (__errno)
f:/st/stm32cubeide_1.4.0/stm32cubeide/plugins/com.st.stm32cube.ide.mcu.externaltools.gnu-tools-for-stm32.7-2018-q2-update.win32_1.4.0.202007081208/tools/bin/../lib/gcc/arm-none-eabi/7.3.1/../../../../arm-none-eabi/lib/thumb/v7-m\libc_nano.a(lib_a-exit.o)
                              f:/st/stm32cubeide_1.4.0/stm32cubeide/plugins/com.st.stm32cube.ide.mcu.externaltools.gnu-tools-for-stm32.7-2018-q2-update.win32_1.4.0.202007081208/tools/bin/../lib/gcc/arm-none-eabi/7.3.1/../../../../arm-none-eabi/lib/thumb/v7-m/crt0.o (exit)
f:/st/stm32cubeide_1.4.0/stm32cubeide/plugins/com.st.stm32cube.ide.mcu.externaltools.gnu-tools-for-stm32.7-2018-q2-update.win32_1.4.0.202007081208/tools/bin/../lib/gcc/arm-none-eabi/7.3.1/../../../../arm-none-eabi/lib/thumb/v7-m\libc_nano.a(lib_a-impure.o)
                              f:/st/stm32cubeide_1.4.0/stm32cubeide/plugins/com.st.stm32cube.ide.mcu.externaltools.gnu-tools-for-stm32.7-2018-q2-update.win32_1.4.0.202007081208/tools/bin/../lib/gcc/arm-none-eabi/7.3.1/../../../../arm-none-eabi/lib/thumb/v7-m\libc_nano.a(lib_a-exit.o) (_global_impure_ptr)
f:/st/stm32cubeide_1.4.0/stm32cubeide/plugins/com.st.stm32cube.ide.mcu.externaltools.gnu-tools-for-stm32.7-2018-q2-update.win32_1.4.0.202007081208/tools/bin/../lib/gcc/arm-none-eabi/7.3.1/../../../../arm-none-eabi/lib/thumb/v7-m\libc_nano.a(lib_a-init.o)
                              f:/st/stm32cubeide_1.4.0/stm32cubeide/plugins/com.st.stm32cube.ide.mcu.externaltools.gnu-tools-for-stm32.7-2018-q2-update.win32_1.4.0.202007081208/tools/bin/../lib/gcc/arm-none-eabi/7.3.1/../../../../arm-none-eabi/lib/thumb/v7-m/crt0.o (__libc_init_array)
f:/st/stm32cubeide_1.4.0/stm32cubeide/plugins/com.st.stm32cube.ide.mcu.externaltools.gnu-tools-for-stm32.7-2018-q2-update.win32_1.4.0.202007081208/tools/bin/../lib/gcc/arm-none-eabi/7.3.1/../../../../arm-none-eabi/lib/thumb/v7-m\libc_nano.a(lib_a-memset.o)
                              f:/st/stm32cubeide_1.4.0/stm32cubeide/plugins/com.st.stm32cube.ide.mcu.externaltools.gnu-tools-for-stm32.7-2018-q2-update.win32_1.4.0.202007081208/tools/bin/../lib/gcc/arm-none-eabi/7.3.1/../../../../arm-none-eabi/lib/thumb/v7-m/crt0.o (memset)

Allocating common symbols
Common symbol       size              file

Global_SPI_Config2  0x18              stm32_F103C6_drivers/stm32f103c6_SPI_driver.o
PinCfg              0x4               HAL/KEYPAD_Driver/keypad_driver.o
Global_SPI_Config1  0x18              stm32_F103C6_drivers/stm32f103c6_SPI_driver.o
ch                  0x2               Src/main.o
GP_IRQ_CallBack     0x3c              stm32_F103C6_drivers/stm32f103c6_EXTI_driver.o

Discarded input sections

 .text          0x0000000000000000        0x0 f:/st/stm32cubeide_1.4.0/stm32cubeide/plugins/com.st.stm32cube.ide.mcu.externaltools.gnu-tools-for-stm32.7-2018-q2-update.win32_1.4.0.202007081208/tools/bin/../lib/gcc/arm-none-eabi/7.3.1/thumb/v7-m/crti.o
 .data          0x0000000000000000        0x0 f:/st/stm32cubeide_1.4.0/stm32cubeide/plugins/com.st.stm32cube.ide.mcu.externaltools.gnu-tools-for-stm32.7-2018-q2-update.win32_1.4.0.202007081208/tools/bin/../lib/gcc/arm-none-eabi/7.3.1/thumb/v7-m/crti.o
 .bss           0x0000000000000000        0x0 f:/st/stm32cubeide_1.4.0/stm32cubeide/plugins/com.st.stm32cube.ide.mcu.externaltools.gnu-tools-for-stm32.7-2018-q2-update.win32_1.4.0.202007081208/tools/bin/../lib/gcc/arm-none-eabi/7.3.1/thumb/v7-m/crti.o
 .data          0x0000000000000000        0x4 f:/st/stm32cubeide_1.4.0/stm32cubeide/plugins/com.st.stm32cube.ide.mcu.externaltools.gnu-tools-for-stm32.7-2018-q2-update.win32_1.4.0.202007081208/tools/bin/../lib/gcc/arm-none-eabi/7.3.1/thumb/v7-m/crtbegin.o
 .text          0x0000000000000000       0x74 f:/st/stm32cubeide_1.4.0/stm32cubeide/plugins/com.st.stm32cube.ide.mcu.externaltools.gnu-tools-for-stm32.7-2018-q2-update.win32_1.4.0.202007081208/tools/bin/../lib/gcc/arm-none-eabi/7.3.1/../../../../arm-none-eabi/lib/thumb/v7-m/crt0.o
 .data          0x0000000000000000        0x0 f:/st/stm32cubeide_1.4.0/stm32cubeide/plugins/com.st.stm32cube.ide.mcu.externaltools.gnu-tools-for-stm32.7-2018-q2-update.win32_1.4.0.202007081208/tools/bin/../lib/gcc/arm-none-eabi/7.3.1/../../../../arm-none-eabi/lib/thumb/v7-m/crt0.o
 .bss           0x0000000000000000        0x0 f:/st/stm32cubeide_1.4.0/stm32cubeide/plugins/com.st.stm32cube.ide.mcu.externaltools.gnu-tools-for-stm32.7-2018-q2-update.win32_1.4.0.202007081208/tools/bin/../lib/gcc/arm-none-eabi/7.3.1/../../../../arm-none-eabi/lib/thumb/v7-m/crt0.o
[...]
Memory Configuration

Name             Origin             Length             Attributes
RAM              0x0000000020000000 0x0000000000002800 xrw
ROM              0x0000000008000000 0x0000000000008000 xr
*default*        0x0000000000000000 0xffffffffffffffff

Linker script and memory map

LOAD f:/st/stm32cubeide_1.4.0/stm32cubeide/plugins/com.st.stm32cube.ide.mcu.externaltools.gnu-tools-for-stm32.7-2018-q2-update.win32_1.4.0.202007081208/tools/bin/../lib/gcc/arm-none-eabi/7.3.1/thumb/v7-m/crti.o
LOAD f:/st/stm32cubeide_1.4.0/stm32cubeide/plugins/com.st.stm32cube.ide.mcu.externaltools.gnu-tools-for-stm32.7-2018-q2-update.win32_1.4.0.202007081208/tools/bin/../lib/gcc/arm-none-eabi/7.3.1/thumb/v7-m/crtbegin.o
LOAD f:/st/stm32cubeide_1.4.0/stm32cubeide/plugins/com.st.stm32cube.ide.mcu.externaltools.gnu-tools-for-stm32.7-2018-q2-update.win32_1.4.0.202007081208/tools/bin/../lib/gcc/arm-none-eabi/7.3.1/../../../../arm-none-eabi/lib/thumb/v7-m/crt0.o
LOAD HAL/I2C_Slave_EEPROM/I2C_Slave_EEPROM.o
LOAD HAL/KEYPAD_Driver/keypad_driver.o
LOAD HAL/LCD_Driver/lcd_driver.o
LOAD Src/main.o
LOAD Src/syscalls.o
LOAD Src/sysmem.o
LOAD Startup/startup_stm32f103c6tx.o
LOAD stm32_F103C6_drivers/stm32_F103C6_gpio_driver.o
LOAD stm32_F103C6_drivers/stm32f103c6_EXTI_driver.o
LOAD stm32_F103C6_drivers/stm32f103c6_I2C_driver.o
LOAD stm32_F103C6_drivers/stm32f103c6_RCC_driver.o
LOAD stm32_F103C6_drivers/stm32f103c6_SPI_driver.o
LOAD stm32_F103C6_drivers/stm32f103c6_USART_driver.o
START GROUP
LOAD f:/st/stm32cubeide_1.4.0/stm32cubeide/plugins/com.st.stm32cube.ide.mcu.externaltools.gnu-tools-for-stm32.7-2018-q2-update.win32_1.4.0.202007081208/tools/bin/../lib/gcc/arm-none-eabi/7.3.1/../../../../arm-none-eabi/lib/thumb/v7-m\libc_nano.a
LOAD f:/st/stm32cubeide_1.4.0/stm32cubeide/plugins/com.st.stm32cube.ide.mcu.externaltools.gnu-tools-for-stm32.7-2018-q2-update.win32_1.4.0.202007081208/tools/bin/../lib/gcc/arm-none-eabi/7.3.1/../../../../arm-none-eabi/lib/thumb/v7-m\libm.a
END GROUP
START GROUP
LOAD f:/st/stm32cubeide_1.4.0/stm32cubeide/plugins/com.st.stm32cube.ide.mcu.externaltools.gnu-tools-for-stm32.7-2018-q2-update.win32_1.4.0.202007081208/tools/bin/../lib/gcc/arm-none-eabi/7.3.1/thumb/v7-m\libgcc.a
LOAD f:/st/stm32cubeide_1.4.0/stm32cubeide/plugins/com.st.stm32cube.ide.mcu.externaltools.gnu-tools-for-stm32.7-2018-q2-update.win32_1.4.0.202007081208/tools/bin/../lib/gcc/arm-none-eabi/7.3.1/../../../../arm-none-eabi/lib/thumb/v7-m\libg_nano.a
LOAD f:/st/stm32cubeide_1.4.0/stm32cubeide/plugins/com.st.stm32cube.ide.mcu.externaltools.gnu-tools-for-stm32.7-2018-q2-update.win32_1.4.0.202007081208/tools/bin/../lib/gcc/arm-none-eabi/7.3.1/../../../../arm-none-eabi/lib/thumb/v7-m\libc_nano.a
END GROUP
START GROUP
LOAD f:/st/stm32cubeide_1.4.0/stm32cubeide/plugins/com.st.stm32cube.ide.mcu.externaltools.gnu-tools-for-stm32.7-2018-q2-update.win32_1.4.0.202007081208/tools/bin/../lib/gcc/arm-none-eabi/7.3.1/thumb/v7-m\libgcc.a
LOAD f:/st/stm32cubeide_1.4.0/stm32cubeide/plugins/com.st.stm32cube.ide.mcu.externaltools.gnu-tools-for-stm32.7-2018-q2-update.win32_1.4.0.202007081208/tools/bin/../lib/gcc/arm-none-eabi/7.3.1/../../../../arm-none-eabi/lib/thumb/v7-m\libc_nano.a
LOAD f:/st/stm32cubeide_1.4.0/stm32cubeide/plugins/com.st.stm32cube.ide.mcu.externaltools.gnu-tools-for-stm32.7-2018-q2-update.win32_1.4.0.202007081208/tools/bin/../lib/gcc/arm-none-eabi/7.3.1/../../../../arm-none-eabi/lib/thumb/v7-m\libnosys.a
END GROUP
START GROUP
LOAD f:/st/stm32cubeide_1.4.0/stm32cubeide/plugins/com.st.stm32cube.ide.mcu.externaltools.gnu-tools-for-stm32.7-2018-q2-update.win32_1.4.0.202007081208/tools/bin/../lib/gcc/arm-none-eabi/7.3.1/thumb/v7-m\libgcc.a
LOAD f:/st/stm32cubeide_1.4.0/stm32cubeide/plugins/com.st.stm32cube.ide.mcu.externaltools.gnu-tools-for-stm32.7-2018-q2-update.win32_1.4.0.202007081208/tools/bin/../lib/gcc/arm-none-eabi/7.3.1/../../../../arm-none-eabi/lib/thumb/v7-m\libc_nano.a
LOAD f:/st/stm32cubeide_1.4.0/stm32cubeide/plugins/com.st.stm32cube.ide.mcu.externaltools.gnu-tools-for-stm32.7-2018-q2-update.win32_1.4.0.202007081208/tools/bin/../lib/gcc/arm-none-eabi/7.3.1/../../../../arm-none-eabi/lib/thumb/v7-m\libnosys.a
END GROUP
LOAD f:/st/stm32cubeide_1.4.0/stm32cubeide/plugins/com.st.stm32cube.ide.mcu.externaltools.gnu-tools-for-stm32.7-2018-q2-update.win32_1.4.0.202007081208/tools/bin/../lib/gcc/arm-none-eabi/7.3.1/thumb/v7-m/crtend.o
LOAD f:/st/stm32cubeide_1.4.0/stm32cubeide/plugins/com.st.stm32cube.ide.mcu.externaltools.gnu-tools-for-stm32.7-2018-q2-update.win32_1.4.0.202007081208/tools/bin/../lib/gcc/arm-none-eabi/7.3.1/thumb/v7-m/crtn.o
                0x0000000020002800                _estack = (ORIGIN (RAM) + LENGTH (RAM))
                0x0000000000000200                _Min_Heap_Size = 0x200
                0x0000000000000400                _Min_Stack_Size = 0x400

.isr_vector     0x0000000008000000      0x130
                0x0000000008000000                . = ALIGN (0x4)
 *(.isr_vector)
 .isr_vector    0x0000000008000000      0x130 Startup/startup_stm32f103c6tx.o
                0x0000000008000000                g_pfnVectors
                0x0000000008000130                . = ALIGN (0x4)

.text           0x0000000008000130      0xe0c
                0x0000000008000130                . = ALIGN (0x4)
 *(.text)
 .text          0x0000000008000130       0x40 f:/st/stm32cubeide_1.4.0/stm32cubeide/plugins/com.st.stm32cube.ide.mcu.externaltools.gnu-tools-for-stm32.7-2018-q2-update.win32_1.4.0.202007081208/tools/bin/../lib/gcc/arm-none-eabi/7.3.1/thumb/v7-m/crtbegin.o
 *(.text*)
 .text.eeprom_init
                0x0000000008000170       0x40 HAL/I2C_Slave_EEPROM/I2C_Slave_EEPROM.o
                0x0000000008000170                eeprom_init
 .text.eeprom_write_Nbytes
                0x00000000080001b0       0xa4 HAL/I2C_Slave_EEPROM/I2C_Slave_EEPROM.o
                0x00000000080001b0                eeprom_write_Nbytes
 .text.eeprom_read_byte
                0x0000000008000254       0x5c HAL/I2C_Slave_EEPROM/I2C_Slave_EEPROM.o
                0x0000000008000254                eeprom_read_byte
 .text.clock_init
                0x00000000080002b0       0x34 Src/main.o
                0x00000000080002b0                clock_init
 .text.main     0x00000000080002e4       0x78 Src/main.o
                0x00000000080002e4                main
 .text.Reset_Handler
                0x000000000800035c       0x50 Startup/startup_stm32f103c6tx.o
                0x000000000800035c                Reset_Handler
 .text.Default_Handler
                0x00000000080003ac        0x2 Startup/startup_stm32f103c6tx.o
                0x00000000080003ac                TIM8_TRG_COM_IRQHandler
                0x00000000080003ac                TIM8_CC_IRQHandler
                0x00000000080003ac                DebugMon_Handler
                0x00000000080003ac                TIM1_CC_IRQHandler
                0x00000000080003ac                HardFault_Handler
                0x00000000080003ac                TIM6_IRQHandler
                0x00000000080003ac                SysTick_Handler
                0x00000000080003ac                PVD_IRQHandler
                0x00000000080003ac                SDIO_IRQHandler
                0x00000000080003ac                PendSV_Handler
                0x00000000080003ac                NMI_Handler
                0x00000000080003ac                USB_HP_CAN_TX_IRQHandler
                0x00000000080003ac                UsageFault_Handler
                0x00000000080003ac                ADC1_2_IRQHandler
                0x00000000080003ac                CAN_SCE_IRQHandler
                0x00000000080003ac                TAMPER_IRQHandler
                0x00000000080003ac                TIM8_UP_IRQHandler
                0x00000000080003ac                DMA2_Channel2_IRQHandler
                0x00000000080003ac                DMA1_Channel4_IRQHandler
                0x00000000080003ac                RTC_IRQHandler
                0x00000000080003ac                DMA1_Channel7_IRQHandler
                0x00000000080003ac                UART5_IRQHandler
                0x00000000080003ac                ADC3_IRQHandler
                0x00000000080003ac                TIM4_IRQHandler
                0x00000000080003ac                CAN_RX1_IRQHandler
                0x00000000080003ac                DMA2_Channel1_IRQHandler
                0x00000000080003ac                DMA1_Channel6_IRQHandler
                0x00000000080003ac                UART4_IRQHandler
                0x00000000080003ac                TIM3_IRQHandler
                0x00000000080003ac                RCC_IRQHandler
                0x00000000080003ac                TIM1_TRG_COM_IRQHandler
                0x00000000080003ac                DMA1_Channel1_IRQHandler
                0x00000000080003ac                Default_Handler
                0x00000000080003ac                EXTI15_10_IRQHandler
                0x00000000080003ac                TIM7_IRQHandler
                0x00000000080003ac                TIM5_IRQHandler
                0x00000000080003ac                USB_LP_CAN_RX0_IRQHandler
                0x00000000080003ac                MemManage_Handler
                0x00000000080003ac                SVC_Handler
                0x00000000080003ac                DMA1_Channel5_IRQHandler
                0x00000000080003ac                DMA1_Channel3_IRQHandler
                0x00000000080003ac                FSMC_IRQHandler
                0x00000000080003ac                TIM1_UP_IRQHandler
                0x00000000080003ac                WWDG_IRQHandler
                0x00000000080003ac                TIM2_IRQHandler
                0x00000000080003ac                TIM1_BRK_IRQHandler
                0x00000000080003ac                RTCAlarm_IRQHandler
                0x00000000080003ac                DMA2_Channel4_5_IRQHandler
                0x00000000080003ac                DMA1_Channel2_IRQHandler
                0x00000000080003ac                TIM8_BRK_IRQHandler
                0x00000000080003ac                FLASH_IRQHandler
                0x00000000080003ac                BusFault_Handler
                0x00000000080003ac                SPI3_IRQHandler
                0x00000000080003ac                DMA2_Channel3_IRQHandler
 .text.Get_CRLH_Position
                0x00000000080003ae       0xc6 stm32_F103C6_drivers/stm32_F103C6_gpio_driver.o
                0x00000000080003ae                Get_CRLH_Position
 .text.MCAL_GPIO_Init
                0x0000000008000474       0xfe stm32_F103C6_drivers/stm32_F103C6_gpio_driver.o
                0x0000000008000474                MCAL_GPIO_Init
 *fill*         0x0000000008000572        0x2 
 .text.EXTI0_IRQHandler
                0x0000000008000574       0x24 stm32_F103C6_drivers/stm32f103c6_EXTI_driver.o
                0x0000000008000574                EXTI0_IRQHandler
 .text.EXTI1_IRQHandler
                0x0000000008000598       0x24 stm32_F103C6_drivers/stm32f103c6_EXTI_driver.o
                0x0000000008000598                EXTI1_IRQHandler
 .text.EXTI2_IRQHandler
                0x00000000080005bc       0x24 stm32_F103C6_drivers/stm32f103c6_EXTI_driver.o
                0x00000000080005bc                EXTI2_IRQHandler
 .text.EXTI3_IRQHandler
                0x00000000080005e0       0x24 stm32_F103C6_drivers/stm32f103c6_EXTI_driver.o
                0x00000000080005e0                EXTI3_IRQHandler
 .text.EXTI4_IRQHandler
                0x0000000008000604       0x24 stm32_F103C6_drivers/stm32f103c6_EXTI_driver.o
                0x0000000008000604                EXTI4_IRQHandler
 .text.EXTI9_5_IRQHandler
                0x0000000008000628       0xa8 stm32_F103C6_drivers/stm32f103c6_EXTI_driver.o
                0x0000000008000628                EXTI9_5_IRQHandler
 .text.MCAL_I2C_Init
                0x00000000080006d0      0x208 stm32_F103C6_drivers/stm32f103c6_I2C_driver.o
                0x00000000080006d0                MCAL_I2C_Init
 .text.MCAL_I2C_GPIO_Set_Pins
                0x00000000080008d8       0x88 stm32_F103C6_drivers/stm32f103c6_I2C_driver.o
                0x00000000080008d8                MCAL_I2C_GPIO_Set_Pins
 .text.MCAL_I2C_Master_TX
                0x0000000008000960       0xbc stm32_F103C6_drivers/stm32f103c6_I2C_driver.o
                0x0000000008000960                MCAL_I2C_Master_TX
 .text.MCAL_I2C_Master_RX
                0x0000000008000a1c       0xe8 stm32_F103C6_drivers/stm32f103c6_I2C_driver.o
                0x0000000008000a1c                MCAL_I2C_Master_RX
 .text.I2C_GenerateStar
                0x0000000008000b04       0x4e stm32_F103C6_drivers/stm32f103c6_I2C_driver.o
                0x0000000008000b04                I2C_GenerateStar
 *fill*         0x0000000008000b52        0x2 
 .text.I2C_GetFlagStatus
                0x0000000008000b54      0x114 stm32_F103C6_drivers/stm32f103c6_I2C_driver.o
                0x0000000008000b54                I2C_GetFlagStatus
 .text.I2C_SendAddress
                0x0000000008000c68       0x58 stm32_F103C6_drivers/stm32f103c6_I2C_driver.o
                0x0000000008000c68                I2C_SendAddress
 .text.I2C_GenerateStop
                0x0000000008000cc0       0x36 stm32_F103C6_drivers/stm32f103c6_I2C_driver.o
                0x0000000008000cc0                I2C_GenerateStop
 .text.I2C_AcknowledgeConfig
                0x0000000008000cf6       0x36 stm32_F103C6_drivers/stm32f103c6_I2C_driver.o
                0x0000000008000cf6                I2C_AcknowledgeConfig
 .text.I2C1_EV_IRQHandler
                0x0000000008000d2c        0xc stm32_F103C6_drivers/stm32f103c6_I2C_driver.o
                0x0000000008000d2c                I2C1_EV_IRQHandler
 .text.I2C1_ER_IRQHandler
                0x0000000008000d38        0xc stm32_F103C6_drivers/stm32f103c6_I2C_driver.o
                0x0000000008000d38                I2C1_ER_IRQHandler
 .text.I2C2_EV_IRQHandler
                0x0000000008000d44        0xc stm32_F103C6_drivers/stm32f103c6_I2C_driver.o
                0x0000000008000d44                I2C2_EV_IRQHandler
 .text.I2C2_ER_IRQHandler
                0x0000000008000d50        0xc stm32_F103C6_drivers/stm32f103c6_I2C_driver.o
                0x0000000008000d50                I2C2_ER_IRQHandler
 .text.MCAL_RCC_GetSYS_CLCKFreq
                0x0000000008000d5c       0x3c stm32_F103C6_drivers/stm32f103c6_RCC_driver.o
                0x0000000008000d5c                MCAL_RCC_GetSYS_CLCKFreq
 .text.MCAL_RCC_GetHCLKFreq
                0x0000000008000d98       0x28 stm32_F103C6_drivers/stm32f103c6_RCC_driver.o
                0x0000000008000d98                MCAL_RCC_GetHCLKFreq
 .text.MCAL_RCC_GetPCLK1Freq
                0x0000000008000dc0       0x28 stm32_F103C6_drivers/stm32f103c6_RCC_driver.o
                0x0000000008000dc0                MCAL_RCC_GetPCLK1Freq
 .text.SPI1_IRQHandler
                0x0000000008000de8       0x5c stm32_F103C6_drivers/stm32f103c6_SPI_driver.o
                0x0000000008000de8                SPI1_IRQHandler
 .text.SPI2_IRQHandler
                0x0000000008000e44       0x5c stm32_F103C6_drivers/stm32f103c6_SPI_driver.o
                0x0000000008000e44                SPI2_IRQHandler
 .text.USART1_IRQHandler
                0x0000000008000ea0       0x14 stm32_F103C6_drivers/stm32f103c6_USART_driver.o
                0x0000000008000ea0                USART1_IRQHandler
 .text.USART2_IRQHandler
                0x0000000008000eb4       0x14 stm32_F103C6_drivers/stm32f103c6_USART_driver.o
                0x0000000008000eb4                USART2_IRQHandler
 .text.USART3_IRQHandler
                0x0000000008000ec8       0x14 stm32_F103C6_drivers/stm32f103c6_USART_driver.o
                0x0000000008000ec8                USART3_IRQHandler
 .text.__libc_init_array
                0x0000000008000edc       0x48 f:/st/stm32cubeide_1.4.0/stm32cubeide/plugins/com.st.stm32cube.ide.mcu.externaltools.gnu-tools-for-stm32.7-2018-q2-update.win32_1.4.0.202007081208/tools/bin/../lib/gcc/arm-none-eabi/7.3.1/../../../../arm-none-eabi/lib/thumb/v7-m\libc_nano.a(lib_a-init.o)
                0x0000000008000edc                __libc_init_array
 *(.glue_7)
 .glue_7        0x0000000008000f24        0x0 linker stubs
 *(.glue_7t)
 .glue_7t       0x0000000008000f24        0x0 linker stubs
 *(.eh_frame)
 .eh_frame      0x0000000008000f24        0x0 f:/st/stm32cubeide_1.4.0/stm32cubeide/plugins/com.st.stm32cube.ide.mcu.externaltools.gnu-tools-for-stm32.7-2018-q2-update.win32_1.4.0.202007081208/tools/bin/../lib/gcc/arm-none-eabi/7.3.1/thumb/v7-m/crtbegin.o
 *(.init)
 .init          0x0000000008000f24        0x4 f:/st/stm32cubeide_1.4.0/stm32cubeide/plugins/com.st.stm32cube.ide.mcu.externaltools.gnu-tools-for-stm32.7-2018-q2-update.win32_1.4.0.202007081208/tools/bin/../lib/gcc/arm-none-eabi/7.3.1/thumb/v7-m/crti.o
                0x0000000008000f24                _init
 .init          0x0000000008000f28        0x8 f:/st/stm32cubeide_1.4.0/stm32cubeide/plugins/com.st.stm32cube.ide.mcu.externaltools.gnu-tools-for-stm32.7-2018-q2-update.win32_1.4.0.202007081208/tools/bin/../lib/gcc/arm-none-eabi/7.3.1/thumb/v7-m/crtn.o
 *(.fini)
 .fini          0x0000000008000f30        0x4 f:/st/stm32cubeide_1.4.0/stm32cubeide/plugins/com.st.stm32cube.ide.mcu.externaltools.gnu-tools-for-stm32.7-2018-q2-update.win32_1.4.0.202007081208/tools/bin/../lib/gcc/arm-none-eabi/7.3.1/thumb/v7-m/crti.o
                0x0000000008000f30                _fini
 .fini          0x0000000008000f34        0x8 f:/st/stm32cubeide_1.4.0/stm32cubeide/plugins/com.st.stm32cube.ide.mcu.externaltools.gnu-tools-for-stm32.7-2018-q2-update.win32_1.4.0.202007081208/tools/bin/../lib/gcc/arm-none-eabi/7.3.1/thumb/v7-m/crtn.o
                0x0000000008000f3c                . = ALIGN (0x4)
                0x0000000008000f3c                _etext = .

.vfp11_veneer   0x0000000008000f3c        0x0
 .vfp11_veneer  0x0000000008000f3c        0x0 linker stubs

.v4_bx          0x0000000008000f3c        0x0
 .v4_bx         0x0000000008000f3c        0x0 linker stubs

.iplt           0x0000000008000f3c        0x0
 .iplt          0x0000000008000f3c        0x0 f:/st/stm32cubeide_1.4.0/stm32cubeide/plugins/com.st.stm32cube.ide.mcu.externaltools.gnu-tools-for-stm32.7-2018-q2-update.win32_1.4.0.202007081208/tools/bin/../lib/gcc/arm-none-eabi/7.3.1/thumb/v7-m/crtbegin.o

.rodata         0x0000000008000f3c       0x20
                0x0000000008000f3c                . = ALIGN (0x4)
 *(.rodata)
 .rodata        0x0000000008000f3c        0x7 Src/main.o
 *(.rodata*)
 *fill*         0x0000000008000f43        0x1 
 .rodata.APBPrescTable
                0x0000000008000f44        0x8 stm32_F103C6_drivers/stm32f103c6_RCC_driver.o
                0x0000000008000f44                APBPrescTable
 .rodata.AHBPrescTable
                0x0000000008000f4c       0x10 stm32_F103C6_drivers/stm32f103c6_RCC_driver.o
                0x0000000008000f4c                AHBPrescTable
                0x0000000008000f5c                . = ALIGN (0x4)

.rel.dyn        0x0000000008000f5c        0x0
 .rel.iplt      0x0000000008000f5c        0x0 f:/st/stm32cubeide_1.4.0/stm32cubeide/plugins/com.st.stm32cube.ide.mcu.externaltools.gnu-tools-for-stm32.7-2018-q2-update.win32_1.4.0.202007081208/tools/bin/../lib/gcc/arm-none-eabi/7.3.1/thumb/v7-m/crtbegin.o

.ARM.extab      0x0000000008000f5c        0x0
                0x0000000008000f5c                . = ALIGN (0x4)
 *(.ARM.extab* .gnu.linkonce.armextab.*)
                0x0000000008000f5c                . = ALIGN (0x4)

.ARM            0x0000000008000f5c        0x0
                0x0000000008000f5c                . = ALIGN (0x4)
                0x0000000008000f5c                __exidx_start = .
 *(.ARM.exidx*)
                0x0000000008000f5c                __exidx_end = .
                0x0000000008000f5c                . = ALIGN (0x4)

.preinit_array  0x0000000008000f5c        0x0
                0x0000000008000f5c                . = ALIGN (0x4)
                0x0000000008000f5c                PROVIDE (__preinit_array_start = .)
 *(.preinit_array*)
                0x0000000008000f5c                PROVIDE (__preinit_array_end = .)
                0x0000000008000f5c                . = ALIGN (0x4)

.init_array     0x0000000008000f5c        0x4
                0x0000000008000f5c                . = ALIGN (0x4)
                0x0000000008000f5c                PROVIDE (__init_array_start = .)
 *(SORT_BY_NAME(.init_array.*))
 *(.init_array*)
 .init_array    0x0000000008000f5c        0x4 f:/st/stm32cubeide_1.4.0/stm32cubeide/plugins/com.st.stm32cube.ide.mcu.externaltools.gnu-tools-for-stm32.7-2018-q2-update.win32_1.4.0.202007081208/tools/bin/../lib/gcc/arm-none-eabi/7.3.1/thumb/v7-m/crtbegin.o
                0x0000000008000f60                PROVIDE (__init_array_end = .)
                0x0000000008000f60                . = ALIGN (0x4)

.fini_array     0x0000000008000f60        0x4
                0x0000000008000f60                . = ALIGN (0x4)
                [!provide]                        PROVIDE (__fini_array_start = .)
 *(SORT_BY_NAME(.fini_array.*))
 *(.fini_array*)
 .fini_array    0x0000000008000f60        0x4 f:/st/stm32cubeide_1.4.0/stm32cubeide/plugins/com.st.stm32cube.ide.mcu.externaltools.gnu-tools-for-stm32.7-2018-q2-update.win32_1.4.0.202007081208/tools/bin/../lib/gcc/arm-none-eabi/7.3.1/thumb/v7-m/crtbegin.o
                [!provide]                        PROVIDE (__fini_array_end = .)
                0x0000000008000f64                . = ALIGN (0x4)
                0x0000000008000f64                _sidata = LOADADDR (.data)

.data           0x0000000020000000        0x0 load address 0x0000000008000f64
                0x0000000020000000                . = ALIGN (0x4)
                0x0000000020000000                _sdata = .
 *(.data)
 *(.data*)
                0x0000000020000000                . = ALIGN (0x4)
                0x0000000020000000                _edata = .

.igot.plt       0x0000000020000000        0x0 load address 0x0000000008000f64
 .igot.plt      0x0000000020000000        0x0 f:/st/stm32cubeide_1.4.0/stm32cubeide/plugins/com.st.stm32cube.ide.mcu.externaltools.gnu-tools-for-stm32.7-2018-q2-update.win32_1.4.0.202007081208/tools/bin/../lib/gcc/arm-none-eabi/7.3.1/thumb/v7-m/crtbegin.o
                0x0000000020000000                . = ALIGN (0x4)

.bss            0x0000000020000000       0xac load address 0x0000000008000f64
                0x0000000020000000                _sbss = .
                0x0000000020000000                __bss_start__ = _sbss
 *(.bss)
 .bss           0x0000000020000000       0x1c f:/st/stm32cubeide_1.4.0/stm32cubeide/plugins/com.st.stm32cube.ide.mcu.externaltools.gnu-tools-for-stm32.7-2018-q2-update.win32_1.4.0.202007081208/tools/bin/../lib/gcc/arm-none-eabi/7.3.1/thumb/v7-m/crtbegin.o
 *(.bss*)
 .bss.Global_I2C_Config
                0x000000002000001c       0x48 stm32_F103C6_drivers/stm32f103c6_I2C_driver.o
                0x000000002000001c                Global_I2C_Config
 .bss.Global_SPI_Config
                0x0000000020000064        0x8 stm32_F103C6_drivers/stm32f103c6_SPI_driver.o
                0x0000000020000064                Global_SPI_Config
 .bss.Global_UART_Config
                0x000000002000006c        0x4 stm32_F103C6_drivers/stm32f103c6_USART_driver.o
                0x000000002000006c                Global_UART_Config
 *(COMMON)
 COMMON         0x0000000020000070       0x3c stm32_F103C6_drivers/stm32f103c6_EXTI_driver.o
                0x0000000020000070                GP_IRQ_CallBack
                0x00000000200000ac                . = ALIGN (0x4)
                0x00000000200000ac                _ebss = .
                0x00000000200000ac                __bss_end__ = _ebss

._user_heap_stack
                0x00000000200000ac      0x604 load address 0x0000000008000f64
                0x00000000200000b0                . = ALIGN (0x8)
 *fill*         0x00000000200000ac        0x4 
                [!provide]                        PROVIDE (end = .)
                0x00000000200000b0                PROVIDE (_end = .)
                0x00000000200002b0                . = (. + _Min_Heap_Size)
 *fill*         0x00000000200000b0      0x200 
                0x00000000200006b0                . = (. + _Min_Stack_Size)
 *fill*         0x00000000200002b0      0x400 
                0x00000000200006b0                . = ALIGN (0x8)

/DISCARD/
 libc.a(*)
 libm.a(*)
 libgcc.a(*)

.ARM.attributes
                0x0000000000000000       0x29
 *(.ARM.attributes)
 .ARM.attributes
                0x0000000000000000       0x1d f:/st/stm32cubeide_1.4.0/stm32cubeide/plugins/com.st.stm32cube.ide.mcu.externaltools.gnu-tools-for-stm32.7-2018-q2-update.win32_1.4.0.202007081208/tools/bin/../lib/gcc/arm-none-eabi/7.3.1/thumb/v7-m/crti.o
 .ARM.attributes
                0x000000000000001d       0x2d f:/st/stm32cubeide_1.4.0/stm32cubeide/plugins/com.st.stm32cube.ide.mcu.externaltools.gnu-tools-for-stm32.7-2018-q2-update.win32_1.4.0.202007081208/tools/bin/../lib/gcc/arm-none-eabi/7.3.1/thumb/v7-m/crtbegin.o
 .ARM.attributes
                0x000000000000004a       0x33 HAL/I2C_Slave_EEPROM/I2C_Slave_EEPROM.o
 .ARM.attributes
                0x000000000000007d       0x33 Src/main.o
 .ARM.attributes
                0x00000000000000b0       0x21 Startup/startup_stm32f103c6tx.o
 .ARM.attributes
                0x00000000000000d1       0x33 stm32_F103C6_drivers/stm32_F103C6_gpio_driver.o
 .ARM.attributes
                0x0000000000000104       0x33 stm32_F103C6_drivers/stm32f103c6_EXTI_driver.o
 .ARM.attributes
                0x0000000000000137       0x33 stm32_F103C6_drivers/stm32f103c6_I2C_driver.o
 .ARM.attributes
                0x000000000000016a       0x33 stm32_F103C6_drivers/stm32f103c6_RCC_driver.o
 .ARM.attributes
                0x000000000000019d       0x33 stm32_F103C6_drivers/stm32f103c6_SPI_driver.o
 .ARM.attributes
                0x00000000000001d0       0x33 stm32_F103C6_drivers/stm32f103c6_USART_driver.o
 .ARM.attributes
                0x0000000000000203       0x2d f:/st/stm32cubeide_1.4.0/stm32cubeide/plugins/com.st.stm32cube.ide.mcu.externaltools.gnu-tools-for-stm32.7-2018-q2-update.win32_1.4.0.202007081208/tools/bin/../lib/gcc/arm-none-eabi/7.3.1/../../../../arm-none-eabi/lib/thumb/v7-m\libc_nano.a(lib_a-init.o)
 .ARM.attributes
                0x0000000000000230       0x1d f:/st/stm32cubeide_1.4.0/stm32cubeide/plugins/com.st.stm32cube.ide.mcu.externaltools.gnu-tools-for-stm32.7-2018-q2-update.win32_1.4.0.202007081208/tools/bin/../lib/gcc/arm-none-eabi/7.3.1/thumb/v7-m/crtn.o
OUTPUT(Drivers.elf elf32-littlearm)

.debug_info     0x0000000000000000     0x6de1
 .debug_info    0x0000000000000000      0xc9d HAL/I2C_Slave_EEPROM/I2C_Slave_EEPROM.o
 .debug_info    0x0000000000000c9d      0xadb Src/main.o
 .debug_info    0x0000000000001778       0x22 Startup/startup_stm32f103c6tx.o
 .debug_info    0x000000000000179a      0xdf4 stm32_F103C6_drivers/stm32_F103C6_gpio_driver.o
 .debug_info    0x000000000000258e      0xdbd stm32_F103C6_drivers/stm32f103c6_EXTI_driver.o
 .debug_info    0x000000000000334b     0x123d stm32_F103C6_drivers/stm32f103c6_I2C_driver.o
 .debug_info    0x0000000000004588      0xb25 stm32_F103C6_drivers/stm32f103c6_RCC_driver.o
 .debug_info    0x00000000000050ad      0xf1e stm32_F103C6_drivers/stm32f103c6_SPI_driver.o
 .debug_info    0x0000000000005fcb      0xe16 stm32_F103C6_drivers/stm32f103c6_USART_driver.o

.debug_abbrev   0x0000000000000000     0x1082
 .debug_abbrev  0x0000000000000000      0x1d1 HAL/I2C_Slave_EEPROM/I2C_Slave_EEPROM.o
 .debug_abbrev  0x00000000000001d1      0x1a8 Src/main.o
 .debug_abbrev  0x0000000000000379       0x12 Startup/startup_stm32f103c6tx.o
 .debug_abbrev  0x000000000000038b      0x232 stm32_F103C6_drivers/stm32_F103C6_gpio_driver.o
 .debug_abbrev  0x00000000000005bd      0x226 stm32_F103C6_drivers/stm32f103c6_EXTI_driver.o
 .debug_abbrev  0x00000000000007e3      0x287 stm32_F103C6_drivers/stm32f103c6_I2C_driver.o
 .debug_abbrev  0x0000000000000a6a      0x19b stm32_F103C6_drivers/stm32f103c6_RCC_driver.o
 .debug_abbrev  0x0000000000000c05      0x269 stm32_F103C6_drivers/stm32f103c6_SPI_driver.o
 .debug_abbrev  0x0000000000000e6e      0x214 stm32_F103C6_drivers/stm32f103c6_USART_driver.o

.debug_loc      0x0000000000000000     0x13b2
 .debug_loc     0x0000000000000000       0xf2 HAL/I2C_Slave_EEPROM/I2C_Slave_EEPROM.o
 .debug_loc     0x00000000000000f2       0x7c Src/main.o
 .debug_loc     0x000000000000016e      0x3e8 stm32_F103C6_drivers/stm32_F103C6_gpio_driver.o
 .debug_loc     0x0000000000000556      0x320 stm32_F103C6_drivers/stm32f103c6_EXTI_driver.o
 .debug_loc     0x0000000000000876      0x524 stm32_F103C6_drivers/stm32f103c6_I2C_driver.o
 .debug_loc     0x0000000000000d9a       0xc8 stm32_F103C6_drivers/stm32f103c6_RCC_driver.o
 .debug_loc     0x0000000000000e62      0x2bc stm32_F103C6_drivers/stm32f103c6_SPI_driver.o
 .debug_loc     0x000000000000111e      0x294 stm32_F103C6_drivers/stm32f103c6_USART_driver.o

.debug_aranges  0x0000000000000000      0x2f8
 .debug_aranges
                0x0000000000000000       0x30 HAL/I2C_Slave_EEPROM/I2C_Slave_EEPROM.o
 .debug_aranges
                0x0000000000000030       0x28 Src/main.o
 .debug_aranges
                0x0000000000000058       0x28 Startup/startup_stm32f103c6tx.o
 .debug_aranges
                0x0000000000000080       0x70 stm32_F103C6_drivers/stm32_F103C6_gpio_driver.o
 .debug_aranges
                0x00000000000000f0       0x80 stm32_F103C6_drivers/stm32f103c6_EXTI_driver.o
 .debug_aranges
                0x0000000000000170       0x98 stm32_F103C6_drivers/stm32f103c6_I2C_driver.o
 .debug_aranges
                0x0000000000000208       0x38 stm32_F103C6_drivers/stm32f103c6_RCC_driver.o
 .debug_aranges
                0x0000000000000240       0x58 stm32_F103C6_drivers/stm32f103c6_SPI_driver.o
 .debug_aranges
                0x0000000000000298       0x60 stm32_F103C6_drivers/stm32f103c6_USART_driver.o

.debug_ranges   0x0000000000000000      0x270
 .debug_ranges  0x0000000000000000       0x20 HAL/I2C_Slave_EEPROM/I2C_Slave_EEPROM.o
 .debug_ranges  0x0000000000000020       0x18 Src/main.o
 .debug_ranges  0x0000000000000038       0x20 Startup/startup_stm32f103c6tx.o
 .debug_ranges  0x0000000000000058       0x60 stm32_F103C6_drivers/stm32_F103C6_gpio_driver.o
 .debug_ranges  0x00000000000000b8       0x70 stm32_F103C6_drivers/stm32f103c6_EXTI_driver.o
 .debug_ranges  0x0000000000000128       0x88 stm32_F103C6_drivers/stm32f103c6_I2C_driver.o
 .debug_ranges  0x00000000000001b0       0x28 stm32_F103C6_drivers/stm32f103c6_RCC_driver.o
 .debug_ranges  0x00000000000001d8       0x48 stm32_F103C6_drivers/stm32f103c6_SPI_driver.o
 .debug_ranges  0x0000000000000220       0x50 stm32_F103C6_drivers/stm32f103c6_USART_driver.o

.debug_macro    0x0000000000000000     0x3191
 .debug_macro   0x0000000000000000      0x161 HAL/I2C_Slave_EEPROM/I2C_Slave_EEPROM.o
 .debug_macro   0x0000000000000161      0xa60 HAL/I2C_Slave_EEPROM/I2C_Slave_EEPROM.o
 .debug_macro   0x0000000000000bc1       0x18 HAL/I2C_Slave_EEPROM/I2C_Slave_EEPROM.o
 .debug_macro   0x0000000000000bd9       0x22 HAL/I2C_Slave_EEPROM/I2C_Slave_EEPROM.o
 .debug_macro   0x0000000000000bfb       0x40 HAL/I2C_Slave_EEPROM/I2C_Slave_EEPROM.o
 .debug_macro   0x0000000000000c3b       0x94 HAL/I2C_Slave_EEPROM/I2C_Slave_EEPROM.o
 .debug_macro   0x0000000000000ccf       0x3c HAL/I2C_Slave_EEPROM/I2C_Slave_EEPROM.o
 .debug_macro   0x0000000000000d0b       0x34 HAL/I2C_Slave_EEPROM/I2C_Slave_EEPROM.o
 .debug_macro   0x0000000000000d3f       0x16 HAL/I2C_Slave_EEPROM/I2C_Slave_EEPROM.o
 .debug_macro   0x0000000000000d55      0x10e HAL/I2C_Slave_EEPROM/I2C_Slave_EEPROM.o
 .debug_macro   0x0000000000000e63       0x8d HAL/I2C_Slave_EEPROM/I2C_Slave_EEPROM.o
 .debug_macro   0x0000000000000ef0       0x57 HAL/I2C_Slave_EEPROM/I2C_Slave_EEPROM.o
 .debug_macro   0x0000000000000f47       0x52 HAL/I2C_Slave_EEPROM/I2C_Slave_EEPROM.o
 .debug_macro   0x0000000000000f99       0x1f HAL/I2C_Slave_EEPROM/I2C_Slave_EEPROM.o
 .debug_macro   0x0000000000000fb8       0x43 HAL/I2C_Slave_EEPROM/I2C_Slave_EEPROM.o
 .debug_macro   0x0000000000000ffb       0x20 HAL/I2C_Slave_EEPROM/I2C_Slave_EEPROM.o
 .debug_macro   0x000000000000101b      0x1a3 HAL/I2C_Slave_EEPROM/I2C_Slave_EEPROM.o
 .debug_macro   0x00000000000011be      0x330 HAL/I2C_Slave_EEPROM/I2C_Slave_EEPROM.o
 .debug_macro   0x00000000000014ee       0x16 HAL/I2C_Slave_EEPROM/I2C_Slave_EEPROM.o
 .debug_macro   0x0000000000001504       0x29 HAL/I2C_Slave_EEPROM/I2C_Slave_EEPROM.o
 .debug_macro   0x000000000000152d       0xef HAL/I2C_Slave_EEPROM/I2C_Slave_EEPROM.o
 .debug_macro   0x000000000000161c       0x6a HAL/I2C_Slave_EEPROM/I2C_Slave_EEPROM.o
 .debug_macro   0x0000000000001686      0x1df HAL/I2C_Slave_EEPROM/I2C_Slave_EEPROM.o
 .debug_macro   0x0000000000001865      0x6be HAL/I2C_Slave_EEPROM/I2C_Slave_EEPROM.o
 .debug_macro   0x0000000000001f23       0xd6 HAL/I2C_Slave_EEPROM/I2C_Slave_EEPROM.o
 .debug_macro   0x0000000000001ff9       0x16 HAL/I2C_Slave_EEPROM/I2C_Slave_EEPROM.o
 .debug_macro   0x000000000000200f       0x53 HAL/I2C_Slave_EEPROM/I2C_Slave_EEPROM.o
 .debug_macro   0x0000000000002062      0x1cc Src/main.o
 .debug_macro   0x000000000000222e      0x229 Src/main.o
 .debug_macro   0x0000000000002457       0x10 Src/main.o
 .debug_macro   0x0000000000002467       0xe8 Src/main.o
 .debug_macro   0x000000000000254f       0xd5 Src/main.o
 .debug_macro   0x0000000000002624       0x59 Src/main.o
 .debug_macro   0x000000000000267d      0x13f stm32_F103C6_drivers/stm32_F103C6_gpio_driver.o
 .debug_macro   0x00000000000027bc      0x15c stm32_F103C6_drivers/stm32f103c6_EXTI_driver.o
 .debug_macro   0x0000000000002918      0x223 stm32_F103C6_drivers/stm32f103c6_EXTI_driver.o
 .debug_macro   0x0000000000002b3b      0x167 stm32_F103C6_drivers/stm32f103c6_I2C_driver.o
 .debug_macro   0x0000000000002ca2      0x152 stm32_F103C6_drivers/stm32f103c6_RCC_driver.o
 .debug_macro   0x0000000000002df4      0x173 stm32_F103C6_drivers/stm32f103c6_SPI_driver.o
 .debug_macro   0x0000000000002f67       0xcf stm32_F103C6_drivers/stm32f103c6_SPI_driver.o
 .debug_macro   0x0000000000003036      0x15b stm32_F103C6_drivers/stm32f103c6_USART_driver.o

.debug_line     0x0000000000000000     0x3c32
 .debug_line    0x0000000000000000      0x634 HAL/I2C_Slave_EEPROM/I2C_Slave_EEPROM.o
 .debug_line    0x0000000000000634      0x898 Src/main.o
 .debug_line    0x0000000000000ecc       0x84 Startup/startup_stm32f103c6tx.o
 .debug_line    0x0000000000000f50      0x700 stm32_F103C6_drivers/stm32_F103C6_gpio_driver.o
 .debug_line    0x0000000000001650      0x810 stm32_F103C6_drivers/stm32f103c6_EXTI_driver.o
 .debug_line    0x0000000000001e60      0x87f stm32_F103C6_drivers/stm32f103c6_I2C_driver.o
 .debug_line    0x00000000000026df      0x674 stm32_F103C6_drivers/stm32f103c6_RCC_driver.o
 .debug_line    0x0000000000002d53      0x780 stm32_F103C6_drivers/stm32f103c6_SPI_driver.o
 .debug_line    0x00000000000034d3      0x75f stm32_F103C6_drivers/stm32f103c6_USART_driver.o

.debug_str      0x0000000000000000     0xc465
 .debug_str     0x0000000000000000     0x9790 HAL/I2C_Slave_EEPROM/I2C_Slave_EEPROM.o
                                       0x9a10 (size before relaxing)
 .debug_str     0x0000000000009790     0x2177 Src/main.o
                                       0xb938 (size before relaxing)
 .debug_str     0x000000000000b907       0x31 Startup/startup_stm32f103c6tx.o
                                         0x9c (size before relaxing)
 .debug_str     0x000000000000b938      0x19f stm32_F103C6_drivers/stm32_F103C6_gpio_driver.o
                                       0x973b (size before relaxing)
 .debug_str     0x000000000000bad7      0x288 stm32_F103C6_drivers/stm32f103c6_EXTI_driver.o
                                       0xab77 (size before relaxing)
 .debug_str     0x000000000000bd5f      0x2a8 stm32_F103C6_drivers/stm32f103c6_I2C_driver.o
                                       0x9cd5 (size before relaxing)
 .debug_str     0x000000000000c007       0xa7 stm32_F103C6_drivers/stm32f103c6_RCC_driver.o
                                       0x967e (size before relaxing)
 .debug_str     0x000000000000c0ae      0x26d stm32_F103C6_drivers/stm32f103c6_SPI_driver.o
                                       0x9d73 (size before relaxing)
 .debug_str     0x000000000000c31b      0x14a stm32_F103C6_drivers/stm32f103c6_USART_driver.o
                                       0x9e31 (size before relaxing)

.comment        0x0000000000000000       0x7b
 .comment       0x0000000000000000       0x7b HAL/I2C_Slave_EEPROM/I2C_Slave_EEPROM.o
                                         0x7c (size before relaxing)
 .comment       0x000000000000007b       0x7c Src/main.o
 .comment       0x000000000000007b       0x7c stm32_F103C6_drivers/stm32_F103C6_gpio_driver.o
 .comment       0x000000000000007b       0x7c stm32_F103C6_drivers/stm32f103c6_EXTI_driver.o
 .comment       0x000000000000007b       0x7c stm32_F103C6_drivers/stm32f103c6_I2C_driver.o
 .comment       0x000000000000007b       0x7c stm32_F103C6_drivers/stm32f103c6_RCC_driver.o
 .comment       0x000000000000007b       0x7c stm32_F103C6_drivers/stm32f103c6_SPI_driver.o
 .comment       0x000000000000007b       0x7c stm32_F103C6_drivers/stm32f103c6_USART_driver.o

.debug_frame    0x0000000000000000      0x9ec
 .debug_frame   0x0000000000000000       0x80 HAL/I2C_Slave_EEPROM/I2C_Slave_EEPROM.o
 .debug_frame   0x0000000000000080       0x50 Src/main.o
 .debug_frame   0x00000000000000d0      0x1c8 stm32_F103C6_drivers/stm32_F103C6_gpio_driver.o
 .debug_frame   0x0000000000000298      0x1b0 stm32_F103C6_drivers/stm32f103c6_EXTI_driver.o
 .debug_frame   0x0000000000000448      0x260 stm32_F103C6_drivers/stm32f103c6_I2C_driver.o
 .debug_frame   0x00000000000006a8       0x84 stm32_F103C6_drivers/stm32f103c6_RCC_driver.o
 .debug_frame   0x000000000000072c      0x148 stm32_F103C6_drivers/stm32f103c6_SPI_driver.o
 .debug_frame   0x0000000000000874      0x14c stm32_F103C6_drivers/stm32f103c6_USART_driver.o
 .debug_frame   0x00000000000009c0       0x2c f:/st/stm32cubeide_1.4.0/stm32cubeide/plugins/com.st.stm32cube.ide.mcu.externaltools.gnu-tools-for-stm32.7-2018-q2-update.win32_1.4.0.202007081208/tools/bin/../lib/gcc/arm-none-eabi/7.3.1/../../../../arm-none-eabi/lib/thumb/v7-m\libc_nano.a(lib_a-init.o)
