Archive member included to satisfy reference by file (symbol)

f:/st/stm32cubeide_1.4.0/stm32cubeide/plugins/com.st.stm32cube.ide.mcu.externaltools.gnu-tools-for-stm32.7-2018-q2-update.win32_1.4.0.202007081208/tools/bin/../lib/gcc/arm-none-eabi/7.3.1/../../../../arm-none-eabi/lib/thumb/v7-m\libc_nano.a(lib_a-errno.o)
                              Src/syscalls.o (__errno)
f:/st/stm32cubeide_1.4.0/stm32cubeide/plugins/com.st.stm32cube.ide.mcu.externaltools.gnu-tools-for-stm32.7-2018-q2-update.win32_1.4.0.202007081208/tools/bin/../lib/gcc/arm-none-eabi/7.3.1/../../../../arm-none-eabi/lib/thumb/v7-m\libc_nano.a(lib_a-exit.o)
                              f:/st/stm32cubeide_1.4.0/stm32cubeide/plugins/com.st.stm32cube.ide.mcu.externaltools.gnu-tools-for-stm32.7-2018-q2-update.win32_1.4.0.202007081208/tools/bin/../lib/gcc/arm-none-eabi/7.3.1/../../../../arm-none-eabi/lib/thumb/v7-m/crt0.o (exit)
f:/st/stm32cubeide_1.4.0/stm32cubeide/plugins/com.st.stm32cube.ide.mcu.externaltools.gnu-tools-for-stm32.7-2018-q2-update.win32_1.4.0.202007081208/tools/bin/../lib/gcc/arm-none-eabi/7.3.1/../../../../arm-none-eabi/lib/thumb/v7-m\libc_nano.a(lib_a-impure.o)
                              f:/st/stm32cubeide_1.4.0/stm32cubeide/plugins/com.st.stm32cube.ide.mcu.externaltools.gnu-tools-for-stm32.7-2018-q2-update.win32_1.4.0.202007081208/tools/bin/../lib/gcc/arm-none-eabi/7.3.1/../../../../arm-none-eabi/lib/thumb/v7-m\libc_nano.a(lib_a-exit.o) (_global_impure_ptr)
f:/st/stm32cubeide_1.4.0/stm32cubeide/plugins/com.st.stm32cube.ide.mcu.externaltools.gnu-tools-for-stm32.7-2018-q2-update.win32_1.4.0.202007081208/tools/bin/../lib/gcc/arm-none-eabi/7.3.1/../../../../arm-none-eabi/lib/thumb/v7-m\libc_nano.a(lib_a-init.o)
                              f:/st/stm32cubeide_1.4.0/stm32cubeide/plugins/com.st.stm32cube.ide.mcu.externaltools.gnu-tools-for-stm32.7-2018-q2-update.win32_1.4.0.202007081208/tools/bin/../lib/gcc/arm-none-eabi/7.3.1/../../../../arm-none-eabi/lib/thumb/v7-m/crt0.o (__libc_init_array)
f:/st/stm32cubeide_1.4.0/stm32cubeide/plugins/com.st.stm32cube.ide.mcu.externaltools.gnu-tools-for-stm32.7-2018-q2-update.win32_1.4.0.202007081208/tools/bin/../lib/gcc/arm-none-eabi/7.3.1/../../../../arm-none-eabi/lib/thumb/v7-m\libc_nano.a(lib_a-memset.o)
                              f:/st/stm32cubeide_1.4.0/stm32cubeide/plugins/com.st.stm32cube.ide.mcu.externaltools.gnu-tools-for-stm32.7-2018-q2-update.win32_1.4.0.202007081208/tools/bin/../lib/gcc/arm-none-eabi/7.3.1/../../../../arm-none-eabi/lib/thumb/v7-m/crt0.o (memset)

Allocating common symbols
Common symbol       size              file

PinCfg              0x4               HAL/KEYPAD_Driver/keypad_driver.o
ch                  0x2               Src/main.o
GP_IRQ_CallBack     0x3c              stm32_F103C6_drivers/stm32f103c6_EXTI_driver.o

Discarded input sections

 .text          0x0000000000000000        0x0 f:/st/stm32cubeide_1.4.0/stm32cubeide/plugins/com.st.stm32cube.ide.mcu.externaltools.gnu-tools-for-stm32.7-2018-q2-update.win32_1.4.0.202007081208/tools/bin/../lib/gcc/arm-none-eabi/7.3.1/thumb/v7-m/crti.o
 .data          0x0000000000000000        0x0 f:/st/stm32cubeide_1.4.0/stm32cubeide/plugins/com.st.stm32cube.ide.mcu.externaltools.gnu-tools-for-stm32.7-2018-q2-update.win32_1.4.0.202007081208/tools/bin/../lib/gcc/arm-none-eabi/7.3.1/thumb/v7-m/crti.o
 .bss           0x0000000000000000        0x0 f:/st/stm32cubeide_1.4.0/stm32cubeide/plugins/com.st.stm32cube.ide.mcu.externaltools.gnu-tools-for-stm32.7-2018-q2-update.win32_1.4.0.202007081208/tools/bin/../lib/gcc/arm-none-eabi/7.3.1/thumb/v7-m/crti.o
 .data          0x0000000000000000        0x4 f:/st/stm32cubeide_1.4.0/stm32cubeide/plugins/com.st.stm32cube.ide.mcu.externaltools.gnu-tools-for-stm32.7-2018-q2-update.win32_1.4.0.202007081208/tools/bin/../lib/gcc/arm-none-eabi/7.3.1/thumb/v7-m/crtbegin.o
 .text          0x0000000000000000       0x74 f:/st/stm32cubeide_1.4.0/stm32cubeide/plugins/com.st.stm32cube.ide.mcu.externaltools.gnu-tools-for-stm32.7-2018-q2-update.win32_1.4.0.202007081208/tools/bin/../lib/gcc/arm-none-eabi/7.3.1/../../../../arm-none-eabi/lib/thumb/v7-m/crt0.o
 .data          0x0000000000000000        0x0 f:/st/stm32cubeide_1.4.0/stm32cubeide/plugins/com.st.stm32cube.ide.mcu.externaltools.gnu-tools-for-stm32.7-2018-q2-update.win32_1.4.0.202007081208/tools/bin/../lib/gcc/arm-none-eabi/7.3.1/../../../../arm-none-eabi/lib/thumb/v7-m/crt0.o
 .bss           0x0000000000000000        0x0 f:/st/stm32cubeide_1.4.0/stm32cubeide/plugins/com.st.stm32cube.ide.mcu.externaltools.gnu-tools-for-stm32.7-2018-q2-update.win32_1.4.0.202007081208/tools/bin/../lib/gcc/arm-none-eabi/7.3.1/../../../../arm-none-eabi/lib/thumb/v7-m/crt0.o
 .ARM.extab     0x0000000000000000        0x0 f:/st/stm32cubeide_1.4.0/stm32cubeide/plugins/com.st.stm32cube.ide.mcu.externaltools.gnu-tools-for-stm32.7-2018-q2-update.win32_1.4.0.202007081208/tools/bin/../lib/gcc/arm-none-eabi/7.3.1/../../../../arm-none-eabi/lib/thumb/v7-m/crt0.o
[...]
Memory Configuration

Name             Origin             Length             Attributes
RAM              0x0000000020000000 0x0000000000002800 xrw
ROM              0x0000000008000000 0x0000000000008000 xr
*default*        0x0000000000000000 0xffffffffffffffff

Linker script and memory map

LOAD f:/st/stm32cubeide_1.4.0/stm32cubeide/plugins/com.st.stm32cube.ide.mcu.externaltools.gnu-tools-for-stm32.7-2018-q2-update.win32_1.4.0.202007081208/tools/bin/../lib/gcc/arm-none-eabi/7.3.1/thumb/v7-m/crti.o
LOAD f:/st/stm32cubeide_1.4.0/stm32cubeide/plugins/com.st.stm32cube.ide.mcu.externaltools.gnu-tools-for-stm32.7-2018-q2-update.win32_1.4.0.202007081208/tools/bin/../lib/gcc/arm-none-eabi/7.3.1/thumb/v7-m/crtbegin.o
LOAD f:/st/stm32cubeide_1.4.0/stm32cubeide/plugins/com.st.stm32cube.ide.mcu.externaltools.gnu-tools-for-stm32.7-2018-q2-update.win32_1.4.0.202007081208/tools/bin/../lib/gcc/arm-none-eabi/7.3.1/../../../../arm-none-eabi/lib/thumb/v7-m/crt0.o
LOAD HAL/KEYPAD_Driver/keypad_driver.o
LOAD HAL/LCD_Driver/lcd_driver.o
LOAD Src/main.o
LOAD Src/syscalls.o
LOAD Src/sysmem.o
LOAD Startup/startup_stm32f103c6tx.o
LOAD stm32_F103C6_drivers/stm32_F103C6_gpio_driver.o
LOAD stm32_F103C6_drivers/stm32f103c6_EXTI_driver.o
LOAD stm32_F103C6_drivers/stm32f103c6_RCC_driver.o
LOAD stm32_F103C6_drivers/stm32f103c6_SPI_driver.o
LOAD stm32_F103C6_drivers/stm32f103c6_USART_driver.o
START GROUP
LOAD f:/st/stm32cubeide_1.4.0/stm32cubeide/plugins/com.st.stm32cube.ide.mcu.externaltools.gnu-tools-for-stm32.7-2018-q2-update.win32_1.4.0.202007081208/tools/bin/../lib/gcc/arm-none-eabi/7.3.1/../../../../arm-none-eabi/lib/thumb/v7-m\libc_nano.a
LOAD f:/st/stm32cubeide_1.4.0/stm32cubeide/plugins/com.st.stm32cube.ide.mcu.externaltools.gnu-tools-for-stm32.7-2018-q2-update.win32_1.4.0.202007081208/tools/bin/../lib/gcc/arm-none-eabi/7.3.1/../../../../arm-none-eabi/lib/thumb/v7-m\libm.a
END GROUP
START GROUP
LOAD f:/st/stm32cubeide_1.4.0/stm32cubeide/plugins/com.st.stm32cube.ide.mcu.externaltools.gnu-tools-for-stm32.7-2018-q2-update.win32_1.4.0.202007081208/tools/bin/../lib/gcc/arm-none-eabi/7.3.1/thumb/v7-m\libgcc.a
LOAD f:/st/stm32cubeide_1.4.0/stm32cubeide/plugins/com.st.stm32cube.ide.mcu.externaltools.gnu-tools-for-stm32.7-2018-q2-update.win32_1.4.0.202007081208/tools/bin/../lib/gcc/arm-none-eabi/7.3.1/../../../../arm-none-eabi/lib/thumb/v7-m\libg_nano.a
LOAD f:/st/stm32cubeide_1.4.0/stm32cubeide/plugins/com.st.stm32cube.ide.mcu.externaltools.gnu-tools-for-stm32.7-2018-q2-update.win32_1.4.0.202007081208/tools/bin/../lib/gcc/arm-none-eabi/7.3.1/../../../../arm-none-eabi/lib/thumb/v7-m\libc_nano.a
END GROUP
START GROUP
LOAD f:/st/stm32cubeide_1.4.0/stm32cubeide/plugins/com.st.stm32cube.ide.mcu.externaltools.gnu-tools-for-stm32.7-2018-q2-update.win32_1.4.0.202007081208/tools/bin/../lib/gcc/arm-none-eabi/7.3.1/thumb/v7-m\libgcc.a
LOAD f:/st/stm32cubeide_1.4.0/stm32cubeide/plugins/com.st.stm32cube.ide.mcu.externaltools.gnu-tools-for-stm32.7-2018-q2-update.win32_1.4.0.202007081208/tools/bin/../lib/gcc/arm-none-eabi/7.3.1/../../../../arm-none-eabi/lib/thumb/v7-m\libc_nano.a
LOAD f:/st/stm32cubeide_1.4.0/stm32cubeide/plugins/com.st.stm32cube.ide.mcu.externaltools.gnu-tools-for-stm32.7-2018-q2-update.win32_1.4.0.202007081208/tools/bin/../lib/gcc/arm-none-eabi/7.3.1/../../../../arm-none-eabi/lib/thumb/v7-m\libnosys.a
END GROUP
START GROUP
LOAD f:/st/stm32cubeide_1.4.0/stm32cubeide/plugins/com.st.stm32cube.ide.mcu.externaltools.gnu-tools-for-stm32.7-2018-q2-update.win32_1.4.0.202007081208/tools/bin/../lib/gcc/arm-none-eabi/7.3.1/thumb/v7-m\libgcc.a
LOAD f:/st/stm32cubeide_1.4.0/stm32cubeide/plugins/com.st.stm32cube.ide.mcu.externaltools.gnu-tools-for-stm32.7-2018-q2-update.win32_1.4.0.202007081208/tools/bin/../lib/gcc/arm-none-eabi/7.3.1/../../../../arm-none-eabi/lib/thumb/v7-m\libc_nano.a
LOAD f:/st/stm32cubeide_1.4.0/stm32cubeide/plugins/com.st.stm32cube.ide.mcu.externaltools.gnu-tools-for-stm32.7-2018-q2-update.win32_1.4.0.202007081208/tools/bin/../lib/gcc/arm-none-eabi/7.3.1/../../../../arm-none-eabi/lib/thumb/v7-m\libnosys.a
END GROUP
LOAD f:/st/stm32cubeide_1.4.0/stm32cubeide/plugins/com.st.stm32cube.ide.mcu.externaltools.gnu-tools-for-stm32.7-2018-q2-update.win32_1.4.0.202007081208/tools/bin/../lib/gcc/arm-none-eabi/7.3.1/thumb/v7-m/crtend.o
LOAD f:/st/stm32cubeide_1.4.0/stm32cubeide/plugins/com.st.stm32cube.ide.mcu.externaltools.gnu-tools-for-stm32.7-2018-q2-update.win32_1.4.0.202007081208/tools/bin/../lib/gcc/arm-none-eabi/7.3.1/thumb/v7-m/crtn.o
                0x0000000020002800                _estack = (ORIGIN (RAM) + LENGTH (RAM))
                0x0000000000000200                _Min_Heap_Size = 0x200
                0x0000000000000400                _Min_Stack_Size = 0x400

.isr_vector     0x0000000008000000      0x130
                0x0000000008000000                . = ALIGN (0x4)
 *(.isr_vector)
 .isr_vector    0x0000000008000000      0x130 Startup/startup_stm32f103c6tx.o
                0x0000000008000000                g_pfnVectors
                0x0000000008000130                . = ALIGN (0x4)

.text           0x0000000008000130      0xcc0
                0x0000000008000130                . = ALIGN (0x4)
 *(.text)
 .text          0x0000000008000130       0x40 f:/st/stm32cubeide_1.4.0/stm32cubeide/plugins/com.st.stm32cube.ide.mcu.externaltools.gnu-tools-for-stm32.7-2018-q2-update.win32_1.4.0.202007081208/tools/bin/../lib/gcc/arm-none-eabi/7.3.1/thumb/v7-m/crtbegin.o
 *(.text*)
 .text.clock_init
                0x0000000008000170       0x34 Src/main.o
                0x0000000008000170                clock_init
 .text.SPI_IRQ_CallBack
                0x00000000080001a4       0x44 Src/main.o
                0x00000000080001a4                SPI_IRQ_CallBack
 .text.UART_IRQ_CallBack
                0x00000000080001e8        0xc Src/main.o
                0x00000000080001e8                UART_IRQ_CallBack
 .text.main     0x00000000080001f4       0x88 Src/main.o
                0x00000000080001f4                main
 .text.Reset_Handler
                0x000000000800027c       0x50 Startup/startup_stm32f103c6tx.o
                0x000000000800027c                Reset_Handler
 .text.Default_Handler
                0x00000000080002cc        0x2 Startup/startup_stm32f103c6tx.o
                0x00000000080002cc                TIM8_TRG_COM_IRQHandler
                0x00000000080002cc                TIM8_CC_IRQHandler
                0x00000000080002cc                DebugMon_Handler
                0x00000000080002cc                TIM1_CC_IRQHandler
                0x00000000080002cc                HardFault_Handler
                0x00000000080002cc                TIM6_IRQHandler
                0x00000000080002cc                SysTick_Handler
                0x00000000080002cc                PVD_IRQHandler
                0x00000000080002cc                SDIO_IRQHandler
                0x00000000080002cc                PendSV_Handler
                0x00000000080002cc                NMI_Handler
                0x00000000080002cc                USB_HP_CAN_TX_IRQHandler
                0x00000000080002cc                I2C2_EV_IRQHandler
                0x00000000080002cc                UsageFault_Handler
                0x00000000080002cc                ADC1_2_IRQHandler
                0x00000000080002cc                CAN_SCE_IRQHandler
                0x00000000080002cc                TAMPER_IRQHandler
                0x00000000080002cc                TIM8_UP_IRQHandler
                0x00000000080002cc                DMA2_Channel2_IRQHandler
                0x00000000080002cc                DMA1_Channel4_IRQHandler
                0x00000000080002cc                RTC_IRQHandler
                0x00000000080002cc                DMA1_Channel7_IRQHandler
                0x00000000080002cc                UART5_IRQHandler
                0x00000000080002cc                ADC3_IRQHandler
                0x00000000080002cc                TIM4_IRQHandler
                0x00000000080002cc                CAN_RX1_IRQHandler
                0x00000000080002cc                DMA2_Channel1_IRQHandler
                0x00000000080002cc                I2C1_EV_IRQHandler
                0x00000000080002cc                DMA1_Channel6_IRQHandler
                0x00000000080002cc                UART4_IRQHandler
                0x00000000080002cc                TIM3_IRQHandler
                0x00000000080002cc                RCC_IRQHandler
                0x00000000080002cc                TIM1_TRG_COM_IRQHandler
                0x00000000080002cc                DMA1_Channel1_IRQHandler
                0x00000000080002cc                Default_Handler
                0x00000000080002cc                EXTI15_10_IRQHandler
                0x00000000080002cc                TIM7_IRQHandler
                0x00000000080002cc                TIM5_IRQHandler
                0x00000000080002cc                USB_LP_CAN_RX0_IRQHandler
                0x00000000080002cc                MemManage_Handler
                0x00000000080002cc                SVC_Handler
                0x00000000080002cc                DMA1_Channel5_IRQHandler
                0x00000000080002cc                DMA1_Channel3_IRQHandler
                0x00000000080002cc                FSMC_IRQHandler
                0x00000000080002cc                TIM1_UP_IRQHandler
                0x00000000080002cc                WWDG_IRQHandler
                0x00000000080002cc                TIM2_IRQHandler
                0x00000000080002cc                TIM1_BRK_IRQHandler
                0x00000000080002cc                RTCAlarm_IRQHandler
                0x00000000080002cc                DMA2_Channel4_5_IRQHandler
                0x00000000080002cc                I2C2_ER_IRQHandler
                0x00000000080002cc                DMA1_Channel2_IRQHandler
                0x00000000080002cc                TIM8_BRK_IRQHandler
                0x00000000080002cc                FLASH_IRQHandler
                0x00000000080002cc                BusFault_Handler
                0x00000000080002cc                SPI3_IRQHandler
                0x00000000080002cc                I2C1_ER_IRQHandler
                0x00000000080002cc                DMA2_Channel3_IRQHandler
 .text.Get_CRLH_Position
                0x00000000080002ce       0xc6 stm32_F103C6_drivers/stm32_F103C6_gpio_driver.o
                0x00000000080002ce                Get_CRLH_Position
 .text.MCAL_GPIO_Init
                0x0000000008000394       0xfe stm32_F103C6_drivers/stm32_F103C6_gpio_driver.o
                0x0000000008000394                MCAL_GPIO_Init
 *fill*         0x0000000008000492        0x2 
 .text.EXTI0_IRQHandler
                0x0000000008000494       0x24 stm32_F103C6_drivers/stm32f103c6_EXTI_driver.o
                0x0000000008000494                EXTI0_IRQHandler
 .text.EXTI1_IRQHandler
                0x00000000080004b8       0x24 stm32_F103C6_drivers/stm32f103c6_EXTI_driver.o
                0x00000000080004b8                EXTI1_IRQHandler
 .text.EXTI2_IRQHandler
                0x00000000080004dc       0x24 stm32_F103C6_drivers/stm32f103c6_EXTI_driver.o
                0x00000000080004dc                EXTI2_IRQHandler
 .text.EXTI3_IRQHandler
                0x0000000008000500       0x24 stm32_F103C6_drivers/stm32f103c6_EXTI_driver.o
                0x0000000008000500                EXTI3_IRQHandler
 .text.EXTI4_IRQHandler
                0x0000000008000524       0x24 stm32_F103C6_drivers/stm32f103c6_EXTI_driver.o
                0x0000000008000524                EXTI4_IRQHandler
 .text.EXTI9_5_IRQHandler
                0x0000000008000548       0xa8 stm32_F103C6_drivers/stm32f103c6_EXTI_driver.o
                0x0000000008000548                EXTI9_5_IRQHandler
 .text.MCAL_RCC_GetSYS_CLCKFreq
                0x00000000080005f0       0x3c stm32_F103C6_drivers/stm32f103c6_RCC_driver.o
                0x00000000080005f0                MCAL_RCC_GetSYS_CLCKFreq
 .text.MCAL_RCC_GetHCLKFreq
                0x000000000800062c       0x28 stm32_F103C6_drivers/stm32f103c6_RCC_driver.o
                0x000000000800062c                MCAL_RCC_GetHCLKFreq
 .text.MCAL_RCC_GetPCLK1Freq
                0x0000000008000654       0x28 stm32_F103C6_drivers/stm32f103c6_RCC_driver.o
                0x0000000008000654                MCAL_RCC_GetPCLK1Freq
 .text.MCAL_RCC_GetPCLK2Freq
                0x000000000800067c       0x28 stm32_F103C6_drivers/stm32f103c6_RCC_driver.o
                0x000000000800067c                MCAL_RCC_GetPCLK2Freq
 .text.MCAL_SPI_Init
                0x00000000080006a4      0x130 stm32_F103C6_drivers/stm32f103c6_SPI_driver.o
                0x00000000080006a4                MCAL_SPI_Init
 .text.MCAL_SPI_GPIO_Set_Pins
                0x00000000080007d4      0x1ec stm32_F103C6_drivers/stm32f103c6_SPI_driver.o
                0x00000000080007d4                MCAL_SPI_GPIO_Set_Pins
 .text.MCAL_SPI_TX_RX
                0x00000000080009c0       0x54 stm32_F103C6_drivers/stm32f103c6_SPI_driver.o
                0x00000000080009c0                MCAL_SPI_TX_RX
 .text.SPI1_IRQHandler
                0x0000000008000a14       0x5c stm32_F103C6_drivers/stm32f103c6_SPI_driver.o
                0x0000000008000a14                SPI1_IRQHandler
 .text.SPI2_IRQHandler
                0x0000000008000a70       0x5c stm32_F103C6_drivers/stm32f103c6_SPI_driver.o
                0x0000000008000a70                SPI2_IRQHandler
 .text.MCAL_UART_Init
                0x0000000008000acc      0x184 stm32_F103C6_drivers/stm32f103c6_USART_driver.o
                0x0000000008000acc                MCAL_UART_Init
 .text.MCAL_UART_SendData
                0x0000000008000c50       0x36 stm32_F103C6_drivers/stm32f103c6_USART_driver.o
                0x0000000008000c50                MCAL_UART_SendData
 *fill*         0x0000000008000c86        0x2 
 .text.MCAL_UART_GPIO_Set_Pins
                0x0000000008000c88       0xcc stm32_F103C6_drivers/stm32f103c6_USART_driver.o
                0x0000000008000c88                MCAL_UART_GPIO_Set_Pins
 .text.USART1_IRQHandler
                0x0000000008000d54       0x14 stm32_F103C6_drivers/stm32f103c6_USART_driver.o
                0x0000000008000d54                USART1_IRQHandler
 .text.USART2_IRQHandler
                0x0000000008000d68       0x14 stm32_F103C6_drivers/stm32f103c6_USART_driver.o
                0x0000000008000d68                USART2_IRQHandler
 .text.USART3_IRQHandler
                0x0000000008000d7c       0x14 stm32_F103C6_drivers/stm32f103c6_USART_driver.o
                0x0000000008000d7c                USART3_IRQHandler
 .text.__libc_init_array
                0x0000000008000d90       0x48 f:/st/stm32cubeide_1.4.0/stm32cubeide/plugins/com.st.stm32cube.ide.mcu.externaltools.gnu-tools-for-stm32.7-2018-q2-update.win32_1.4.0.202007081208/tools/bin/../lib/gcc/arm-none-eabi/7.3.1/../../../../arm-none-eabi/lib/thumb/v7-m\libc_nano.a(lib_a-init.o)
                0x0000000008000d90                __libc_init_array
 *(.glue_7)
 .glue_7        0x0000000008000dd8        0x0 linker stubs
 *(.glue_7t)
 .glue_7t       0x0000000008000dd8        0x0 linker stubs
 *(.eh_frame)
 .eh_frame      0x0000000008000dd8        0x0 f:/st/stm32cubeide_1.4.0/stm32cubeide/plugins/com.st.stm32cube.ide.mcu.externaltools.gnu-tools-for-stm32.7-2018-q2-update.win32_1.4.0.202007081208/tools/bin/../lib/gcc/arm-none-eabi/7.3.1/thumb/v7-m/crtbegin.o
 *(.init)
 .init          0x0000000008000dd8        0x4 f:/st/stm32cubeide_1.4.0/stm32cubeide/plugins/com.st.stm32cube.ide.mcu.externaltools.gnu-tools-for-stm32.7-2018-q2-update.win32_1.4.0.202007081208/tools/bin/../lib/gcc/arm-none-eabi/7.3.1/thumb/v7-m/crti.o
                0x0000000008000dd8                _init
 .init          0x0000000008000ddc        0x8 f:/st/stm32cubeide_1.4.0/stm32cubeide/plugins/com.st.stm32cube.ide.mcu.externaltools.gnu-tools-for-stm32.7-2018-q2-update.win32_1.4.0.202007081208/tools/bin/../lib/gcc/arm-none-eabi/7.3.1/thumb/v7-m/crtn.o
 *(.fini)
 .fini          0x0000000008000de4        0x4 f:/st/stm32cubeide_1.4.0/stm32cubeide/plugins/com.st.stm32cube.ide.mcu.externaltools.gnu-tools-for-stm32.7-2018-q2-update.win32_1.4.0.202007081208/tools/bin/../lib/gcc/arm-none-eabi/7.3.1/thumb/v7-m/crti.o
                0x0000000008000de4                _fini
 .fini          0x0000000008000de8        0x8 f:/st/stm32cubeide_1.4.0/stm32cubeide/plugins/com.st.stm32cube.ide.mcu.externaltools.gnu-tools-for-stm32.7-2018-q2-update.win32_1.4.0.202007081208/tools/bin/../lib/gcc/arm-none-eabi/7.3.1/thumb/v7-m/crtn.o
                0x0000000008000df0                . = ALIGN (0x4)
                0x0000000008000df0                _etext = .

.vfp11_veneer   0x0000000008000df0        0x0
 .vfp11_veneer  0x0000000008000df0        0x0 linker stubs

.v4_bx          0x0000000008000df0        0x0
 .v4_bx         0x0000000008000df0        0x0 linker stubs

.iplt           0x0000000008000df0        0x0
 .iplt          0x0000000008000df0        0x0 f:/st/stm32cubeide_1.4.0/stm32cubeide/plugins/com.st.stm32cube.ide.mcu.externaltools.gnu-tools-for-stm32.7-2018-q2-update.win32_1.4.0.202007081208/tools/bin/../lib/gcc/arm-none-eabi/7.3.1/thumb/v7-m/crtbegin.o

.rodata         0x0000000008000df0       0x18
                0x0000000008000df0                . = ALIGN (0x4)
 *(.rodata)
 *(.rodata*)
 .rodata.APBPrescTable
                0x0000000008000df0        0x8 stm32_F103C6_drivers/stm32f103c6_RCC_driver.o
                0x0000000008000df0                APBPrescTable
 .rodata.AHBPrescTable
                0x0000000008000df8       0x10 stm32_F103C6_drivers/stm32f103c6_RCC_driver.o
                0x0000000008000df8                AHBPrescTable
                0x0000000008000e08                . = ALIGN (0x4)

.rel.dyn        0x0000000008000e08        0x0
 .rel.iplt      0x0000000008000e08        0x0 f:/st/stm32cubeide_1.4.0/stm32cubeide/plugins/com.st.stm32cube.ide.mcu.externaltools.gnu-tools-for-stm32.7-2018-q2-update.win32_1.4.0.202007081208/tools/bin/../lib/gcc/arm-none-eabi/7.3.1/thumb/v7-m/crtbegin.o

.ARM.extab      0x0000000008000e08        0x0
                0x0000000008000e08                . = ALIGN (0x4)
 *(.ARM.extab* .gnu.linkonce.armextab.*)
                0x0000000008000e08                . = ALIGN (0x4)

.ARM            0x0000000008000e08        0x0
                0x0000000008000e08                . = ALIGN (0x4)
                0x0000000008000e08                __exidx_start = .
 *(.ARM.exidx*)
                0x0000000008000e08                __exidx_end = .
                0x0000000008000e08                . = ALIGN (0x4)

.preinit_array  0x0000000008000e08        0x0
                0x0000000008000e08                . = ALIGN (0x4)
                0x0000000008000e08                PROVIDE (__preinit_array_start = .)
 *(.preinit_array*)
                0x0000000008000e08                PROVIDE (__preinit_array_end = .)
                0x0000000008000e08                . = ALIGN (0x4)

.init_array     0x0000000008000e08        0x4
                0x0000000008000e08                . = ALIGN (0x4)
                0x0000000008000e08                PROVIDE (__init_array_start = .)
 *(SORT_BY_NAME(.init_array.*))
 *(.init_array*)
 .init_array    0x0000000008000e08        0x4 f:/st/stm32cubeide_1.4.0/stm32cubeide/plugins/com.st.stm32cube.ide.mcu.externaltools.gnu-tools-for-stm32.7-2018-q2-update.win32_1.4.0.202007081208/tools/bin/../lib/gcc/arm-none-eabi/7.3.1/thumb/v7-m/crtbegin.o
                0x0000000008000e0c                PROVIDE (__init_array_end = .)
                0x0000000008000e0c                . = ALIGN (0x4)

.fini_array     0x0000000008000e0c        0x4
                0x0000000008000e0c                . = ALIGN (0x4)
                [!provide]                        PROVIDE (__fini_array_start = .)
 *(SORT_BY_NAME(.fini_array.*))
 *(.fini_array*)
 .fini_array    0x0000000008000e0c        0x4 f:/st/stm32cubeide_1.4.0/stm32cubeide/plugins/com.st.stm32cube.ide.mcu.externaltools.gnu-tools-for-stm32.7-2018-q2-update.win32_1.4.0.202007081208/tools/bin/../lib/gcc/arm-none-eabi/7.3.1/thumb/v7-m/crtbegin.o
                [!provide]                        PROVIDE (__fini_array_end = .)
                0x0000000008000e10                . = ALIGN (0x4)
                0x0000000008000e10                _sidata = LOADADDR (.data)

.data           0x0000000020000000        0x0 load address 0x0000000008000e10
                0x0000000020000000                . = ALIGN (0x4)
                0x0000000020000000                _sdata = .
 *(.data)
 *(.data*)
                0x0000000020000000                . = ALIGN (0x4)
                0x0000000020000000                _edata = .

.igot.plt       0x0000000020000000        0x0 load address 0x0000000008000e10
 .igot.plt      0x0000000020000000        0x0 f:/st/stm32cubeide_1.4.0/stm32cubeide/plugins/com.st.stm32cube.ide.mcu.externaltools.gnu-tools-for-stm32.7-2018-q2-update.win32_1.4.0.202007081208/tools/bin/../lib/gcc/arm-none-eabi/7.3.1/thumb/v7-m/crtbegin.o
                0x0000000020000000                . = ALIGN (0x4)

.bss            0x0000000020000000       0x68 load address 0x0000000008000e10
                0x0000000020000000                _sbss = .
                0x0000000020000000                __bss_start__ = _sbss
 *(.bss)
 .bss           0x0000000020000000       0x1c f:/st/stm32cubeide_1.4.0/stm32cubeide/plugins/com.st.stm32cube.ide.mcu.externaltools.gnu-tools-for-stm32.7-2018-q2-update.win32_1.4.0.202007081208/tools/bin/../lib/gcc/arm-none-eabi/7.3.1/thumb/v7-m/crtbegin.o
 *(.bss*)
 .bss.Global_SPI_Config
                0x000000002000001c        0x8 stm32_F103C6_drivers/stm32f103c6_SPI_driver.o
                0x000000002000001c                Global_SPI_Config
 .bss.Global_UART_Config
                0x0000000020000024        0x4 stm32_F103C6_drivers/stm32f103c6_USART_driver.o
                0x0000000020000024                Global_UART_Config
 *(COMMON)
 COMMON         0x0000000020000028        0x2 Src/main.o
                0x0000000020000028                ch
 *fill*         0x000000002000002a        0x2 
 COMMON         0x000000002000002c       0x3c stm32_F103C6_drivers/stm32f103c6_EXTI_driver.o
                0x000000002000002c                GP_IRQ_CallBack
                0x0000000020000068                . = ALIGN (0x4)
                0x0000000020000068                _ebss = .
                0x0000000020000068                __bss_end__ = _ebss

._user_heap_stack
                0x0000000020000068      0x600 load address 0x0000000008000e10
                0x0000000020000068                . = ALIGN (0x8)
                [!provide]                        PROVIDE (end = .)
                0x0000000020000068                PROVIDE (_end = .)
                0x0000000020000268                . = (. + _Min_Heap_Size)
 *fill*         0x0000000020000068      0x200 
                0x0000000020000668                . = (. + _Min_Stack_Size)
 *fill*         0x0000000020000268      0x400 
                0x0000000020000668                . = ALIGN (0x8)

/DISCARD/
 libc.a(*)
 libm.a(*)
 libgcc.a(*)

.ARM.attributes
                0x0000000000000000       0x29
 *(.ARM.attributes)
 .ARM.attributes
                0x0000000000000000       0x1d f:/st/stm32cubeide_1.4.0/stm32cubeide/plugins/com.st.stm32cube.ide.mcu.externaltools.gnu-tools-for-stm32.7-2018-q2-update.win32_1.4.0.202007081208/tools/bin/../lib/gcc/arm-none-eabi/7.3.1/thumb/v7-m/crti.o
 .ARM.attributes
                0x000000000000001d       0x2d f:/st/stm32cubeide_1.4.0/stm32cubeide/plugins/com.st.stm32cube.ide.mcu.externaltools.gnu-tools-for-stm32.7-2018-q2-update.win32_1.4.0.202007081208/tools/bin/../lib/gcc/arm-none-eabi/7.3.1/thumb/v7-m/crtbegin.o
 .ARM.attributes
                0x000000000000004a       0x33 Src/main.o
 .ARM.attributes
                0x000000000000007d       0x21 Startup/startup_stm32f103c6tx.o
 .ARM.attributes
                0x000000000000009e       0x33 stm32_F103C6_drivers/stm32_F103C6_gpio_driver.o
 .ARM.attributes
                0x00000000000000d1       0x33 stm32_F103C6_drivers/stm32f103c6_EXTI_driver.o
 .ARM.attributes
                0x0000000000000104       0x33 stm32_F103C6_drivers/stm32f103c6_RCC_driver.o
 .ARM.attributes
                0x0000000000000137       0x33 stm32_F103C6_drivers/stm32f103c6_SPI_driver.o
 .ARM.attributes
                0x000000000000016a       0x33 stm32_F103C6_drivers/stm32f103c6_USART_driver.o
 .ARM.attributes
                0x000000000000019d       0x2d f:/st/stm32cubeide_1.4.0/stm32cubeide/plugins/com.st.stm32cube.ide.mcu.externaltools.gnu-tools-for-stm32.7-2018-q2-update.win32_1.4.0.202007081208/tools/bin/../lib/gcc/arm-none-eabi/7.3.1/../../../../arm-none-eabi/lib/thumb/v7-m\libc_nano.a(lib_a-init.o)
 .ARM.attributes
                0x00000000000001ca       0x1d f:/st/stm32cubeide_1.4.0/stm32cubeide/plugins/com.st.stm32cube.ide.mcu.externaltools.gnu-tools-for-stm32.7-2018-q2-update.win32_1.4.0.202007081208/tools/bin/../lib/gcc/arm-none-eabi/7.3.1/thumb/v7-m/crtn.o
OUTPUT(Drivers.elf elf32-littlearm)

.debug_info     0x0000000000000000     0x51d1
 .debug_info    0x0000000000000000      0xdc9 Src/main.o
 .debug_info    0x0000000000000dc9       0x22 Startup/startup_stm32f103c6tx.o
 .debug_info    0x0000000000000deb      0xdf4 stm32_F103C6_drivers/stm32_F103C6_gpio_driver.o
 .debug_info    0x0000000000001bdf      0xdbd stm32_F103C6_drivers/stm32f103c6_EXTI_driver.o
 .debug_info    0x000000000000299c      0xb25 stm32_F103C6_drivers/stm32f103c6_RCC_driver.o
 .debug_info    0x00000000000034c1      0xefa stm32_F103C6_drivers/stm32f103c6_SPI_driver.o
 .debug_info    0x00000000000043bb      0xe16 stm32_F103C6_drivers/stm32f103c6_USART_driver.o

.debug_abbrev   0x0000000000000000      0xc99
 .debug_abbrev  0x0000000000000000      0x217 Src/main.o
 .debug_abbrev  0x0000000000000217       0x12 Startup/startup_stm32f103c6tx.o
 .debug_abbrev  0x0000000000000229      0x232 stm32_F103C6_drivers/stm32_F103C6_gpio_driver.o
 .debug_abbrev  0x000000000000045b      0x226 stm32_F103C6_drivers/stm32f103c6_EXTI_driver.o
 .debug_abbrev  0x0000000000000681      0x19b stm32_F103C6_drivers/stm32f103c6_RCC_driver.o
 .debug_abbrev  0x000000000000081c      0x269 stm32_F103C6_drivers/stm32f103c6_SPI_driver.o
 .debug_abbrev  0x0000000000000a85      0x214 stm32_F103C6_drivers/stm32f103c6_USART_driver.o

.debug_loc      0x0000000000000000      0xe30
 .debug_loc     0x0000000000000000      0x110 Src/main.o
 .debug_loc     0x0000000000000110      0x3e8 stm32_F103C6_drivers/stm32_F103C6_gpio_driver.o
 .debug_loc     0x00000000000004f8      0x320 stm32_F103C6_drivers/stm32f103c6_EXTI_driver.o
 .debug_loc     0x0000000000000818       0xc8 stm32_F103C6_drivers/stm32f103c6_RCC_driver.o
 .debug_loc     0x00000000000008e0      0x2bc stm32_F103C6_drivers/stm32f103c6_SPI_driver.o
 .debug_loc     0x0000000000000b9c      0x294 stm32_F103C6_drivers/stm32f103c6_USART_driver.o

.debug_aranges  0x0000000000000000      0x240
 .debug_aranges
                0x0000000000000000       0x38 Src/main.o
 .debug_aranges
                0x0000000000000038       0x28 Startup/startup_stm32f103c6tx.o
 .debug_aranges
                0x0000000000000060       0x70 stm32_F103C6_drivers/stm32_F103C6_gpio_driver.o
 .debug_aranges
                0x00000000000000d0       0x80 stm32_F103C6_drivers/stm32f103c6_EXTI_driver.o
 .debug_aranges
                0x0000000000000150       0x38 stm32_F103C6_drivers/stm32f103c6_RCC_driver.o
 .debug_aranges
                0x0000000000000188       0x58 stm32_F103C6_drivers/stm32f103c6_SPI_driver.o
 .debug_aranges
                0x00000000000001e0       0x60 stm32_F103C6_drivers/stm32f103c6_USART_driver.o

.debug_ranges   0x0000000000000000      0x1d8
 .debug_ranges  0x0000000000000000       0x28 Src/main.o
 .debug_ranges  0x0000000000000028       0x20 Startup/startup_stm32f103c6tx.o
 .debug_ranges  0x0000000000000048       0x60 stm32_F103C6_drivers/stm32_F103C6_gpio_driver.o
 .debug_ranges  0x00000000000000a8       0x70 stm32_F103C6_drivers/stm32f103c6_EXTI_driver.o
 .debug_ranges  0x0000000000000118       0x28 stm32_F103C6_drivers/stm32f103c6_RCC_driver.o
 .debug_ranges  0x0000000000000140       0x48 stm32_F103C6_drivers/stm32f103c6_SPI_driver.o
 .debug_ranges  0x0000000000000188       0x50 stm32_F103C6_drivers/stm32f103c6_USART_driver.o

.debug_macro    0x0000000000000000      0xf68
 .debug_macro   0x0000000000000000      0x1af Src/main.o
 .debug_macro   0x00000000000001af      0x229 Src/main.o
 .debug_macro   0x00000000000003d8       0x10 Src/main.o
 .debug_macro   0x00000000000003e8       0xe8 Src/main.o
 .debug_macro   0x00000000000004d0       0xd5 Src/main.o
 .debug_macro   0x00000000000005a5      0x13f stm32_F103C6_drivers/stm32_F103C6_gpio_driver.o
 .debug_macro   0x00000000000006e4      0x15c stm32_F103C6_drivers/stm32f103c6_EXTI_driver.o
 .debug_macro   0x0000000000000840      0x223 stm32_F103C6_drivers/stm32f103c6_EXTI_driver.o
 .debug_macro   0x0000000000000a63      0x152 stm32_F103C6_drivers/stm32f103c6_RCC_driver.o
 .debug_macro   0x0000000000000bb5      0x173 stm32_F103C6_drivers/stm32f103c6_SPI_driver.o
 .debug_macro   0x0000000000000d28       0x16 stm32_F103C6_drivers/stm32f103c6_SPI_driver.o
 .debug_macro   0x0000000000000d3e       0xcf stm32_F103C6_drivers/stm32f103c6_SPI_driver.o
 .debug_macro   0x0000000000000e0d      0x15b stm32_F103C6_drivers/stm32f103c6_USART_driver.o

.debug_line     0x0000000000000000     0x2d65
 .debug_line    0x0000000000000000      0x880 Src/main.o
 .debug_line    0x0000000000000880       0x84 Startup/startup_stm32f103c6tx.o
 .debug_line    0x0000000000000904      0x700 stm32_F103C6_drivers/stm32_F103C6_gpio_driver.o
 .debug_line    0x0000000000001004      0x810 stm32_F103C6_drivers/stm32f103c6_EXTI_driver.o
 .debug_line    0x0000000000001814      0x674 stm32_F103C6_drivers/stm32f103c6_RCC_driver.o
 .debug_line    0x0000000000001e88      0x77e stm32_F103C6_drivers/stm32f103c6_SPI_driver.o
 .debug_line    0x0000000000002606      0x75f stm32_F103C6_drivers/stm32f103c6_USART_driver.o

.debug_str      0x0000000000000000     0xa9f4
 .debug_str     0x0000000000000000     0xa216 Src/main.o
                                       0xa4a2 (size before relaxing)
 .debug_str     0x000000000000a216       0xa3 Startup/startup_stm32f103c6tx.o
 .debug_str     0x000000000000a2b9      0x19f stm32_F103C6_drivers/stm32_F103C6_gpio_driver.o
                                       0x833e (size before relaxing)
 .debug_str     0x000000000000a458      0x288 stm32_F103C6_drivers/stm32f103c6_EXTI_driver.o
                                       0x977a (size before relaxing)
 .debug_str     0x000000000000a6e0       0xa7 stm32_F103C6_drivers/stm32f103c6_RCC_driver.o
                                       0x8281 (size before relaxing)
 .debug_str     0x000000000000a787      0x16b stm32_F103C6_drivers/stm32f103c6_SPI_driver.o
                                       0x8950 (size before relaxing)
 .debug_str     0x000000000000a8f2      0x102 stm32_F103C6_drivers/stm32f103c6_USART_driver.o
                                       0x8a34 (size before relaxing)

.comment        0x0000000000000000       0x7b
 .comment       0x0000000000000000       0x7b Src/main.o
                                         0x7c (size before relaxing)
 .comment       0x000000000000007b       0x7c stm32_F103C6_drivers/stm32_F103C6_gpio_driver.o
 .comment       0x000000000000007b       0x7c stm32_F103C6_drivers/stm32f103c6_EXTI_driver.o
 .comment       0x000000000000007b       0x7c stm32_F103C6_drivers/stm32f103c6_RCC_driver.o
 .comment       0x000000000000007b       0x7c stm32_F103C6_drivers/stm32f103c6_SPI_driver.o
 .comment       0x000000000000007b       0x7c stm32_F103C6_drivers/stm32f103c6_USART_driver.o

.debug_frame    0x0000000000000000      0x74c
 .debug_frame   0x0000000000000000       0x94 Src/main.o
 .debug_frame   0x0000000000000094      0x1c8 stm32_F103C6_drivers/stm32_F103C6_gpio_driver.o
 .debug_frame   0x000000000000025c      0x1b0 stm32_F103C6_drivers/stm32f103c6_EXTI_driver.o
 .debug_frame   0x000000000000040c       0x84 stm32_F103C6_drivers/stm32f103c6_RCC_driver.o
 .debug_frame   0x0000000000000490      0x144 stm32_F103C6_drivers/stm32f103c6_SPI_driver.o
 .debug_frame   0x00000000000005d4      0x14c stm32_F103C6_drivers/stm32f103c6_USART_driver.o
 .debug_frame   0x0000000000000720       0x2c f:/st/stm32cubeide_1.4.0/stm32cubeide/plugins/com.st.stm32cube.ide.mcu.externaltools.gnu-tools-for-stm32.7-2018-q2-update.win32_1.4.0.202007081208/tools/bin/../lib/gcc/arm-none-eabi/7.3.1/../../../../arm-none-eabi/lib/thumb/v7-m\libc_nano.a(lib_a-init.o)
